it   1 c=2.116323e-01 vol=0.18481 mnd=0.603 drho=nan p=1.5 b=1.0 solve 3.23s (setup 0.83) it=23 outer=- res=1.75e-03 iter 3.47s
it   2 c=9.694463e-02 vol=0.20000 mnd=0.605 drho=2.073e-01 p=1.5 b=1.0 solve 2.26s (setup 0.05) it=21 outer=- res=1.98e-03 iter 2.55s
it   3 c=7.171533e-02 vol=0.20000 mnd=0.571 drho=2.158e-01 p=1.5 b=1.0 solve 2.19s (setup 0.05) it=21 outer=- res=7.80e-04 iter 2.48s
it   4 c=6.269606e-02 vol=0.20000 mnd=0.536 drho=2.141e-01 p=1.5 b=1.0 solve 2.20s (setup 0.05) it=21 outer=- res=2.83e-04 iter 2.49s
it   5 c=5.711000e-02 vol=0.20000 mnd=0.498 drho=2.092e-01 p=1.5 b=1.0 solve 2.10s (setup 0.05) it=20 outer=- res=2.82e-04 iter 2.39s
it   6 c=5.475269e-02 vol=0.20000 mnd=0.471 drho=2.056e-01 p=1.5 b=1.0 solve 1.98s (setup 0.31) it=16 outer=- res=1.10e-04 iter 2.27s
it   7 c=5.291656e-02 vol=0.20000 mnd=0.446 drho=1.803e-01 p=1.5 b=1.0 solve 1.81s (setup 0.05) it=17 outer=- res=7.86e-05 iter 2.10s
it   8 c=5.136869e-02 vol=0.20000 mnd=0.421 drho=1.713e-01 p=1.5 b=1.0 solve 1.82s (setup 0.05) it=17 outer=- res=6.82e-05 iter 2.10s
it   9 c=5.001001e-02 vol=0.20000 mnd=0.396 drho=1.659e-01 p=1.5 b=1.0 solve 1.81s (setup 0.05) it=17 outer=- res=6.23e-05 iter 2.10s
it  10 c=4.880207e-02 vol=0.20000 mnd=0.372 drho=1.627e-01 p=1.5 b=1.0 solve 1.81s (setup 0.05) it=17 outer=- res=5.60e-05 iter 2.10s
it  11 c=4.773048e-02 vol=0.20000 mnd=0.347 drho=1.544e-01 p=1.5 b=1.0 solve 2.08s (setup 0.41) it=16 outer=- res=5.09e-05 iter 2.42s
it  12 c=4.677263e-02 vol=0.20000 mnd=0.324 drho=1.247e-01 p=1.5 b=1.0 solve 1.72s (setup 0.05) it=16 outer=- res=4.70e-05 iter 2.00s
it  13 c=4.592166e-02 vol=0.20000 mnd=0.301 drho=1.249e-01 p=1.5 b=1.0 solve 1.62s (setup 0.05) it=15 outer=- res=4.25e-05 iter 1.90s
it  14 c=4.517520e-02 vol=0.20000 mnd=0.280 drho=1.549e-01 p=1.5 b=1.0 solve 1.82s (setup 0.05) it=17 outer=- res=3.72e-05 iter 2.10s
it  15 c=4.455412e-02 vol=0.20000 mnd=0.263 drho=1.822e-01 p=1.5 b=1.0 solve 1.81s (setup 0.05) it=17 outer=- res=3.13e-05 iter 2.10s
Traceback (most recent call last):
  File "<project>\experiments\run_simp.py", line 59, in main
    <source line redacted>
        ^^^^^^^
  File "<project>\code\src\voxfem\simp.py", line 363, in run
    <source line redacted>
         ^^^^^^^^^^^^
  File "<project>\code\src\voxfem\simp.py", line 269, in solve
    <source line redacted>
         ^^^^^^^^^^^^^^^^^^^^^^^^^^^^^^^^^^^^^^^^^^^^^^^^^^^^^^^^^^^^^^^^^^^^^^^^^^^^^^^^^^^
  File "<project>\code\src\voxfem\krylov.py", line 304, in pcg32_recursive
    <source line redacted>
voxfem.krylov.SolveFailed: pcg32_recursive: curvature -0.010441150516271591

simp_bridge_k320_mg32_rec_stencil: status=failed: SolveFailed('pcg32_recursive: curvature -0.010441150516271591') valid=False c=None it=None wall=41.4s
