it   1 c=4.670612e-01 vol=0.28644 mnd=0.818 drho=nan p=1.5 b=1.0 solve 2.42s (setup 0.84) it=8 outer=- res=6.39e-06 iter 2.76s
it   2 c=2.856276e-01 vol=0.30000 mnd=0.772 drho=2.136e-01 p=1.5 b=1.0 solve 1.81s (setup 0.02) it=9 outer=- res=2.59e-06 iter 2.11s
it   3 c=2.340584e-01 vol=0.30000 mnd=0.715 drho=2.137e-01 p=1.5 b=1.0 solve 1.56s (setup 0.02) it=8 outer=- res=9.43e-06 iter 1.85s
it   4 c=2.082737e-01 vol=0.30000 mnd=0.646 drho=2.159e-01 p=1.5 b=1.0 solve 1.75s (setup 0.03) it=9 outer=- res=4.08e-06 iter 2.04s
it   5 c=1.963874e-01 vol=0.30000 mnd=0.594 drho=2.159e-01 p=1.5 b=1.0 solve 1.74s (setup 0.02) it=9 outer=- res=2.89e-06 iter 2.03s
it   6 c=1.917547e-01 vol=0.30000 mnd=0.569 drho=2.159e-01 p=1.5 b=1.0 solve 1.83s (setup 0.29) it=8 outer=- res=6.56e-06 iter 2.12s
it   7 c=1.882965e-01 vol=0.30000 mnd=0.544 drho=2.159e-01 p=1.5 b=1.0 solve 1.58s (setup 0.03) it=8 outer=- res=5.38e-06 iter 1.87s
it   8 c=1.853461e-01 vol=0.30000 mnd=0.521 drho=2.159e-01 p=1.5 b=1.0 solve 1.56s (setup 0.02) it=8 outer=- res=4.73e-06 iter 1.85s
it   9 c=1.826567e-01 vol=0.30000 mnd=0.499 drho=2.153e-01 p=1.5 b=1.0 solve 1.57s (setup 0.03) it=8 outer=- res=5.16e-06 iter 1.86s
it  10 c=1.801144e-01 vol=0.30000 mnd=0.477 drho=2.103e-01 p=1.5 b=1.0 solve 1.57s (setup 0.03) it=8 outer=- res=6.85e-06 iter 1.86s
it  11 c=1.776582e-01 vol=0.30000 mnd=0.456 drho=1.783e-01 p=1.5 b=1.0 solve 2.15s (setup 0.43) it=9 outer=- res=4.22e-06 iter 2.49s
it  12 c=1.752489e-01 vol=0.30000 mnd=0.435 drho=1.741e-01 p=1.5 b=1.0 solve 1.75s (setup 0.03) it=9 outer=- res=7.50e-06 iter 2.04s
it  13 c=1.728731e-01 vol=0.30000 mnd=0.413 drho=1.784e-01 p=1.5 b=1.0 solve 1.92s (setup 0.02) it=10 outer=- res=5.47e-06 iter 2.21s
it  14 c=1.705381e-01 vol=0.30000 mnd=0.390 drho=1.841e-01 p=1.5 b=1.0 solve 1.93s (setup 0.03) it=10 outer=- res=6.73e-06 iter 2.22s
it  15 c=1.682673e-01 vol=0.30000 mnd=0.368 drho=1.952e-01 p=1.5 b=1.0 solve 2.09s (setup 0.02) it=11 outer=- res=6.48e-06 iter 2.38s
it  16 c=3.460661e-01 vol=0.27253 mnd=0.248 drho=3.230e-01 p=3.5 b=4.0 solve 4.30s (setup 0.29) it=22 outer=- res=8.00e-06 iter 4.56s
it  17 c=1.887614e-01 vol=0.30000 mnd=0.179 drho=3.024e-01 p=3.5 b=4.0 solve 4.04s (setup 0.03) it=22 outer=- res=9.76e-06 iter 4.30s
it  18 c=1.671934e-01 vol=0.30000 mnd=0.103 drho=3.024e-01 p=3.5 b=4.0 solve 3.32s (setup 0.02) it=18 outer=- res=8.34e-06 iter 3.58s
it  19 c=1.561695e-01 vol=0.30000 mnd=0.049 drho=3.023e-01 p=3.5 b=4.0 solve 2.81s (setup 0.03) it=15 outer=- res=9.60e-06 iter 3.06s
it  20 c=1.515915e-01 vol=0.30000 mnd=0.020 drho=2.999e-01 p=3.5 b=4.0 solve 2.79s (setup 0.02) it=15 outer=- res=6.12e-06 iter 3.05s
it  21 c=1.499895e-01 vol=0.30000 mnd=0.009 drho=2.808e-01 p=3.5 b=4.0 solve 3.03s (setup 0.43) it=14 outer=- res=6.78e-06 iter 3.31s
it  22 c=1.493996e-01 vol=0.30000 mnd=0.006 drho=2.669e-01 p=3.5 b=4.0 solve 2.28s (setup 0.03) it=12 outer=- res=6.44e-06 iter 2.54s
it  23 c=1.491496e-01 vol=0.30000 mnd=0.005 drho=2.736e-01 p=3.5 b=4.0 solve 2.09s (setup 0.02) it=11 outer=- res=8.05e-06 iter 2.35s
it  24 c=1.490073e-01 vol=0.30000 mnd=0.004 drho=2.611e-01 p=3.5 b=4.0 solve 1.92s (setup 0.03) it=10 outer=- res=9.46e-06 iter 2.18s
it  25 c=1.489205e-01 vol=0.30000 mnd=0.004 drho=2.474e-01 p=3.5 b=4.0 solve 1.92s (setup 0.03) it=10 outer=- res=9.24e-06 iter 2.18s
it  26 c=1.488620e-01 vol=0.30000 mnd=0.004 drho=2.380e-01 p=3.5 b=4.0 solve 2.18s (setup 0.29) it=10 outer=- res=8.17e-06 iter 2.44s
it  27 c=1.488186e-01 vol=0.30000 mnd=0.004 drho=2.363e-01 p=3.5 b=4.0 solve 1.75s (setup 0.03) it=9 outer=- res=9.88e-06 iter 2.01s
it  28 c=1.487847e-01 vol=0.30000 mnd=0.003 drho=2.345e-01 p=3.5 b=4.0 solve 1.74s (setup 0.02) it=9 outer=- res=7.73e-06 iter 2.00s
it  29 c=1.487565e-01 vol=0.30000 mnd=0.003 drho=2.368e-01 p=3.5 b=4.0 solve 1.75s (setup 0.03) it=9 outer=- res=6.48e-06 iter 2.01s
it  30 c=1.487325e-01 vol=0.30000 mnd=0.003 drho=2.351e-01 p=3.5 b=4.0 solve 1.74s (setup 0.02) it=9 outer=- res=6.13e-06 iter 2.00s
it  31 c=1.487114e-01 vol=0.30000 mnd=0.003 drho=2.342e-01 p=3.5 b=4.0 solve 2.18s (setup 0.46) it=9 outer=- res=5.98e-06 iter 2.47s
it  32 c=1.486928e-01 vol=0.30000 mnd=0.003 drho=2.294e-01 p=3.5 b=4.0 solve 1.75s (setup 0.03) it=9 outer=- res=5.65e-06 iter 2.00s
it  33 c=1.486761e-01 vol=0.30000 mnd=0.003 drho=2.265e-01 p=3.5 b=4.0 solve 1.56s (setup 0.02) it=8 outer=- res=9.40e-06 iter 1.82s
it  34 c=1.486609e-01 vol=0.30000 mnd=0.003 drho=2.212e-01 p=3.5 b=4.0 solve 1.57s (setup 0.03) it=8 outer=- res=8.73e-06 iter 1.83s
it  35 c=1.486468e-01 vol=0.30000 mnd=0.003 drho=2.077e-01 p=3.5 b=4.0 solve 1.57s (setup 0.02) it=8 outer=- res=8.61e-06 iter 1.82s
it  36 c=1.486336e-01 vol=0.30000 mnd=0.003 drho=1.994e-01 p=3.5 b=4.0 solve 1.83s (setup 0.29) it=8 outer=- res=7.94e-06 iter 2.09s
it  37 c=1.486212e-01 vol=0.30000 mnd=0.003 drho=2.042e-01 p=3.5 b=4.0 solve 1.57s (setup 0.03) it=8 outer=- res=7.65e-06 iter 1.83s
it  38 c=1.486091e-01 vol=0.30000 mnd=0.003 drho=1.955e-01 p=3.5 b=4.0 solve 1.56s (setup 0.02) it=8 outer=- res=8.22e-06 iter 1.82s
it  39 c=1.485976e-01 vol=0.30000 mnd=0.003 drho=1.945e-01 p=3.5 b=4.0 solve 1.57s (setup 0.03) it=8 outer=- res=7.89e-06 iter 1.83s
it  40 c=1.485867e-01 vol=0.30000 mnd=0.003 drho=2.002e-01 p=3.5 b=4.0 solve 1.57s (setup 0.02) it=8 outer=- res=7.45e-06 iter 1.83s
it  41 c=1.481061e-01 vol=0.29996 mnd=0.000 drho=4.596e-01 p=4.5 b=16.0 solve 2.65s (setup 0.41) it=12 outer=- res=9.01e-06 iter 2.96s
it  42 c=1.480905e-01 vol=0.30000 mnd=0.000 drho=4.657e-01 p=4.5 b=16.0 solve 1.75s (setup 0.03) it=9 outer=- res=8.74e-06 iter 2.03s
it  43 c=1.480779e-01 vol=0.30000 mnd=0.000 drho=4.076e-01 p=4.5 b=16.0 solve 1.74s (setup 0.02) it=9 outer=- res=7.03e-06 iter 2.00s
it  44 c=1.480718e-01 vol=0.30000 mnd=0.000 drho=4.605e-01 p=4.5 b=16.0 solve 1.58s (setup 0.03) it=8 outer=- res=5.07e-06 iter 1.84s
it  45 c=1.480694e-01 vol=0.30000 mnd=0.000 drho=5.117e-01 p=4.5 b=16.0 solve 1.39s (setup 0.02) it=7 outer=- res=6.31e-06 iter 1.64s
it  46 c=1.480683e-01 vol=0.30000 mnd=0.000 drho=4.401e-01 p=4.5 b=16.0 solve 1.66s (setup 0.29) it=7 outer=- res=5.38e-06 iter 1.91s
it  47 c=1.480679e-01 vol=0.30000 mnd=0.000 drho=4.506e-01 p=4.5 b=16.0 solve 1.05s (setup 0.03) it=5 outer=- res=6.50e-06 iter 1.31s
it  48 c=1.480677e-01 vol=0.30000 mnd=0.000 drho=3.435e-01 p=4.5 b=16.0 solve 1.04s (setup 0.02) it=5 outer=- res=3.53e-06 iter 1.30s
it  49 c=1.480676e-01 vol=0.30000 mnd=0.000 drho=2.857e-01 p=4.5 b=16.0 solve 0.87s (setup 0.03) it=4 outer=- res=5.24e-06 iter 1.13s
it  50 c=1.480676e-01 vol=0.30000 mnd=0.000 drho=4.553e-01 p=4.5 b=16.0 solve 0.86s (setup 0.02) it=4 outer=- res=3.27e-06 iter 1.12s
it  51 c=1.480676e-01 vol=0.30000 mnd=0.000 drho=4.342e-01 p=4.5 b=16.0 solve 1.12s (setup 0.46) it=3 outer=- res=9.63e-06 iter 1.40s
it  52 c=1.480675e-01 vol=0.30000 mnd=0.000 drho=2.035e-01 p=4.5 b=16.0 solve 0.70s (setup 0.03) it=3 outer=- res=8.41e-06 iter 0.95s
it  53 c=1.480675e-01 vol=0.30000 mnd=0.000 drho=4.585e-02 p=4.5 b=16.0 solve 0.69s (setup 0.02) it=3 outer=- res=5.52e-06 iter 0.95s
it  54 c=1.480675e-01 vol=0.30000 mnd=0.000 drho=3.357e-02 p=4.5 b=16.0 solve 0.69s (setup 0.03) it=3 outer=- res=3.31e-06 iter 0.95s
it  55 c=1.480675e-01 vol=0.30000 mnd=0.000 drho=3.358e-02 p=4.5 b=16.0 solve 0.69s (setup 0.02) it=3 outer=- res=2.70e-06 iter 0.95s
it  56 c=1.480675e-01 vol=0.30000 mnd=0.000 drho=3.357e-02 p=4.5 b=16.0 solve 0.95s (setup 0.28) it=3 outer=- res=2.61e-06 iter 1.21s
it  57 c=1.480675e-01 vol=0.30000 mnd=0.000 drho=3.358e-02 p=4.5 b=16.0 solve 0.69s (setup 0.03) it=3 outer=- res=2.64e-06 iter 0.95s
it  58 c=1.480675e-01 vol=0.30000 mnd=0.000 drho=3.357e-02 p=4.5 b=16.0 solve 0.68s (setup 0.02) it=3 outer=- res=2.56e-06 iter 0.94s
it  59 c=1.480675e-01 vol=0.30000 mnd=0.000 drho=3.358e-02 p=4.5 b=16.0 solve 0.70s (setup 0.03) it=3 outer=- res=2.69e-06 iter 0.95s
it  60 c=1.480675e-01 vol=0.30000 mnd=0.000 drho=3.357e-02 p=4.5 b=16.0 solve 0.69s (setup 0.02) it=3 outer=- res=3.06e-06 iter 0.95s
it  61 c=1.480675e-01 vol=0.30000 mnd=0.000 drho=4.121e-02 p=4.5 b=16.0 solve 1.14s (setup 0.47) it=3 outer=- res=4.42e-06 iter 1.43s
it  62 c=1.480675e-01 vol=0.30000 mnd=0.000 drho=6.900e-02 p=4.5 b=16.0 solve 0.69s (setup 0.03) it=3 outer=- res=5.39e-06 iter 0.95s
it  63 c=1.480675e-01 vol=0.30000 mnd=0.000 drho=2.081e-01 p=4.5 b=16.0 solve 0.86s (setup 0.02) it=4 outer=- res=2.29e-06 iter 1.12s
it  64 c=1.480675e-01 vol=0.30000 mnd=0.000 drho=4.464e-01 p=4.5 b=16.0 solve 0.87s (setup 0.03) it=4 outer=- res=2.20e-06 iter 1.13s
it  65 c=1.480675e-01 vol=0.30000 mnd=0.000 drho=1.635e-01 p=4.5 b=16.0 solve 0.68s (setup 0.02) it=3 outer=- res=3.09e-06 iter 0.94s
it  66 c=1.480667e-01 vol=0.30000 mnd=0.000 drho=6.203e-02 p=4.5 b=32.0 solve 1.13s (setup 0.29) it=4 outer=- res=2.36e-06 iter 1.62s
it  67 c=1.480667e-01 vol=0.30000 mnd=0.000 drho=4.113e-03 p=4.5 b=32.0 solve 0.34s (setup 0.03) it=1 outer=- res=3.62e-06 iter 0.83s
it  68 c=1.480667e-01 vol=0.30000 mnd=0.000 drho=9.128e-02 p=4.5 b=32.0 solve 0.09s (setup 0.02) it=0 outer=- res=3.47e-06 iter 0.58s
it  69 c=1.480667e-01 vol=0.30000 mnd=0.000 drho=6.260e-01 p=4.5 b=32.0 solve 0.70s (setup 0.03) it=3 outer=- res=9.39e-06 iter 1.19s
it  70 c=1.480667e-01 vol=0.30000 mnd=0.000 drho=5.338e-01 p=4.5 b=32.0 solve 0.86s (setup 0.02) it=4 outer=- res=4.49e-06 iter 1.35s
it  71 c=1.480666e-01 vol=0.30001 mnd=0.000 drho=5.235e-01 p=4.5 b=32.0 solve 1.48s (setup 0.46) it=5 outer=- res=3.34e-06 iter 1.99s
it  72 c=1.480664e-01 vol=0.30000 mnd=0.000 drho=5.016e-01 p=4.5 b=32.0 solve 1.22s (setup 0.03) it=6 outer=- res=3.88e-06 iter 1.49s
it  73 c=1.480663e-01 vol=0.30000 mnd=0.000 drho=3.655e-01 p=4.5 b=32.0 solve 1.04s (setup 0.02) it=5 outer=- res=4.25e-06 iter 1.30s
it  74 c=1.480663e-01 vol=0.30000 mnd=0.000 drho=3.821e-01 p=4.5 b=32.0 solve 0.87s (setup 0.03) it=4 outer=- res=8.55e-06 iter 1.14s
it  75 c=1.480662e-01 vol=0.30000 mnd=0.000 drho=6.107e-02 p=4.5 b=32.0 solve 0.68s (setup 0.02) it=3 outer=- res=6.81e-06 iter 0.94s
it  76 c=1.480662e-01 vol=0.30000 mnd=0.000 drho=2.559e-02 p=4.5 b=32.0 solve 0.78s (setup 0.29) it=2 outer=- res=5.38e-06 iter 1.04s
it  77 c=1.480662e-01 vol=0.30000 mnd=0.000 drho=3.872e-02 p=4.5 b=32.0 solve 0.52s (setup 0.03) it=2 outer=- res=5.27e-06 iter 0.78s
it  78 c=1.480662e-01 vol=0.30000 mnd=0.000 drho=2.886e-02 p=4.5 b=32.0 solve 0.51s (setup 0.02) it=2 outer=- res=3.75e-06 iter 0.77s
it  79 c=1.480662e-01 vol=0.30000 mnd=0.000 drho=2.970e-02 p=4.5 b=32.0 solve 0.52s (setup 0.03) it=2 outer=- res=3.93e-06 iter 0.78s
it  80 c=1.480662e-01 vol=0.30000 mnd=0.000 drho=2.649e-02 p=4.5 b=32.0 solve 0.51s (setup 0.02) it=2 outer=- res=3.43e-06 iter 0.77s
it  81 c=1.480662e-01 vol=0.30000 mnd=0.000 drho=2.644e-02 p=4.5 b=32.0 solve 0.87s (setup 0.39) it=2 outer=- res=3.49e-06 iter 1.16s
it  82 c=1.480662e-01 vol=0.30000 mnd=0.000 drho=2.505e-02 p=4.5 b=32.0 solve 0.52s (setup 0.03) it=2 outer=- res=3.27e-06 iter 0.77s
it  83 c=1.480662e-01 vol=0.30000 mnd=0.000 drho=2.498e-02 p=4.5 b=32.0 solve 0.51s (setup 0.02) it=2 outer=- res=3.29e-06 iter 0.77s
it  84 c=1.480662e-01 vol=0.30000 mnd=0.000 drho=2.416e-02 p=4.5 b=32.0 solve 0.52s (setup 0.03) it=2 outer=- res=3.15e-06 iter 0.78s
it  85 c=1.480662e-01 vol=0.30000 mnd=0.000 drho=2.394e-02 p=4.5 b=32.0 solve 0.51s (setup 0.03) it=2 outer=- res=3.16e-06 iter 0.77s
it  86 c=1.480662e-01 vol=0.30000 mnd=0.000 drho=2.357e-02 p=4.5 b=32.0 solve 0.77s (setup 0.28) it=2 outer=- res=3.06e-06 iter 1.03s
it  87 c=1.480662e-01 vol=0.30000 mnd=0.000 drho=2.328e-02 p=4.5 b=32.0 solve 0.52s (setup 0.03) it=2 outer=- res=3.08e-06 iter 0.78s
it  88 c=1.480662e-01 vol=0.30000 mnd=0.000 drho=2.319e-02 p=4.5 b=32.0 solve 0.51s (setup 0.02) it=2 outer=- res=3.01e-06 iter 0.77s
it  89 c=1.480662e-01 vol=0.30000 mnd=0.000 drho=2.290e-02 p=4.5 b=32.0 solve 0.52s (setup 0.03) it=2 outer=- res=3.02e-06 iter 0.78s
it  90 c=1.480662e-01 vol=0.30000 mnd=0.000 drho=2.280e-02 p=4.5 b=32.0 solve 0.51s (setup 0.02) it=2 outer=- res=2.96e-06 iter 0.77s
it  91 c=1.480662e-01 vol=0.30000 mnd=0.000 drho=2.270e-02 p=4.5 b=32.0 solve 0.95s (setup 0.46) it=2 outer=- res=2.97e-06 iter 1.23s
it  92 c=1.480662e-01 vol=0.30000 mnd=0.000 drho=2.221e-02 p=4.5 b=32.0 solve 0.52s (setup 0.03) it=2 outer=- res=2.93e-06 iter 0.78s
it  93 c=1.480662e-01 vol=0.30000 mnd=0.000 drho=2.218e-02 p=4.5 b=32.0 solve 0.51s (setup 0.02) it=2 outer=- res=2.94e-06 iter 0.77s
it  94 c=1.480662e-01 vol=0.30000 mnd=0.000 drho=2.206e-02 p=4.5 b=32.0 solve 0.52s (setup 0.03) it=2 outer=- res=2.90e-06 iter 0.78s
it  95 c=1.480662e-01 vol=0.30000 mnd=0.000 drho=2.217e-02 p=4.5 b=32.0 solve 0.51s (setup 0.02) it=2 outer=- res=2.91e-06 iter 0.77s
it  96 c=1.480662e-01 vol=0.30000 mnd=0.000 drho=2.196e-02 p=4.5 b=32.0 solve 0.78s (setup 0.29) it=2 outer=- res=2.88e-06 iter 1.04s
it  97 c=1.480662e-01 vol=0.30000 mnd=0.000 drho=2.209e-02 p=4.5 b=32.0 solve 0.52s (setup 0.03) it=2 outer=- res=2.89e-06 iter 0.78s
it  98 c=1.480662e-01 vol=0.30000 mnd=0.000 drho=2.187e-02 p=4.5 b=32.0 solve 0.51s (setup 0.02) it=2 outer=- res=2.86e-06 iter 0.76s
it  99 c=1.480662e-01 vol=0.30000 mnd=0.000 drho=2.199e-02 p=4.5 b=32.0 solve 0.52s (setup 0.03) it=2 outer=- res=2.87e-06 iter 0.78s
it 100 c=1.480662e-01 vol=0.30000 mnd=0.000 drho=2.180e-02 p=4.5 b=32.0 solve 0.51s (setup 0.03) it=2 outer=- res=2.84e-06 iter 0.77s
it 101 c=1.480662e-01 vol=0.30000 mnd=0.000 drho=2.195e-02 p=4.5 b=32.0 solve 0.96s (setup 0.47) it=2 outer=- res=2.86e-06 iter 1.24s
it 102 c=1.480662e-01 vol=0.30000 mnd=0.000 drho=2.177e-02 p=4.5 b=32.0 solve 0.52s (setup 0.03) it=2 outer=- res=2.83e-06 iter 0.77s
it 103 c=1.480662e-01 vol=0.30000 mnd=0.000 drho=2.191e-02 p=4.5 b=32.0 solve 0.51s (setup 0.02) it=2 outer=- res=2.84e-06 iter 0.77s
it 104 c=1.480662e-01 vol=0.30000 mnd=0.000 drho=2.175e-02 p=4.5 b=32.0 solve 0.52s (setup 0.03) it=2 outer=- res=2.82e-06 iter 0.78s
it 105 c=1.480662e-01 vol=0.30000 mnd=0.000 drho=2.187e-02 p=4.5 b=32.0 solve 0.51s (setup 0.02) it=2 outer=- res=2.83e-06 iter 0.77s
it 106 c=1.480662e-01 vol=0.30000 mnd=0.000 drho=2.175e-02 p=4.5 b=32.0 solve 0.77s (setup 0.28) it=2 outer=- res=2.81e-06 iter 1.03s
it 107 c=1.480662e-01 vol=0.30000 mnd=0.000 drho=2.184e-02 p=4.5 b=32.0 solve 0.52s (setup 0.03) it=2 outer=- res=2.82e-06 iter 0.78s
it 108 c=1.480662e-01 vol=0.30000 mnd=0.000 drho=2.177e-02 p=4.5 b=32.0 solve 0.51s (setup 0.02) it=2 outer=- res=2.81e-06 iter 0.77s
it 109 c=1.480662e-01 vol=0.30000 mnd=0.000 drho=2.179e-02 p=4.5 b=32.0 solve 0.52s (setup 0.03) it=2 outer=- res=2.82e-06 iter 0.78s
it 110 c=1.480662e-01 vol=0.30000 mnd=0.000 drho=2.181e-02 p=4.5 b=32.0 solve 0.51s (setup 0.02) it=2 outer=- res=2.80e-06 iter 0.76s
it 111 c=1.480662e-01 vol=0.30000 mnd=0.000 drho=2.175e-02 p=4.5 b=32.0 solve 0.89s (setup 0.40) it=2 outer=- res=2.81e-06 iter 1.17s
it 112 c=1.480662e-01 vol=0.30000 mnd=0.000 drho=2.186e-02 p=4.5 b=32.0 solve 0.52s (setup 0.03) it=2 outer=- res=2.79e-06 iter 0.77s
it 113 c=1.480662e-01 vol=0.30000 mnd=0.000 drho=2.171e-02 p=4.5 b=32.0 solve 0.51s (setup 0.02) it=2 outer=- res=2.81e-06 iter 0.77s
it 114 c=1.480662e-01 vol=0.30000 mnd=0.000 drho=2.148e-02 p=4.5 b=32.0 solve 0.52s (setup 0.03) it=2 outer=- res=2.79e-06 iter 0.77s
it 115 c=1.480662e-01 vol=0.30000 mnd=0.000 drho=2.166e-02 p=4.5 b=32.0 solve 0.51s (setup 0.02) it=2 outer=- res=2.80e-06 iter 0.77s
it 116 c=1.480662e-01 vol=0.30000 mnd=0.000 drho=2.152e-02 p=4.5 b=32.0 solve 0.77s (setup 0.28) it=2 outer=- res=2.79e-06 iter 1.03s
it 117 c=1.480662e-01 vol=0.30000 mnd=0.000 drho=2.160e-02 p=4.5 b=32.0 solve 0.52s (setup 0.03) it=2 outer=- res=2.80e-06 iter 0.77s
it 118 c=1.480662e-01 vol=0.30000 mnd=0.000 drho=2.163e-02 p=4.5 b=32.0 solve 0.51s (setup 0.02) it=2 outer=- res=2.78e-06 iter 0.77s
it 119 c=1.480662e-01 vol=0.30000 mnd=0.000 drho=2.153e-02 p=4.5 b=32.0 solve 0.52s (setup 0.03) it=2 outer=- res=2.79e-06 iter 0.78s
it 120 c=1.480662e-01 vol=0.30000 mnd=0.000 drho=2.175e-02 p=4.5 b=32.0 solve 0.51s (setup 0.02) it=2 outer=- res=2.78e-06 iter 0.77s
it 121 c=1.480662e-01 vol=0.30000 mnd=0.000 drho=2.195e-02 p=4.5 b=32.0 solve 0.95s (setup 0.46) it=2 outer=- res=2.79e-06 iter 1.23s
it 122 c=1.480662e-01 vol=0.30000 mnd=0.000 drho=2.189e-02 p=4.5 b=32.0 solve 0.52s (setup 0.03) it=2 outer=- res=2.78e-06 iter 0.78s
it 123 c=1.480662e-01 vol=0.30000 mnd=0.000 drho=2.187e-02 p=4.5 b=32.0 solve 0.51s (setup 0.02) it=2 outer=- res=2.79e-06 iter 0.76s
it 124 c=1.480662e-01 vol=0.30000 mnd=0.000 drho=2.206e-02 p=4.5 b=32.0 solve 0.52s (setup 0.03) it=2 outer=- res=2.78e-06 iter 0.77s
it 125 c=1.480662e-01 vol=0.30000 mnd=0.000 drho=2.178e-02 p=4.5 b=32.0 solve 0.50s (setup 0.02) it=2 outer=- res=2.79e-06 iter 0.76s
it 126 c=1.480662e-01 vol=0.30000 mnd=0.000 drho=2.224e-02 p=4.5 b=32.0 solve 0.78s (setup 0.29) it=2 outer=- res=2.77e-06 iter 1.03s
it 127 c=1.480662e-01 vol=0.30000 mnd=0.000 drho=2.216e-02 p=4.5 b=32.0 solve 0.52s (setup 0.03) it=2 outer=- res=2.78e-06 iter 0.78s
it 128 c=1.480662e-01 vol=0.30000 mnd=0.000 drho=2.197e-02 p=4.5 b=32.0 solve 0.51s (setup 0.02) it=2 outer=- res=2.77e-06 iter 0.77s
it 129 c=1.480662e-01 vol=0.30000 mnd=0.000 drho=2.205e-02 p=4.5 b=32.0 solve 0.52s (setup 0.03) it=2 outer=- res=2.78e-06 iter 0.77s
it 130 c=1.480662e-01 vol=0.30000 mnd=0.000 drho=2.222e-02 p=4.5 b=32.0 solve 0.51s (setup 0.02) it=2 outer=- res=2.77e-06 iter 0.77s
it 131 c=1.480662e-01 vol=0.30000 mnd=0.000 drho=2.192e-02 p=4.5 b=32.0 solve 0.97s (setup 0.47) it=2 outer=- res=2.78e-06 iter 1.25s
it 132 c=1.480662e-01 vol=0.30000 mnd=0.000 drho=2.250e-02 p=4.5 b=32.0 solve 0.52s (setup 0.03) it=2 outer=- res=2.77e-06 iter 0.78s
it 133 c=1.480662e-01 vol=0.30000 mnd=0.000 drho=2.225e-02 p=4.5 b=32.0 solve 0.51s (setup 0.02) it=2 outer=- res=2.78e-06 iter 0.76s
it 134 c=1.480662e-01 vol=0.30000 mnd=0.000 drho=2.283e-02 p=4.5 b=32.0 solve 0.52s (setup 0.03) it=2 outer=- res=2.77e-06 iter 0.78s
it 135 c=1.480662e-01 vol=0.30000 mnd=0.000 drho=2.258e-02 p=4.5 b=32.0 solve 0.51s (setup 0.02) it=2 outer=- res=2.78e-06 iter 0.77s
it 136 c=1.480662e-01 vol=0.30000 mnd=0.000 drho=2.272e-02 p=4.5 b=32.0 solve 0.78s (setup 0.29) it=2 outer=- res=2.77e-06 iter 1.03s
it 137 c=1.480662e-01 vol=0.30000 mnd=0.000 drho=2.287e-02 p=4.5 b=32.0 solve 0.52s (setup 0.03) it=2 outer=- res=2.78e-06 iter 0.78s
it 138 c=1.480662e-01 vol=0.30000 mnd=0.000 drho=2.316e-02 p=4.5 b=32.0 solve 0.51s (setup 0.02) it=2 outer=- res=2.77e-06 iter 0.77s
it 139 c=1.480662e-01 vol=0.30000 mnd=0.000 drho=2.265e-02 p=4.5 b=32.0 solve 0.52s (setup 0.03) it=2 outer=- res=2.78e-06 iter 0.78s
it 140 c=1.480662e-01 vol=0.30000 mnd=0.000 drho=2.317e-02 p=4.5 b=32.0 solve 0.51s (setup 0.02) it=2 outer=- res=2.77e-06 iter 0.76s
it 141 c=1.480662e-01 vol=0.30000 mnd=0.000 drho=2.289e-02 p=4.5 b=32.0 solve 0.87s (setup 0.38) it=2 outer=- res=2.78e-06 iter 1.15s
it 142 c=1.480662e-01 vol=0.30000 mnd=0.000 drho=2.374e-02 p=4.5 b=32.0 solve 0.52s (setup 0.03) it=2 outer=- res=2.77e-06 iter 0.78s
it 143 c=1.480662e-01 vol=0.30000 mnd=0.000 drho=2.358e-02 p=4.5 b=32.0 solve 0.51s (setup 0.02) it=2 outer=- res=2.78e-06 iter 0.77s
it 144 c=1.480662e-01 vol=0.30000 mnd=0.000 drho=2.390e-02 p=4.5 b=32.0 solve 0.52s (setup 0.03) it=2 outer=- res=2.78e-06 iter 0.77s
it 145 c=1.480662e-01 vol=0.30000 mnd=0.000 drho=2.374e-02 p=4.5 b=32.0 solve 0.51s (setup 0.02) it=2 outer=- res=2.79e-06 iter 0.77s
it 146 c=1.480662e-01 vol=0.30000 mnd=0.000 drho=2.467e-02 p=4.5 b=32.0 solve 0.77s (setup 0.28) it=2 outer=- res=2.78e-06 iter 1.03s
it 147 c=1.480662e-01 vol=0.30000 mnd=0.000 drho=2.434e-02 p=4.5 b=32.0 solve 0.52s (setup 0.03) it=2 outer=- res=2.79e-06 iter 0.78s
it 148 c=1.480662e-01 vol=0.30000 mnd=0.000 drho=2.507e-02 p=4.5 b=32.0 solve 0.51s (setup 0.02) it=2 outer=- res=2.79e-06 iter 0.76s
it 149 c=1.480662e-01 vol=0.30000 mnd=0.000 drho=2.438e-02 p=4.5 b=32.0 solve 0.52s (setup 0.03) it=2 outer=- res=2.80e-06 iter 0.78s
it 150 c=1.480662e-01 vol=0.30000 mnd=0.000 drho=2.561e-02 p=4.5 b=32.0 solve 0.51s (setup 0.02) it=2 outer=- res=2.80e-06 iter 0.76s
it 151 c=1.480662e-01 vol=0.30000 mnd=0.000 drho=2.484e-02 p=4.5 b=32.0 solve 0.94s (setup 0.46) it=2 outer=- res=2.80e-06 iter 1.23s
it 152 c=1.480662e-01 vol=0.30000 mnd=0.000 drho=2.634e-02 p=4.5 b=32.0 solve 0.52s (setup 0.03) it=2 outer=- res=2.81e-06 iter 0.77s
it 153 c=1.480662e-01 vol=0.30000 mnd=0.000 drho=2.569e-02 p=4.5 b=32.0 solve 0.51s (setup 0.02) it=2 outer=- res=2.81e-06 iter 0.77s
it 154 c=1.480662e-01 vol=0.30000 mnd=0.000 drho=2.729e-02 p=4.5 b=32.0 solve 0.52s (setup 0.03) it=2 outer=- res=2.82e-06 iter 0.77s
it 155 c=1.480662e-01 vol=0.30000 mnd=0.000 drho=2.642e-02 p=4.5 b=32.0 solve 0.51s (setup 0.02) it=2 outer=- res=2.82e-06 iter 0.77s
it 156 c=1.480662e-01 vol=0.30000 mnd=0.000 drho=2.803e-02 p=4.5 b=32.0 solve 0.77s (setup 0.29) it=2 outer=- res=2.84e-06 iter 1.03s
it 157 c=1.480662e-01 vol=0.30000 mnd=0.000 drho=2.700e-02 p=4.5 b=32.0 solve 0.52s (setup 0.03) it=2 outer=- res=2.84e-06 iter 0.77s
it 158 c=1.480662e-01 vol=0.30000 mnd=0.000 drho=2.913e-02 p=4.5 b=32.0 solve 0.51s (setup 0.02) it=2 outer=- res=2.86e-06 iter 0.77s
it 159 c=1.480662e-01 vol=0.30000 mnd=0.000 drho=2.836e-02 p=4.5 b=32.0 solve 0.52s (setup 0.03) it=2 outer=- res=2.85e-06 iter 0.77s
it 160 c=1.480662e-01 vol=0.30000 mnd=0.000 drho=3.067e-02 p=4.5 b=32.0 solve 0.51s (setup 0.02) it=2 outer=- res=2.90e-06 iter 0.77s
it 161 c=1.480662e-01 vol=0.30000 mnd=0.000 drho=2.948e-02 p=4.5 b=32.0 solve 0.97s (setup 0.48) it=2 outer=- res=2.88e-06 iter 1.26s
it 162 c=1.480662e-01 vol=0.30000 mnd=0.000 drho=3.232e-02 p=4.5 b=32.0 solve 0.52s (setup 0.03) it=2 outer=- res=2.94e-06 iter 0.77s
it 163 c=1.480662e-01 vol=0.30000 mnd=0.000 drho=3.075e-02 p=4.5 b=32.0 solve 0.51s (setup 0.02) it=2 outer=- res=2.91e-06 iter 0.77s
it 164 c=1.480662e-01 vol=0.30000 mnd=0.000 drho=3.475e-02 p=4.5 b=32.0 solve 0.51s (setup 0.03) it=2 outer=- res=3.01e-06 iter 0.77s
it 165 c=1.480662e-01 vol=0.30000 mnd=0.000 drho=3.256e-02 p=4.5 b=32.0 solve 0.51s (setup 0.02) it=2 outer=- res=2.96e-06 iter 0.77s
it 166 c=1.480662e-01 vol=0.30000 mnd=0.000 drho=3.775e-02 p=4.5 b=32.0 solve 0.78s (setup 0.29) it=2 outer=- res=3.10e-06 iter 1.04s
it 167 c=1.480662e-01 vol=0.30000 mnd=0.000 drho=3.480e-02 p=4.5 b=32.0 solve 0.52s (setup 0.03) it=2 outer=- res=3.03e-06 iter 0.77s
it 168 c=1.480662e-01 vol=0.30000 mnd=0.000 drho=4.108e-02 p=4.5 b=32.0 solve 0.50s (setup 0.02) it=2 outer=- res=3.24e-06 iter 0.76s
it 169 c=1.480662e-01 vol=0.30000 mnd=0.000 drho=3.777e-02 p=4.5 b=32.0 solve 0.52s (setup 0.03) it=2 outer=- res=3.12e-06 iter 0.77s
it 170 c=1.480662e-01 vol=0.30000 mnd=0.000 drho=4.568e-02 p=4.5 b=32.0 solve 0.51s (setup 0.02) it=2 outer=- res=3.45e-06 iter 0.76s
it 171 c=1.480662e-01 vol=0.30000 mnd=0.000 drho=4.180e-02 p=4.5 b=32.0 solve 0.88s (setup 0.39) it=2 outer=- res=3.27e-06 iter 1.17s
it 172 c=1.480662e-01 vol=0.30000 mnd=0.000 drho=5.193e-02 p=4.5 b=32.0 solve 0.51s (setup 0.03) it=2 outer=- res=3.76e-06 iter 0.77s
it 173 c=1.480662e-01 vol=0.30000 mnd=0.000 drho=4.658e-02 p=4.5 b=32.0 solve 0.51s (setup 0.02) it=2 outer=- res=3.51e-06 iter 0.77s
it 174 c=1.480662e-01 vol=0.30000 mnd=0.000 drho=5.842e-02 p=4.5 b=32.0 solve 0.52s (setup 0.03) it=2 outer=- res=4.17e-06 iter 0.78s
it 175 c=1.480662e-01 vol=0.30000 mnd=0.000 drho=5.369e-02 p=4.5 b=32.0 solve 0.51s (setup 0.02) it=2 outer=- res=3.87e-06 iter 0.77s
it 176 c=1.480662e-01 vol=0.30000 mnd=0.000 drho=6.565e-02 p=4.5 b=32.0 solve 0.77s (setup 0.28) it=2 outer=- res=4.63e-06 iter 1.02s
it 177 c=1.480662e-01 vol=0.30000 mnd=0.000 drho=6.085e-02 p=4.5 b=32.0 solve 0.52s (setup 0.03) it=2 outer=- res=4.33e-06 iter 0.78s
it 178 c=1.480662e-01 vol=0.30000 mnd=0.000 drho=7.189e-02 p=4.5 b=32.0 solve 0.51s (setup 0.02) it=2 outer=- res=5.05e-06 iter 0.76s
it 179 c=1.480662e-01 vol=0.30000 mnd=0.000 drho=6.838e-02 p=4.5 b=32.0 solve 0.52s (setup 0.03) it=2 outer=- res=4.83e-06 iter 0.77s
it 180 c=1.480662e-01 vol=0.30000 mnd=0.000 drho=7.584e-02 p=4.5 b=32.0 solve 0.51s (setup 0.02) it=2 outer=- res=5.35e-06 iter 0.76s
it 181 c=1.480662e-01 vol=0.30000 mnd=0.000 drho=7.394e-02 p=4.5 b=32.0 solve 0.96s (setup 0.47) it=2 outer=- res=5.23e-06 iter 1.25s
it 182 c=1.480662e-01 vol=0.30000 mnd=0.000 drho=7.855e-02 p=4.5 b=32.0 solve 0.52s (setup 0.03) it=2 outer=- res=5.56e-06 iter 0.77s
it 183 c=1.480662e-01 vol=0.30000 mnd=0.000 drho=7.789e-02 p=4.5 b=32.0 solve 0.51s (setup 0.02) it=2 outer=- res=5.50e-06 iter 0.76s
it 184 c=1.480662e-01 vol=0.30000 mnd=0.000 drho=8.098e-02 p=4.5 b=32.0 solve 0.51s (setup 0.03) it=2 outer=- res=5.70e-06 iter 0.77s
it 185 c=1.480662e-01 vol=0.30000 mnd=0.000 drho=8.033e-02 p=4.5 b=32.0 solve 0.51s (setup 0.02) it=2 outer=- res=5.68e-06 iter 0.77s
it 186 c=1.480662e-01 vol=0.30000 mnd=0.000 drho=8.225e-02 p=4.5 b=32.0 solve 0.78s (setup 0.29) it=2 outer=- res=5.79e-06 iter 1.03s
it 187 c=1.480662e-01 vol=0.30000 mnd=0.000 drho=8.156e-02 p=4.5 b=32.0 solve 0.52s (setup 0.03) it=2 outer=- res=5.79e-06 iter 0.77s
it 188 c=1.480662e-01 vol=0.30000 mnd=0.000 drho=8.264e-02 p=4.5 b=32.0 solve 0.51s (setup 0.02) it=2 outer=- res=5.84e-06 iter 0.76s
it 189 c=1.480662e-01 vol=0.30000 mnd=0.000 drho=8.243e-02 p=4.5 b=32.0 solve 0.52s (setup 0.03) it=2 outer=- res=5.85e-06 iter 0.77s
it 190 c=1.480662e-01 vol=0.30000 mnd=0.000 drho=8.303e-02 p=4.5 b=32.0 solve 0.51s (setup 0.02) it=2 outer=- res=5.86e-06 iter 0.77s
it 191 c=1.480662e-01 vol=0.30000 mnd=0.000 drho=8.289e-02 p=4.5 b=32.0 solve 0.97s (setup 0.48) it=2 outer=- res=5.88e-06 iter 1.25s
it 192 c=1.480662e-01 vol=0.30000 mnd=0.000 drho=8.319e-02 p=4.5 b=32.0 solve 0.52s (setup 0.03) it=2 outer=- res=5.87e-06 iter 0.77s
it 193 c=1.480662e-01 vol=0.30000 mnd=0.000 drho=8.291e-02 p=4.5 b=32.0 solve 0.51s (setup 0.02) it=2 outer=- res=5.89e-06 iter 0.76s
it 194 c=1.480662e-01 vol=0.30000 mnd=0.000 drho=8.324e-02 p=4.5 b=32.0 solve 0.52s (setup 0.03) it=2 outer=- res=5.87e-06 iter 0.77s
it 195 c=1.480662e-01 vol=0.30000 mnd=0.000 drho=8.294e-02 p=4.5 b=32.0 solve 0.51s (setup 0.02) it=2 outer=- res=5.90e-06 iter 0.76s
it 196 c=1.480662e-01 vol=0.30000 mnd=0.000 drho=8.327e-02 p=4.5 b=32.0 solve 0.77s (setup 0.29) it=2 outer=- res=5.88e-06 iter 1.03s
it 197 c=1.480662e-01 vol=0.30000 mnd=0.000 drho=8.344e-02 p=4.5 b=32.0 solve 0.52s (setup 0.03) it=2 outer=- res=5.90e-06 iter 0.77s
it 198 c=1.480662e-01 vol=0.30000 mnd=0.000 drho=8.327e-02 p=4.5 b=32.0 solve 0.51s (setup 0.02) it=2 outer=- res=5.88e-06 iter 0.76s
it 199 c=1.480662e-01 vol=0.30000 mnd=0.000 drho=8.344e-02 p=4.5 b=32.0 solve 0.51s (setup 0.03) it=2 outer=- res=5.90e-06 iter 0.77s
it 200 c=1.480662e-01 vol=0.30000 mnd=0.000 drho=8.327e-02 p=4.5 b=32.0 solve 0.51s (setup 0.02) it=2 outer=- res=5.88e-06 iter 0.77s
simp_cantilever_k320_mg64_stencil_200it: status=ok valid=True c=0.14806624636556123 it=200 wall=295.3s
