it   1 c=4.670612e-01 vol=0.28644 mnd=0.818 drho=nan p=1.5 b=1.0 solve 2.82s (setup 0.94) it=8 outer=- res=6.39e-06 iter 3.16s
it   2 c=2.856276e-01 vol=0.30000 mnd=0.772 drho=2.136e-01 p=1.5 b=1.0 solve 2.15s (setup 0.03) it=9 outer=- res=2.59e-06 iter 2.44s
it   3 c=2.340584e-01 vol=0.30000 mnd=0.715 drho=2.137e-01 p=1.5 b=1.0 solve 1.86s (setup 0.02) it=8 outer=- res=9.43e-06 iter 2.15s
it   4 c=2.082737e-01 vol=0.30000 mnd=0.646 drho=2.159e-01 p=1.5 b=1.0 solve 2.08s (setup 0.03) it=9 outer=- res=4.08e-06 iter 2.37s
it   5 c=1.963874e-01 vol=0.30000 mnd=0.594 drho=2.159e-01 p=1.5 b=1.0 solve 2.08s (setup 0.02) it=9 outer=- res=2.89e-06 iter 2.37s
it   6 c=1.917547e-01 vol=0.30000 mnd=0.569 drho=2.159e-01 p=1.5 b=1.0 solve 2.24s (setup 0.40) it=8 outer=- res=6.56e-06 iter 2.53s
it   7 c=1.882965e-01 vol=0.30000 mnd=0.544 drho=2.159e-01 p=1.5 b=1.0 solve 1.87s (setup 0.03) it=8 outer=- res=5.38e-06 iter 2.16s
it   8 c=1.853461e-01 vol=0.30000 mnd=0.521 drho=2.159e-01 p=1.5 b=1.0 solve 1.86s (setup 0.02) it=8 outer=- res=4.73e-06 iter 2.15s
it   9 c=1.826567e-01 vol=0.30000 mnd=0.499 drho=2.153e-01 p=1.5 b=1.0 solve 1.87s (setup 0.03) it=8 outer=- res=5.16e-06 iter 2.16s
it  10 c=1.801144e-01 vol=0.30000 mnd=0.477 drho=2.103e-01 p=1.5 b=1.0 solve 1.86s (setup 0.03) it=8 outer=- res=6.85e-06 iter 2.15s
it  11 c=1.776582e-01 vol=0.30000 mnd=0.456 drho=1.783e-01 p=1.5 b=1.0 solve 2.57s (setup 0.52) it=9 outer=- res=4.22e-06 iter 2.90s
it  12 c=1.752489e-01 vol=0.30000 mnd=0.435 drho=1.741e-01 p=1.5 b=1.0 solve 2.08s (setup 0.03) it=9 outer=- res=7.50e-06 iter 2.37s
it  13 c=1.728731e-01 vol=0.30000 mnd=0.413 drho=1.784e-01 p=1.5 b=1.0 solve 2.28s (setup 0.02) it=10 outer=- res=5.47e-06 iter 2.57s
it  14 c=1.705381e-01 vol=0.30000 mnd=0.390 drho=1.841e-01 p=1.5 b=1.0 solve 2.29s (setup 0.03) it=10 outer=- res=6.73e-06 iter 2.58s
it  15 c=1.682673e-01 vol=0.30000 mnd=0.368 drho=1.952e-01 p=1.5 b=1.0 solve 2.50s (setup 0.02) it=11 outer=- res=6.48e-06 iter 2.79s
it  16 c=3.460661e-01 vol=0.27253 mnd=0.248 drho=3.230e-01 p=3.5 b=4.0 solve 5.22s (setup 0.40) it=22 outer=- res=8.00e-06 iter 5.48s
it  17 c=1.887614e-01 vol=0.30000 mnd=0.179 drho=3.024e-01 p=3.5 b=4.0 solve 4.86s (setup 0.03) it=22 outer=- res=9.76e-06 iter 5.12s
it  18 c=1.671934e-01 vol=0.30000 mnd=0.103 drho=3.024e-01 p=3.5 b=4.0 solve 3.99s (setup 0.02) it=18 outer=- res=8.34e-06 iter 4.25s
it  19 c=1.561695e-01 vol=0.30000 mnd=0.049 drho=3.023e-01 p=3.5 b=4.0 solve 3.36s (setup 0.03) it=15 outer=- res=9.60e-06 iter 3.62s
it  20 c=1.515915e-01 vol=0.30000 mnd=0.020 drho=2.999e-01 p=3.5 b=4.0 solve 3.35s (setup 0.02) it=15 outer=- res=6.12e-06 iter 3.61s
it  21 c=1.499895e-01 vol=0.30000 mnd=0.009 drho=2.808e-01 p=3.5 b=4.0 solve 3.63s (setup 0.51) it=14 outer=- res=6.78e-06 iter 3.93s
it  22 c=1.493996e-01 vol=0.30000 mnd=0.006 drho=2.669e-01 p=3.5 b=4.0 solve 2.72s (setup 0.03) it=12 outer=- res=6.44e-06 iter 2.98s
it  23 c=1.491496e-01 vol=0.30000 mnd=0.005 drho=2.736e-01 p=3.5 b=4.0 solve 2.50s (setup 0.02) it=11 outer=- res=8.05e-06 iter 2.76s
it  24 c=1.490073e-01 vol=0.30000 mnd=0.004 drho=2.611e-01 p=3.5 b=4.0 solve 2.29s (setup 0.03) it=10 outer=- res=9.46e-06 iter 2.55s
it  25 c=1.489205e-01 vol=0.30000 mnd=0.004 drho=2.474e-01 p=3.5 b=4.0 solve 2.29s (setup 0.02) it=10 outer=- res=9.24e-06 iter 2.55s
it  26 c=1.488620e-01 vol=0.30000 mnd=0.004 drho=2.380e-01 p=3.5 b=4.0 solve 2.66s (setup 0.40) it=10 outer=- res=8.17e-06 iter 2.92s
it  27 c=1.488186e-01 vol=0.30000 mnd=0.004 drho=2.363e-01 p=3.5 b=4.0 solve 2.08s (setup 0.03) it=9 outer=- res=9.88e-06 iter 2.34s
it  28 c=1.487847e-01 vol=0.30000 mnd=0.003 drho=2.345e-01 p=3.5 b=4.0 solve 2.07s (setup 0.02) it=9 outer=- res=7.73e-06 iter 2.33s
it  29 c=1.487565e-01 vol=0.30000 mnd=0.003 drho=2.368e-01 p=3.5 b=4.0 solve 2.08s (setup 0.03) it=9 outer=- res=6.48e-06 iter 2.34s
it  30 c=1.487325e-01 vol=0.30000 mnd=0.003 drho=2.351e-01 p=3.5 b=4.0 solve 2.07s (setup 0.02) it=9 outer=- res=6.13e-06 iter 2.33s
it  31 c=1.487114e-01 vol=0.30000 mnd=0.003 drho=2.342e-01 p=3.5 b=4.0 solve 2.58s (setup 0.54) it=9 outer=- res=5.98e-06 iter 2.87s
it  32 c=1.486928e-01 vol=0.30000 mnd=0.003 drho=2.294e-01 p=3.5 b=4.0 solve 2.09s (setup 0.03) it=9 outer=- res=5.65e-06 iter 2.34s
it  33 c=1.486761e-01 vol=0.30000 mnd=0.003 drho=2.265e-01 p=3.5 b=4.0 solve 1.86s (setup 0.02) it=8 outer=- res=9.40e-06 iter 2.12s
it  34 c=1.486609e-01 vol=0.30000 mnd=0.003 drho=2.212e-01 p=3.5 b=4.0 solve 1.87s (setup 0.03) it=8 outer=- res=8.73e-06 iter 2.12s
it  35 c=1.486468e-01 vol=0.30000 mnd=0.003 drho=2.077e-01 p=3.5 b=4.0 solve 1.86s (setup 0.02) it=8 outer=- res=8.61e-06 iter 2.12s
it  36 c=1.486336e-01 vol=0.30000 mnd=0.003 drho=1.994e-01 p=3.5 b=4.0 solve 2.24s (setup 0.40) it=8 outer=- res=7.94e-06 iter 2.50s
it  37 c=1.486212e-01 vol=0.30000 mnd=0.003 drho=2.042e-01 p=3.5 b=4.0 solve 1.87s (setup 0.03) it=8 outer=- res=7.65e-06 iter 2.13s
it  38 c=1.486091e-01 vol=0.30000 mnd=0.003 drho=1.955e-01 p=3.5 b=4.0 solve 1.86s (setup 0.02) it=8 outer=- res=8.22e-06 iter 2.12s
it  39 c=1.485976e-01 vol=0.30000 mnd=0.003 drho=1.945e-01 p=3.5 b=4.0 solve 1.87s (setup 0.03) it=8 outer=- res=7.89e-06 iter 2.13s
it  40 c=1.485867e-01 vol=0.30000 mnd=0.003 drho=2.002e-01 p=3.5 b=4.0 solve 1.87s (setup 0.02) it=8 outer=- res=7.45e-06 iter 2.12s
it  41 c=1.481061e-01 vol=0.29996 mnd=0.000 drho=4.596e-01 p=4.5 b=16.0 solve 3.26s (setup 0.57) it=12 outer=- res=9.01e-06 iter 3.57s
it  42 c=1.480905e-01 vol=0.30000 mnd=0.000 drho=4.657e-01 p=4.5 b=16.0 solve 2.08s (setup 0.03) it=9 outer=- res=8.74e-06 iter 2.36s
it  43 c=1.480779e-01 vol=0.30000 mnd=0.000 drho=4.076e-01 p=4.5 b=16.0 solve 2.07s (setup 0.02) it=9 outer=- res=7.03e-06 iter 2.33s
it  44 c=1.480718e-01 vol=0.30000 mnd=0.000 drho=4.605e-01 p=4.5 b=16.0 solve 1.87s (setup 0.03) it=8 outer=- res=5.07e-06 iter 2.13s
it  45 c=1.480694e-01 vol=0.30000 mnd=0.000 drho=5.117e-01 p=4.5 b=16.0 solve 1.65s (setup 0.02) it=7 outer=- res=6.31e-06 iter 1.90s
it  46 c=1.480683e-01 vol=0.30000 mnd=0.000 drho=4.401e-01 p=4.5 b=16.0 solve 2.03s (setup 0.40) it=7 outer=- res=5.37e-06 iter 2.28s
it  47 c=1.480679e-01 vol=0.30000 mnd=0.000 drho=4.509e-01 p=4.5 b=16.0 solve 1.24s (setup 0.03) it=5 outer=- res=6.50e-06 iter 1.49s
it  48 c=1.480677e-01 vol=0.30000 mnd=0.000 drho=3.436e-01 p=4.5 b=16.0 solve 1.22s (setup 0.02) it=5 outer=- res=3.53e-06 iter 1.48s
it  49 c=1.480676e-01 vol=0.30000 mnd=0.000 drho=2.866e-01 p=4.5 b=16.0 solve 1.02s (setup 0.03) it=4 outer=- res=5.17e-06 iter 1.28s
it  50 c=1.480676e-01 vol=0.30000 mnd=0.000 drho=4.552e-01 p=4.5 b=16.0 solve 1.00s (setup 0.02) it=4 outer=- res=3.26e-06 iter 1.26s
it  51 c=1.480676e-01 vol=0.30000 mnd=0.000 drho=4.332e-01 p=4.5 b=16.0 solve 1.35s (setup 0.58) it=3 outer=- res=9.58e-06 iter 1.64s
it  52 c=1.480675e-01 vol=0.30000 mnd=0.000 drho=2.031e-01 p=4.5 b=16.0 solve 0.81s (setup 0.03) it=3 outer=- res=8.38e-06 iter 1.06s
it  53 c=1.480675e-01 vol=0.30000 mnd=0.000 drho=4.584e-02 p=4.5 b=16.0 solve 0.79s (setup 0.02) it=3 outer=- res=5.51e-06 iter 1.05s
it  54 c=1.480675e-01 vol=0.30000 mnd=0.000 drho=3.363e-02 p=4.5 b=16.0 solve 0.81s (setup 0.03) it=3 outer=- res=3.30e-06 iter 1.06s
it  55 c=1.480675e-01 vol=0.30000 mnd=0.000 drho=3.361e-02 p=4.5 b=16.0 solve 0.80s (setup 0.03) it=3 outer=- res=2.69e-06 iter 1.06s
it  56 c=1.480675e-01 vol=0.30000 mnd=0.000 drho=3.363e-02 p=4.5 b=16.0 solve 1.17s (setup 0.39) it=3 outer=- res=2.61e-06 iter 1.43s
it  57 c=1.480675e-01 vol=0.30000 mnd=0.000 drho=3.361e-02 p=4.5 b=16.0 solve 0.81s (setup 0.03) it=3 outer=- res=2.64e-06 iter 1.06s
it  58 c=1.480675e-01 vol=0.30000 mnd=0.000 drho=3.363e-02 p=4.5 b=16.0 solve 0.79s (setup 0.02) it=3 outer=- res=2.56e-06 iter 1.05s
it  59 c=1.480675e-01 vol=0.30000 mnd=0.000 drho=3.361e-02 p=4.5 b=16.0 solve 0.81s (setup 0.03) it=3 outer=- res=2.69e-06 iter 1.07s
it  60 c=1.480675e-01 vol=0.30000 mnd=0.000 drho=3.363e-02 p=4.5 b=16.0 solve 0.80s (setup 0.02) it=3 outer=- res=3.06e-06 iter 1.05s
it  61 c=1.480675e-01 vol=0.30000 mnd=0.000 drho=4.195e-02 p=4.5 b=16.0 solve 1.30s (setup 0.53) it=3 outer=- res=4.45e-06 iter 1.58s
it  62 c=1.480675e-01 vol=0.30000 mnd=0.000 drho=7.126e-02 p=4.5 b=16.0 solve 0.81s (setup 0.03) it=3 outer=- res=5.48e-06 iter 1.06s
it  63 c=1.480675e-01 vol=0.30000 mnd=0.000 drho=2.189e-01 p=4.5 b=16.0 solve 1.01s (setup 0.02) it=4 outer=- res=2.38e-06 iter 1.27s
it  64 c=1.480675e-01 vol=0.30000 mnd=0.000 drho=4.448e-01 p=4.5 b=16.0 solve 1.01s (setup 0.03) it=4 outer=- res=2.19e-06 iter 1.27s
it  65 c=1.480675e-01 vol=0.30000 mnd=0.000 drho=1.509e-01 p=4.5 b=16.0 solve 0.80s (setup 0.02) it=3 outer=- res=2.85e-06 iter 1.05s
it  66 c=1.480667e-01 vol=0.30000 mnd=0.000 drho=5.627e-02 p=4.5 b=32.0 solve 1.39s (setup 0.40) it=4 outer=- res=2.29e-06 iter 1.87s
it  67 c=1.480667e-01 vol=0.30000 mnd=0.000 drho=4.228e-03 p=4.5 b=32.0 solve 0.38s (setup 0.03) it=1 outer=- res=3.59e-06 iter 0.87s
it  68 c=1.480667e-01 vol=0.30000 mnd=0.000 drho=9.357e-02 p=4.5 b=32.0 solve 0.09s (setup 0.02) it=0 outer=- res=3.45e-06 iter 0.58s
it  69 c=1.480667e-01 vol=0.30000 mnd=0.000 drho=6.292e-01 p=4.5 b=32.0 solve 0.80s (setup 0.03) it=3 outer=- res=9.63e-06 iter 1.29s
it  70 c=1.480667e-01 vol=0.30000 mnd=0.000 drho=5.341e-01 p=4.5 b=32.0 solve 1.01s (setup 0.03) it=4 outer=- res=4.45e-06 iter 1.50s
it  71 c=1.480666e-01 vol=0.30001 mnd=0.000 drho=5.235e-01 p=4.5 b=32.0 solve 1.77s (setup 0.57) it=5 outer=- res=3.34e-06 iter 2.29s
it  72 c=1.480664e-01 vol=0.30000 mnd=0.000 drho=5.017e-01 p=4.5 b=32.0 solve 1.45s (setup 0.03) it=6 outer=- res=3.82e-06 iter 1.71s
it  73 c=1.480663e-01 vol=0.30000 mnd=0.000 drho=3.520e-01 p=4.5 b=32.0 solve 1.22s (setup 0.02) it=5 outer=- res=4.37e-06 iter 1.48s
it  74 c=1.480663e-01 vol=0.30000 mnd=0.000 drho=4.013e-01 p=4.5 b=32.0 solve 1.02s (setup 0.03) it=4 outer=- res=8.61e-06 iter 1.29s
it  75 c=1.480662e-01 vol=0.30000 mnd=0.000 drho=6.719e-02 p=4.5 b=32.0 solve 0.80s (setup 0.02) it=3 outer=- res=7.06e-06 iter 1.05s
it  76 c=1.480662e-01 vol=0.30000 mnd=0.000 drho=2.649e-02 p=4.5 b=32.0 solve 0.96s (setup 0.40) it=2 outer=- res=5.57e-06 iter 1.22s
it  77 c=1.480662e-01 vol=0.30000 mnd=0.000 drho=3.835e-02 p=4.5 b=32.0 solve 0.59s (setup 0.03) it=2 outer=- res=5.25e-06 iter 0.85s
it  78 c=1.480662e-01 vol=0.30000 mnd=0.000 drho=2.910e-02 p=4.5 b=32.0 solve 0.58s (setup 0.02) it=2 outer=- res=3.75e-06 iter 0.84s
it  79 c=1.480662e-01 vol=0.30000 mnd=0.000 drho=2.968e-02 p=4.5 b=32.0 solve 0.59s (setup 0.03) it=2 outer=- res=3.92e-06 iter 0.85s
it  80 c=1.480662e-01 vol=0.30000 mnd=0.000 drho=2.643e-02 p=4.5 b=32.0 solve 0.58s (setup 0.02) it=2 outer=- res=3.43e-06 iter 0.84s
it  81 c=1.480662e-01 vol=0.30000 mnd=0.000 drho=2.648e-02 p=4.5 b=32.0 solve 1.08s (setup 0.52) it=2 outer=- res=3.50e-06 iter 1.36s
it  82 c=1.480662e-01 vol=0.30000 mnd=0.000 drho=2.500e-02 p=4.5 b=32.0 solve 0.59s (setup 0.03) it=2 outer=- res=3.27e-06 iter 0.85s
it  83 c=1.480662e-01 vol=0.30000 mnd=0.000 drho=2.503e-02 p=4.5 b=32.0 solve 0.58s (setup 0.02) it=2 outer=- res=3.30e-06 iter 0.84s
it  84 c=1.480662e-01 vol=0.30000 mnd=0.000 drho=2.412e-02 p=4.5 b=32.0 solve 0.59s (setup 0.03) it=2 outer=- res=3.16e-06 iter 0.85s
it  85 c=1.480662e-01 vol=0.30000 mnd=0.000 drho=2.395e-02 p=4.5 b=32.0 solve 0.59s (setup 0.02) it=2 outer=- res=3.17e-06 iter 0.85s
it  86 c=1.480662e-01 vol=0.30000 mnd=0.000 drho=2.354e-02 p=4.5 b=32.0 solve 0.95s (setup 0.39) it=2 outer=- res=3.07e-06 iter 1.21s
it  87 c=1.480662e-01 vol=0.30000 mnd=0.000 drho=2.343e-02 p=4.5 b=32.0 solve 0.59s (setup 0.03) it=2 outer=- res=3.08e-06 iter 0.85s
it  88 c=1.480662e-01 vol=0.30000 mnd=0.000 drho=2.315e-02 p=4.5 b=32.0 solve 0.58s (setup 0.02) it=2 outer=- res=3.01e-06 iter 0.84s
it  89 c=1.480662e-01 vol=0.30000 mnd=0.000 drho=2.289e-02 p=4.5 b=32.0 solve 0.59s (setup 0.03) it=2 outer=- res=3.02e-06 iter 0.85s
it  90 c=1.480662e-01 vol=0.30000 mnd=0.000 drho=2.284e-02 p=4.5 b=32.0 solve 0.59s (setup 0.02) it=2 outer=- res=2.96e-06 iter 0.84s
it  91 c=1.480662e-01 vol=0.30000 mnd=0.000 drho=2.269e-02 p=4.5 b=32.0 solve 1.14s (setup 0.58) it=2 outer=- res=2.97e-06 iter 1.43s
it  92 c=1.480662e-01 vol=0.30000 mnd=0.000 drho=2.233e-02 p=4.5 b=32.0 solve 0.59s (setup 0.03) it=2 outer=- res=2.93e-06 iter 0.85s
it  93 c=1.480662e-01 vol=0.30000 mnd=0.000 drho=2.235e-02 p=4.5 b=32.0 solve 0.58s (setup 0.02) it=2 outer=- res=2.94e-06 iter 0.84s
it  94 c=1.480662e-01 vol=0.30000 mnd=0.000 drho=2.216e-02 p=4.5 b=32.0 solve 0.59s (setup 0.03) it=2 outer=- res=2.90e-06 iter 0.85s
it  95 c=1.480662e-01 vol=0.30000 mnd=0.000 drho=2.212e-02 p=4.5 b=32.0 solve 0.58s (setup 0.02) it=2 outer=- res=2.91e-06 iter 0.84s
it  96 c=1.480662e-01 vol=0.30000 mnd=0.000 drho=2.202e-02 p=4.5 b=32.0 solve 0.96s (setup 0.40) it=2 outer=- res=2.88e-06 iter 1.22s
it  97 c=1.480662e-01 vol=0.30000 mnd=0.000 drho=2.207e-02 p=4.5 b=32.0 solve 0.59s (setup 0.03) it=2 outer=- res=2.89e-06 iter 0.85s
it  98 c=1.480662e-01 vol=0.30000 mnd=0.000 drho=2.188e-02 p=4.5 b=32.0 solve 0.58s (setup 0.02) it=2 outer=- res=2.86e-06 iter 0.84s
it  99 c=1.480662e-01 vol=0.30000 mnd=0.000 drho=2.202e-02 p=4.5 b=32.0 solve 0.59s (setup 0.03) it=2 outer=- res=2.87e-06 iter 0.85s
it 100 c=1.480662e-01 vol=0.30000 mnd=0.000 drho=2.177e-02 p=4.5 b=32.0 solve 0.59s (setup 0.02) it=2 outer=- res=2.84e-06 iter 0.84s
it 101 c=1.480662e-01 vol=0.30000 mnd=0.000 drho=2.198e-02 p=4.5 b=32.0 solve 1.08s (setup 0.51) it=2 outer=- res=2.85e-06 iter 1.36s
it 102 c=1.480662e-01 vol=0.30000 mnd=0.000 drho=2.173e-02 p=4.5 b=32.0 solve 0.59s (setup 0.03) it=2 outer=- res=2.83e-06 iter 0.85s
it 103 c=1.480662e-01 vol=0.30000 mnd=0.000 drho=2.193e-02 p=4.5 b=32.0 solve 0.58s (setup 0.02) it=2 outer=- res=2.84e-06 iter 0.84s
it 104 c=1.480662e-01 vol=0.30000 mnd=0.000 drho=2.173e-02 p=4.5 b=32.0 solve 0.59s (setup 0.03) it=2 outer=- res=2.81e-06 iter 0.85s
it 105 c=1.480662e-01 vol=0.30000 mnd=0.000 drho=2.141e-02 p=4.5 b=32.0 solve 0.58s (setup 0.02) it=2 outer=- res=2.83e-06 iter 0.84s
it 106 c=1.480662e-01 vol=0.30000 mnd=0.000 drho=2.174e-02 p=4.5 b=32.0 solve 0.96s (setup 0.40) it=2 outer=- res=2.81e-06 iter 1.22s
it 107 c=1.480662e-01 vol=0.30000 mnd=0.000 drho=2.185e-02 p=4.5 b=32.0 solve 0.59s (setup 0.03) it=2 outer=- res=2.82e-06 iter 0.85s
it 108 c=1.480662e-01 vol=0.30000 mnd=0.000 drho=2.177e-02 p=4.5 b=32.0 solve 0.58s (setup 0.02) it=2 outer=- res=2.80e-06 iter 0.84s
it 109 c=1.480662e-01 vol=0.30000 mnd=0.000 drho=2.180e-02 p=4.5 b=32.0 solve 0.59s (setup 0.03) it=2 outer=- res=2.81e-06 iter 0.85s
it 110 c=1.480662e-01 vol=0.30000 mnd=0.000 drho=2.182e-02 p=4.5 b=32.0 solve 0.58s (setup 0.02) it=2 outer=- res=2.79e-06 iter 0.84s
it 111 c=1.480662e-01 vol=0.30000 mnd=0.000 drho=2.176e-02 p=4.5 b=32.0 solve 1.07s (setup 0.51) it=2 outer=- res=2.80e-06 iter 1.36s
it 112 c=1.480662e-01 vol=0.30000 mnd=0.000 drho=2.189e-02 p=4.5 b=32.0 solve 0.59s (setup 0.03) it=2 outer=- res=2.79e-06 iter 0.85s
it 113 c=1.480662e-01 vol=0.30000 mnd=0.000 drho=2.170e-02 p=4.5 b=32.0 solve 0.58s (setup 0.02) it=2 outer=- res=2.80e-06 iter 0.84s
it 114 c=1.480662e-01 vol=0.30000 mnd=0.000 drho=2.149e-02 p=4.5 b=32.0 solve 0.59s (setup 0.03) it=2 outer=- res=2.78e-06 iter 0.85s
it 115 c=1.480662e-01 vol=0.30000 mnd=0.000 drho=2.163e-02 p=4.5 b=32.0 solve 0.59s (setup 0.02) it=2 outer=- res=2.80e-06 iter 0.84s
it 116 c=1.480662e-01 vol=0.30000 mnd=0.000 drho=2.160e-02 p=4.5 b=32.0 solve 0.96s (setup 0.40) it=2 outer=- res=2.78e-06 iter 1.22s
it 117 c=1.480662e-01 vol=0.30000 mnd=0.000 drho=2.157e-02 p=4.5 b=32.0 solve 0.59s (setup 0.03) it=2 outer=- res=2.79e-06 iter 0.85s
it 118 c=1.480662e-01 vol=0.30000 mnd=0.000 drho=2.172e-02 p=4.5 b=32.0 solve 0.58s (setup 0.02) it=2 outer=- res=2.78e-06 iter 0.84s
it 119 c=1.480662e-01 vol=0.30000 mnd=0.000 drho=2.149e-02 p=4.5 b=32.0 solve 0.59s (setup 0.03) it=2 outer=- res=2.79e-06 iter 0.85s
it 120 c=1.480662e-01 vol=0.30000 mnd=0.000 drho=2.187e-02 p=4.5 b=32.0 solve 0.58s (setup 0.02) it=2 outer=- res=2.77e-06 iter 0.83s
it 121 c=1.480662e-01 vol=0.30000 mnd=0.000 drho=2.189e-02 p=4.5 b=32.0 solve 1.13s (setup 0.57) it=2 outer=- res=2.79e-06 iter 1.42s
it 122 c=1.480662e-01 vol=0.30000 mnd=0.000 drho=2.204e-02 p=4.5 b=32.0 solve 0.59s (setup 0.03) it=2 outer=- res=2.77e-06 iter 0.85s
it 123 c=1.480662e-01 vol=0.30000 mnd=0.000 drho=2.179e-02 p=4.5 b=32.0 solve 0.58s (setup 0.02) it=2 outer=- res=2.78e-06 iter 0.84s
it 124 c=1.480662e-01 vol=0.30000 mnd=0.000 drho=2.224e-02 p=4.5 b=32.0 solve 0.59s (setup 0.03) it=2 outer=- res=2.77e-06 iter 0.85s
it 125 c=1.480662e-01 vol=0.30000 mnd=0.000 drho=2.218e-02 p=4.5 b=32.0 solve 0.58s (setup 0.02) it=2 outer=- res=2.78e-06 iter 0.84s
it 126 c=1.480662e-01 vol=0.30000 mnd=0.000 drho=2.198e-02 p=4.5 b=32.0 solve 0.97s (setup 0.40) it=2 outer=- res=2.77e-06 iter 1.22s
it 127 c=1.480662e-01 vol=0.30000 mnd=0.000 drho=2.204e-02 p=4.5 b=32.0 solve 0.59s (setup 0.03) it=2 outer=- res=2.78e-06 iter 0.84s
it 128 c=1.480662e-01 vol=0.30000 mnd=0.000 drho=2.225e-02 p=4.5 b=32.0 solve 0.58s (setup 0.02) it=2 outer=- res=2.76e-06 iter 0.84s
it 129 c=1.480662e-01 vol=0.30000 mnd=0.000 drho=2.239e-02 p=4.5 b=32.0 solve 0.59s (setup 0.03) it=2 outer=- res=2.77e-06 iter 0.85s
it 130 c=1.480662e-01 vol=0.30000 mnd=0.000 drho=2.256e-02 p=4.5 b=32.0 solve 0.59s (setup 0.03) it=2 outer=- res=2.76e-06 iter 0.84s
it 131 c=1.480662e-01 vol=0.30000 mnd=0.000 drho=2.222e-02 p=4.5 b=32.0 solve 1.08s (setup 0.52) it=2 outer=- res=2.77e-06 iter 1.36s
it 132 c=1.480662e-01 vol=0.30000 mnd=0.000 drho=2.293e-02 p=4.5 b=32.0 solve 0.59s (setup 0.03) it=2 outer=- res=2.76e-06 iter 0.85s
it 133 c=1.480662e-01 vol=0.30000 mnd=0.000 drho=2.252e-02 p=4.5 b=32.0 solve 0.58s (setup 0.02) it=2 outer=- res=2.77e-06 iter 0.84s
it 134 c=1.480662e-01 vol=0.30000 mnd=0.000 drho=2.286e-02 p=4.5 b=32.0 solve 0.59s (setup 0.03) it=2 outer=- res=2.76e-06 iter 0.85s
it 135 c=1.480662e-01 vol=0.30000 mnd=0.000 drho=2.279e-02 p=4.5 b=32.0 solve 0.58s (setup 0.02) it=2 outer=- res=2.77e-06 iter 0.84s
it 136 c=1.480662e-01 vol=0.30000 mnd=0.000 drho=2.335e-02 p=4.5 b=32.0 solve 0.96s (setup 0.40) it=2 outer=- res=2.76e-06 iter 1.22s
it 137 c=1.480662e-01 vol=0.30000 mnd=0.000 drho=2.302e-02 p=4.5 b=32.0 solve 0.60s (setup 0.03) it=2 outer=- res=2.77e-06 iter 0.85s
it 138 c=1.480662e-01 vol=0.30000 mnd=0.000 drho=2.344e-02 p=4.5 b=32.0 solve 0.58s (setup 0.02) it=2 outer=- res=2.76e-06 iter 0.84s
it 139 c=1.480662e-01 vol=0.30000 mnd=0.000 drho=2.322e-02 p=4.5 b=32.0 solve 0.59s (setup 0.03) it=2 outer=- res=2.77e-06 iter 0.85s
it 140 c=1.480662e-01 vol=0.30000 mnd=0.000 drho=2.411e-02 p=4.5 b=32.0 solve 0.58s (setup 0.02) it=2 outer=- res=2.76e-06 iter 0.84s
it 141 c=1.480662e-01 vol=0.30000 mnd=0.000 drho=2.337e-02 p=4.5 b=32.0 solve 1.07s (setup 0.50) it=2 outer=- res=2.77e-06 iter 1.35s
it 142 c=1.480662e-01 vol=0.30000 mnd=0.000 drho=2.441e-02 p=4.5 b=32.0 solve 0.59s (setup 0.03) it=2 outer=- res=2.76e-06 iter 0.85s
it 143 c=1.480662e-01 vol=0.30000 mnd=0.000 drho=2.395e-02 p=4.5 b=32.0 solve 0.58s (setup 0.02) it=2 outer=- res=2.77e-06 iter 0.84s
it 144 c=1.480662e-01 vol=0.30000 mnd=0.000 drho=2.485e-02 p=4.5 b=32.0 solve 0.59s (setup 0.03) it=2 outer=- res=2.77e-06 iter 0.85s
it 145 c=1.480662e-01 vol=0.30000 mnd=0.000 drho=2.446e-02 p=4.5 b=32.0 solve 0.58s (setup 0.02) it=2 outer=- res=2.78e-06 iter 0.84s
it 146 c=1.480662e-01 vol=0.30000 mnd=0.000 drho=2.546e-02 p=4.5 b=32.0 solve 0.96s (setup 0.40) it=2 outer=- res=2.77e-06 iter 1.22s
it 147 c=1.480662e-01 vol=0.30000 mnd=0.000 drho=2.487e-02 p=4.5 b=32.0 solve 0.59s (setup 0.03) it=2 outer=- res=2.78e-06 iter 0.85s
it 148 c=1.480662e-01 vol=0.30000 mnd=0.000 drho=2.627e-02 p=4.5 b=32.0 solve 0.58s (setup 0.02) it=2 outer=- res=2.78e-06 iter 0.84s
it 149 c=1.480662e-01 vol=0.30000 mnd=0.000 drho=2.567e-02 p=4.5 b=32.0 solve 0.59s (setup 0.03) it=2 outer=- res=2.79e-06 iter 0.85s
it 150 c=1.480662e-01 vol=0.30000 mnd=0.000 drho=2.735e-02 p=4.5 b=32.0 solve 0.58s (setup 0.02) it=2 outer=- res=2.79e-06 iter 0.84s
it 151 c=1.480662e-01 vol=0.30000 mnd=0.000 drho=2.632e-02 p=4.5 b=32.0 solve 1.14s (setup 0.58) it=2 outer=- res=2.79e-06 iter 1.43s
it 152 c=1.480662e-01 vol=0.30000 mnd=0.000 drho=2.826e-02 p=4.5 b=32.0 solve 0.59s (setup 0.03) it=2 outer=- res=2.81e-06 iter 0.85s
it 153 c=1.480662e-01 vol=0.30000 mnd=0.000 drho=2.729e-02 p=4.5 b=32.0 solve 0.58s (setup 0.02) it=2 outer=- res=2.81e-06 iter 0.84s
it 154 c=1.480662e-01 vol=0.30000 mnd=0.000 drho=2.960e-02 p=4.5 b=32.0 solve 0.59s (setup 0.03) it=2 outer=- res=2.84e-06 iter 0.85s
it 155 c=1.480662e-01 vol=0.30000 mnd=0.000 drho=2.852e-02 p=4.5 b=32.0 solve 0.58s (setup 0.02) it=2 outer=- res=2.82e-06 iter 0.84s
it 156 c=1.480662e-01 vol=0.30000 mnd=0.000 drho=3.098e-02 p=4.5 b=32.0 solve 0.96s (setup 0.40) it=2 outer=- res=2.87e-06 iter 1.22s
it 157 c=1.480662e-01 vol=0.30000 mnd=0.000 drho=2.944e-02 p=4.5 b=32.0 solve 0.59s (setup 0.03) it=2 outer=- res=2.85e-06 iter 0.85s
it 158 c=1.480662e-01 vol=0.30000 mnd=0.000 drho=3.307e-02 p=4.5 b=32.0 solve 0.58s (setup 0.02) it=2 outer=- res=2.92e-06 iter 0.84s
it 159 c=1.480662e-01 vol=0.30000 mnd=0.000 drho=3.144e-02 p=4.5 b=32.0 solve 0.59s (setup 0.03) it=2 outer=- res=2.89e-06 iter 0.85s
it 160 c=1.480662e-01 vol=0.30000 mnd=0.000 drho=3.561e-02 p=4.5 b=32.0 solve 0.59s (setup 0.02) it=2 outer=- res=3.00e-06 iter 0.84s
it 161 c=1.480662e-01 vol=0.30000 mnd=0.000 drho=3.341e-02 p=4.5 b=32.0 solve 1.07s (setup 0.51) it=2 outer=- res=2.94e-06 iter 1.35s
it 162 c=1.480662e-01 vol=0.30000 mnd=0.000 drho=3.890e-02 p=4.5 b=32.0 solve 0.59s (setup 0.03) it=2 outer=- res=3.13e-06 iter 0.85s
it 163 c=1.480662e-01 vol=0.30000 mnd=0.000 drho=3.615e-02 p=4.5 b=32.0 solve 0.58s (setup 0.02) it=2 outer=- res=3.02e-06 iter 0.84s
it 164 c=1.480662e-01 vol=0.30000 mnd=0.000 drho=4.334e-02 p=4.5 b=32.0 solve 0.59s (setup 0.03) it=2 outer=- res=3.31e-06 iter 0.85s
it 165 c=1.480662e-01 vol=0.30000 mnd=0.000 drho=3.951e-02 p=4.5 b=32.0 solve 0.58s (setup 0.02) it=2 outer=- res=3.15e-06 iter 0.84s
it 166 c=1.480662e-01 vol=0.30000 mnd=0.000 drho=4.885e-02 p=4.5 b=32.0 solve 0.96s (setup 0.40) it=2 outer=- res=3.58e-06 iter 1.22s
it 167 c=1.480662e-01 vol=0.30000 mnd=0.000 drho=4.404e-02 p=4.5 b=32.0 solve 0.59s (setup 0.03) it=2 outer=- res=3.35e-06 iter 0.85s
it 168 c=1.480662e-01 vol=0.30000 mnd=0.000 drho=5.530e-02 p=4.5 b=32.0 solve 0.58s (setup 0.02) it=2 outer=- res=3.96e-06 iter 0.84s
it 169 c=1.480662e-01 vol=0.30000 mnd=0.000 drho=5.025e-02 p=4.5 b=32.0 solve 0.59s (setup 0.03) it=2 outer=- res=3.68e-06 iter 0.84s
it 170 c=1.480662e-01 vol=0.30000 mnd=0.000 drho=6.233e-02 p=4.5 b=32.0 solve 0.58s (setup 0.02) it=2 outer=- res=4.40e-06 iter 0.84s
it 171 c=1.480662e-01 vol=0.30000 mnd=0.000 drho=5.759e-02 p=4.5 b=32.0 solve 1.14s (setup 0.57) it=2 outer=- res=4.09e-06 iter 1.43s
it 172 c=1.480662e-01 vol=0.30000 mnd=0.000 drho=6.893e-02 p=4.5 b=32.0 solve 0.59s (setup 0.03) it=2 outer=- res=4.85e-06 iter 0.85s
it 173 c=1.480662e-01 vol=0.30000 mnd=0.000 drho=6.496e-02 p=4.5 b=32.0 solve 0.58s (setup 0.02) it=2 outer=- res=4.59e-06 iter 0.84s
it 174 c=1.480662e-01 vol=0.30000 mnd=0.000 drho=7.391e-02 p=4.5 b=32.0 solve 0.59s (setup 0.03) it=2 outer=- res=5.21e-06 iter 0.85s
it 175 c=1.480662e-01 vol=0.30000 mnd=0.000 drho=7.138e-02 p=4.5 b=32.0 solve 0.59s (setup 0.03) it=2 outer=- res=5.04e-06 iter 0.85s
it 176 c=1.480662e-01 vol=0.30000 mnd=0.000 drho=7.713e-02 p=4.5 b=32.0 solve 0.95s (setup 0.39) it=2 outer=- res=5.45e-06 iter 1.21s
it 177 c=1.480662e-01 vol=0.30000 mnd=0.000 drho=7.602e-02 p=4.5 b=32.0 solve 0.59s (setup 0.03) it=2 outer=- res=5.37e-06 iter 0.85s
it 178 c=1.480662e-01 vol=0.30000 mnd=0.000 drho=7.981e-02 p=4.5 b=32.0 solve 0.58s (setup 0.02) it=2 outer=- res=5.62e-06 iter 0.84s
it 179 c=1.480662e-01 vol=0.30000 mnd=0.000 drho=7.876e-02 p=4.5 b=32.0 solve 0.59s (setup 0.03) it=2 outer=- res=5.59e-06 iter 0.85s
it 180 c=1.480662e-01 vol=0.30000 mnd=0.000 drho=8.108e-02 p=4.5 b=32.0 solve 0.58s (setup 0.02) it=2 outer=- res=5.74e-06 iter 0.84s
it 181 c=1.480662e-01 vol=0.30000 mnd=0.000 drho=8.085e-02 p=4.5 b=32.0 solve 1.07s (setup 0.51) it=2 outer=- res=5.73e-06 iter 1.36s
it 182 c=1.480662e-01 vol=0.30000 mnd=0.000 drho=8.231e-02 p=4.5 b=32.0 solve 0.59s (setup 0.03) it=2 outer=- res=5.80e-06 iter 0.85s
it 183 c=1.480662e-01 vol=0.30000 mnd=0.000 drho=8.216e-02 p=4.5 b=32.0 solve 0.58s (setup 0.02) it=2 outer=- res=5.81e-06 iter 0.84s
it 184 c=1.480662e-01 vol=0.30000 mnd=0.000 drho=8.241e-02 p=4.5 b=32.0 solve 0.59s (setup 0.03) it=2 outer=- res=5.83e-06 iter 0.85s
it 185 c=1.480662e-01 vol=0.30000 mnd=0.000 drho=8.259e-02 p=4.5 b=32.0 solve 0.58s (setup 0.02) it=2 outer=- res=5.85e-06 iter 0.84s
it 186 c=1.480662e-01 vol=0.30000 mnd=0.000 drho=8.266e-02 p=4.5 b=32.0 solve 0.96s (setup 0.40) it=2 outer=- res=5.84e-06 iter 1.22s
it 187 c=1.480662e-01 vol=0.30000 mnd=0.000 drho=8.259e-02 p=4.5 b=32.0 solve 0.59s (setup 0.03) it=2 outer=- res=5.87e-06 iter 0.85s
it 188 c=1.480662e-01 vol=0.30000 mnd=0.000 drho=8.276e-02 p=4.5 b=32.0 solve 0.58s (setup 0.02) it=2 outer=- res=5.85e-06 iter 0.84s
it 189 c=1.480662e-01 vol=0.30000 mnd=0.000 drho=8.263e-02 p=4.5 b=32.0 solve 0.59s (setup 0.03) it=2 outer=- res=5.88e-06 iter 0.85s
it 190 c=1.480662e-01 vol=0.30000 mnd=0.000 drho=8.280e-02 p=4.5 b=32.0 solve 0.58s (setup 0.02) it=2 outer=- res=5.86e-06 iter 0.84s
it 191 c=1.480662e-01 vol=0.30000 mnd=0.000 drho=8.314e-02 p=4.5 b=32.0 solve 1.14s (setup 0.57) it=2 outer=- res=5.88e-06 iter 1.42s
it 192 c=1.480662e-01 vol=0.30000 mnd=0.000 drho=8.281e-02 p=4.5 b=32.0 solve 0.59s (setup 0.03) it=2 outer=- res=5.86e-06 iter 0.85s
it 193 c=1.480662e-01 vol=0.30000 mnd=0.000 drho=8.314e-02 p=4.5 b=32.0 solve 0.58s (setup 0.02) it=2 outer=- res=5.88e-06 iter 0.84s
it 194 c=1.480662e-01 vol=0.30000 mnd=0.000 drho=8.281e-02 p=4.5 b=32.0 solve 0.59s (setup 0.03) it=2 outer=- res=5.86e-06 iter 0.85s
it 195 c=1.480662e-01 vol=0.30000 mnd=0.000 drho=8.315e-02 p=4.5 b=32.0 solve 0.58s (setup 0.02) it=2 outer=- res=5.88e-06 iter 0.84s
it 196 c=1.480662e-01 vol=0.30000 mnd=0.000 drho=8.281e-02 p=4.5 b=32.0 solve 0.96s (setup 0.40) it=2 outer=- res=5.86e-06 iter 1.22s
it 197 c=1.480662e-01 vol=0.30000 mnd=0.000 drho=8.316e-02 p=4.5 b=32.0 solve 0.59s (setup 0.03) it=2 outer=- res=5.88e-06 iter 0.85s
it 198 c=1.480662e-01 vol=0.30000 mnd=0.000 drho=8.279e-02 p=4.5 b=32.0 solve 0.58s (setup 0.02) it=2 outer=- res=5.86e-06 iter 0.84s
it 199 c=1.480662e-01 vol=0.30000 mnd=0.000 drho=8.315e-02 p=4.5 b=32.0 solve 0.94s (setup 0.03) it=2 outer=- res=5.88e-06 iter 1.20s
it 200 c=1.480662e-01 vol=0.30000 mnd=0.000 drho=8.278e-02 p=4.5 b=32.0 solve 0.59s (setup 0.02) it=2 outer=- res=5.86e-06 iter 0.84s
simp_cantilever_k320_mg64_elem_atomic_200it: status=ok valid=True c=0.14806624636261384 it=200 wall=330.1s
