AUDIT it=1 res=6.15e-06 dc/c=9.40e-13 sens2=6.88e-07 sensmax=1.29e-06 upd=4.05e-06 n>0.001=0
it   1 c=9.284692e-01 vol=0.28644 mnd=0.818 drho=nan p=1.5 b=1.0 solve 0.84s (setup 0.60) it=8 outer=- res=6.15e-06 iter 3.71s
AUDIT it=2 res=9.88e-06 dc/c=1.97e-13 sens2=1.08e-06 sensmax=1.53e-06 upd=1.42e-05 n>0.001=0
it   2 c=5.688355e-01 vol=0.30000 mnd=0.772 drho=2.136e-01 p=1.5 b=1.0 solve 0.25s (setup 0.02) it=8 outer=- res=9.88e-06 iter 0.60s
it   3 c=4.667414e-01 vol=0.30000 mnd=0.715 drho=2.136e-01 p=1.5 b=1.0 solve 0.24s (setup 0.02) it=8 outer=- res=8.71e-06 iter 0.28s
it   4 c=4.156297e-01 vol=0.30000 mnd=0.646 drho=2.159e-01 p=1.5 b=1.0 solve 0.26s (setup 0.01) it=9 outer=- res=3.19e-06 iter 0.30s
AUDIT it=5 res=8.67e-06 dc/c=2.93e-08 sens2=1.52e-06 sensmax=1.02e-06 upd=8.34e-06 n>0.001=0
it   5 c=3.919959e-01 vol=0.30000 mnd=0.595 drho=2.159e-01 p=1.5 b=1.0 solve 0.23s (setup 0.01) it=8 outer=- res=8.67e-06 iter 0.60s
it   6 c=3.827349e-01 vol=0.30000 mnd=0.569 drho=2.159e-01 p=1.5 b=1.0 solve 0.28s (setup 0.06) it=8 outer=- res=5.49e-06 iter 0.32s
it   7 c=3.758297e-01 vol=0.30000 mnd=0.545 drho=2.157e-01 p=1.5 b=1.0 solve 0.23s (setup 0.01) it=8 outer=- res=4.62e-06 iter 0.27s
it   8 c=3.699424e-01 vol=0.30000 mnd=0.522 drho=2.158e-01 p=1.5 b=1.0 solve 0.23s (setup 0.01) it=8 outer=- res=4.30e-06 iter 0.27s
it   9 c=3.645826e-01 vol=0.30000 mnd=0.500 drho=2.066e-01 p=1.5 b=1.0 solve 0.23s (setup 0.01) it=8 outer=- res=4.78e-06 iter 0.28s
AUDIT it=10 res=5.89e-06 dc/c=1.35e-07 sens2=1.04e-06 sensmax=5.67e-07 upd=6.44e-06 n>0.001=0
it  10 c=3.595200e-01 vol=0.30000 mnd=0.478 drho=1.420e-01 p=1.5 b=1.0 solve 0.24s (setup 0.01) it=8 outer=- res=5.89e-06 iter 0.65s
it  11 c=3.546326e-01 vol=0.30000 mnd=0.457 drho=1.373e-01 p=1.5 b=1.0 solve 0.45s (setup 0.13) it=8 outer=- res=9.86e-06 iter 0.49s
it  12 c=3.498388e-01 vol=0.30000 mnd=0.436 drho=1.375e-01 p=1.5 b=1.0 solve 0.26s (setup 0.01) it=9 outer=- res=6.31e-06 iter 0.30s
it  13 c=3.451139e-01 vol=0.30000 mnd=0.414 drho=1.367e-01 p=1.5 b=1.0 solve 0.26s (setup 0.01) it=9 outer=- res=9.91e-06 iter 0.30s
it  14 c=3.404722e-01 vol=0.30000 mnd=0.392 drho=1.507e-01 p=1.5 b=1.0 solve 0.28s (setup 0.01) it=10 outer=- res=5.26e-06 iter 0.31s
AUDIT it=15 res=6.82e-06 dc/c=5.24e-08 sens2=1.36e-06 sensmax=3.26e-07 upd=1.22e-05 n>0.001=0
it  15 c=3.359573e-01 vol=0.30000 mnd=0.370 drho=1.444e-01 p=1.5 b=1.0 solve 0.29s (setup 0.01) it=10 outer=- res=6.82e-06 iter 0.83s
AUDIT it=16 res=6.44e-06 dc/c=1.34e-08 sens2=5.84e-07 sensmax=2.29e-06 upd=2.00e-05 n>0.001=0
it  16 c=6.959676e-01 vol=0.27262 mnd=0.249 drho=2.829e-01 p=3.5 b=4.0 solve 0.58s (setup 0.06) it=20 outer=- res=6.44e-06 iter 1.24s
AUDIT it=17 res=8.16e-06 dc/c=3.84e-08 sens2=2.34e-06 sensmax=2.29e-06 upd=3.56e-05 n>0.001=0
it  17 c=3.778357e-01 vol=0.30000 mnd=0.181 drho=3.024e-01 p=3.5 b=4.0 solve 0.54s (setup 0.02) it=20 outer=- res=8.16e-06 iter 1.23s
it  18 c=3.345127e-01 vol=0.30000 mnd=0.106 drho=3.024e-01 p=3.5 b=4.0 solve 0.46s (setup 0.02) it=17 outer=- res=7.21e-06 iter 0.50s
it  19 c=3.125641e-01 vol=0.30000 mnd=0.052 drho=2.974e-01 p=3.5 b=4.0 solve 0.42s (setup 0.01) it=15 outer=- res=5.53e-06 iter 0.45s
AUDIT it=20 res=9.01e-06 dc/c=3.46e-08 sens2=1.25e-06 sensmax=7.69e-07 upd=2.32e-05 n>0.001=0
it  20 c=3.034164e-01 vol=0.30000 mnd=0.024 drho=2.697e-01 p=3.5 b=4.0 solve 0.39s (setup 0.01) it=14 outer=- res=9.01e-06 iter 1.05s
it  21 c=3.001593e-01 vol=0.30000 mnd=0.014 drho=2.552e-01 p=3.5 b=4.0 solve 0.60s (setup 0.13) it=14 outer=- res=7.00e-06 iter 0.63s
it  22 c=2.988994e-01 vol=0.30000 mnd=0.010 drho=2.554e-01 p=3.5 b=4.0 solve 0.31s (setup 0.01) it=11 outer=- res=8.56e-06 iter 0.34s
it  23 c=2.982878e-01 vol=0.30000 mnd=0.009 drho=2.355e-01 p=3.5 b=4.0 solve 0.31s (setup 0.01) it=11 outer=- res=7.97e-06 iter 0.34s
it  24 c=2.979096e-01 vol=0.30000 mnd=0.008 drho=2.241e-01 p=3.5 b=4.0 solve 0.33s (setup 0.01) it=12 outer=- res=7.16e-06 iter 0.36s
it  25 c=2.976471e-01 vol=0.30000 mnd=0.007 drho=2.209e-01 p=3.5 b=4.0 solve 0.33s (setup 0.01) it=12 outer=- res=5.84e-06 iter 0.37s
it  26 c=2.974477e-01 vol=0.30000 mnd=0.007 drho=2.366e-01 p=3.5 b=4.0 solve 0.35s (setup 0.05) it=11 outer=- res=6.76e-06 iter 0.38s
it  27 c=2.972899e-01 vol=0.30000 mnd=0.007 drho=2.363e-01 p=3.5 b=4.0 solve 0.29s (setup 0.01) it=10 outer=- res=7.03e-06 iter 0.32s
it  28 c=2.971628e-01 vol=0.30000 mnd=0.007 drho=2.324e-01 p=3.5 b=4.0 solve 0.25s (setup 0.01) it=9 outer=- res=9.15e-06 iter 0.29s
it  29 c=2.970603e-01 vol=0.30000 mnd=0.007 drho=2.031e-01 p=3.5 b=4.0 solve 0.29s (setup 0.01) it=10 outer=- res=7.36e-06 iter 0.32s
AUDIT it=30 res=7.62e-06 dc/c=7.51e-09 sens2=1.18e-06 sensmax=1.24e-06 upd=3.12e-05 n>0.001=0
it  30 c=2.969775e-01 vol=0.30000 mnd=0.007 drho=2.031e-01 p=3.5 b=4.0 solve 0.26s (setup 0.01) it=9 outer=- res=7.62e-06 iter 0.91s
it  31 c=2.969078e-01 vol=0.30000 mnd=0.007 drho=1.948e-01 p=3.5 b=4.0 solve 0.47s (setup 0.12) it=9 outer=- res=7.46e-06 iter 0.50s
it  32 c=2.968478e-01 vol=0.30000 mnd=0.006 drho=1.854e-01 p=3.5 b=4.0 solve 0.26s (setup 0.01) it=9 outer=- res=7.69e-06 iter 0.29s
it  33 c=2.967947e-01 vol=0.30000 mnd=0.006 drho=1.838e-01 p=3.5 b=4.0 solve 0.26s (setup 0.01) it=9 outer=- res=6.77e-06 iter 0.30s
it  34 c=2.967461e-01 vol=0.30000 mnd=0.006 drho=1.829e-01 p=3.5 b=4.0 solve 0.26s (setup 0.01) it=9 outer=- res=6.59e-06 iter 0.30s
it  35 c=2.967015e-01 vol=0.30000 mnd=0.006 drho=1.827e-01 p=3.5 b=4.0 solve 0.26s (setup 0.01) it=9 outer=- res=5.93e-06 iter 0.29s
it  36 c=2.966597e-01 vol=0.30000 mnd=0.006 drho=1.826e-01 p=3.5 b=4.0 solve 0.30s (setup 0.05) it=9 outer=- res=5.21e-06 iter 0.34s
it  37 c=2.966210e-01 vol=0.30000 mnd=0.006 drho=1.815e-01 p=3.5 b=4.0 solve 0.24s (setup 0.01) it=8 outer=- res=7.59e-06 iter 0.27s
it  38 c=2.965853e-01 vol=0.30000 mnd=0.006 drho=1.828e-01 p=3.5 b=4.0 solve 0.23s (setup 0.01) it=8 outer=- res=6.67e-06 iter 0.27s
it  39 c=2.965512e-01 vol=0.30000 mnd=0.006 drho=1.720e-01 p=3.5 b=4.0 solve 0.23s (setup 0.01) it=8 outer=- res=7.27e-06 iter 0.27s
AUDIT it=40 res=7.01e-06 dc/c=3.00e-09 sens2=9.27e-07 sensmax=9.70e-07 upd=2.01e-05 n>0.001=0
it  40 c=2.965187e-01 vol=0.30000 mnd=0.006 drho=1.755e-01 p=3.5 b=4.0 solve 0.23s (setup 0.01) it=8 outer=- res=7.01e-06 iter 0.90s
AUDIT it=41 res=9.90e-06 dc/c=1.02e-08 sens2=5.04e-06 sensmax=5.05e-06 upd=1.73e-06 n>0.001=0
it  41 c=2.946371e-01 vol=0.29992 mnd=0.000 drho=4.486e-01 p=4.5 b=16.0 solve 0.52s (setup 0.12) it=12 outer=- res=9.90e-06 iter 1.22s
AUDIT it=42 res=9.16e-06 dc/c=3.82e-10 sens2=1.43e-05 sensmax=2.89e-05 upd=2.10e-05 n>0.001=0
it  42 c=2.945868e-01 vol=0.30000 mnd=0.000 drho=4.559e-01 p=4.5 b=16.0 solve 0.24s (setup 0.02) it=8 outer=- res=9.16e-06 iter 0.94s
it  43 c=2.945443e-01 vol=0.30000 mnd=0.000 drho=3.942e-01 p=4.5 b=16.0 solve 0.24s (setup 0.02) it=8 outer=- res=7.54e-06 iter 0.27s
it  44 c=2.945227e-01 vol=0.30000 mnd=0.000 drho=3.635e-01 p=4.5 b=16.0 solve 0.21s (setup 0.01) it=7 outer=- res=7.70e-06 iter 0.24s
it  45 c=2.945138e-01 vol=0.30000 mnd=0.000 drho=4.955e-01 p=4.5 b=16.0 solve 0.19s (setup 0.01) it=6 outer=- res=7.56e-06 iter 0.22s
it  46 c=2.945099e-01 vol=0.30000 mnd=0.000 drho=4.407e-01 p=4.5 b=16.0 solve 0.22s (setup 0.05) it=6 outer=- res=6.56e-06 iter 0.26s
it  47 c=2.945083e-01 vol=0.30000 mnd=0.000 drho=3.658e-01 p=4.5 b=16.0 solve 0.15s (setup 0.01) it=5 outer=- res=4.03e-06 iter 0.19s
it  48 c=2.945077e-01 vol=0.30000 mnd=0.000 drho=3.150e-01 p=4.5 b=16.0 solve 0.13s (setup 0.01) it=4 outer=- res=9.03e-06 iter 0.16s
it  49 c=2.945074e-01 vol=0.30000 mnd=0.000 drho=1.153e-01 p=4.5 b=16.0 solve 0.13s (setup 0.01) it=4 outer=- res=3.03e-06 iter 0.16s
AUDIT it=50 res=5.81e-06 dc/c=2.05e-09 sens2=6.33e-06 sensmax=5.15e-05 upd=1.58e-05 n>0.001=0
it  50 c=2.945072e-01 vol=0.30000 mnd=0.000 drho=2.134e-02 p=4.5 b=16.0 solve 0.11s (setup 0.01) it=3 outer=- res=5.81e-06 iter 0.72s
it  51 c=2.945072e-01 vol=0.30000 mnd=0.000 drho=2.135e-02 p=4.5 b=16.0 solve 0.32s (setup 0.13) it=3 outer=- res=2.85e-06 iter 0.36s
it  52 c=2.945071e-01 vol=0.30000 mnd=0.000 drho=2.134e-02 p=4.5 b=16.0 solve 0.09s (setup 0.01) it=2 outer=- res=8.81e-06 iter 0.13s
it  53 c=2.945071e-01 vol=0.30000 mnd=0.000 drho=2.135e-02 p=4.5 b=16.0 solve 0.08s (setup 0.01) it=2 outer=- res=8.24e-06 iter 0.12s
it  54 c=2.945071e-01 vol=0.30000 mnd=0.000 drho=2.134e-02 p=4.5 b=16.0 solve 0.08s (setup 0.01) it=2 outer=- res=8.25e-06 iter 0.11s
it  55 c=2.945070e-01 vol=0.30000 mnd=0.000 drho=2.135e-02 p=4.5 b=16.0 solve 0.08s (setup 0.01) it=2 outer=- res=8.08e-06 iter 0.12s
it  56 c=2.945070e-01 vol=0.30000 mnd=0.000 drho=2.134e-02 p=4.5 b=16.0 solve 0.12s (setup 0.05) it=2 outer=- res=8.15e-06 iter 0.16s
it  57 c=2.945070e-01 vol=0.30000 mnd=0.000 drho=2.135e-02 p=4.5 b=16.0 solve 0.08s (setup 0.01) it=2 outer=- res=7.84e-06 iter 0.12s
it  58 c=2.945070e-01 vol=0.30000 mnd=0.000 drho=2.134e-02 p=4.5 b=16.0 solve 0.08s (setup 0.01) it=2 outer=- res=7.91e-06 iter 0.11s
it  59 c=2.945070e-01 vol=0.30000 mnd=0.000 drho=2.135e-02 p=4.5 b=16.0 solve 0.09s (setup 0.01) it=2 outer=- res=7.48e-06 iter 0.12s
AUDIT it=60 res=7.60e-06 dc/c=5.33e-10 sens2=1.28e-05 sensmax=9.53e-05 upd=1.47e-05 n>0.001=0
it  60 c=2.945070e-01 vol=0.30000 mnd=0.000 drho=2.134e-02 p=4.5 b=16.0 solve 0.08s (setup 0.01) it=2 outer=- res=7.60e-06 iter 0.66s
it  61 c=2.945069e-01 vol=0.30000 mnd=0.000 drho=2.135e-02 p=4.5 b=16.0 solve 0.25s (setup 0.12) it=2 outer=- res=7.31e-06 iter 0.31s
it  62 c=2.945069e-01 vol=0.30000 mnd=0.000 drho=2.134e-02 p=4.5 b=16.0 solve 0.10s (setup 0.02) it=2 outer=- res=7.36e-06 iter 0.13s
it  63 c=2.945069e-01 vol=0.30000 mnd=0.000 drho=2.135e-02 p=4.5 b=16.0 solve 0.08s (setup 0.01) it=2 outer=- res=7.39e-06 iter 0.11s
it  64 c=2.945069e-01 vol=0.30000 mnd=0.000 drho=2.134e-02 p=4.5 b=16.0 solve 0.08s (setup 0.01) it=2 outer=- res=7.41e-06 iter 0.12s
AUDIT it=65 res=7.42e-06 dc/c=1.87e-09 sens2=5.73e-06 sensmax=1.47e-05 upd=3.95e-05 n>0.001=0
it  65 c=2.945069e-01 vol=0.30000 mnd=0.000 drho=2.135e-02 p=4.5 b=16.0 solve 0.08s (setup 0.01) it=2 outer=- res=7.42e-06 iter 0.66s
AUDIT it=66 res=4.53e-06 dc/c=4.12e-09 sens2=3.87e-06 sensmax=4.50e-06 upd=0.00e+00 n>0.001=0
it  66 c=2.945045e-01 vol=0.30000 mnd=0.000 drho=1.289e-02 p=4.5 b=32.0 solve 0.15s (setup 0.06) it=3 outer=- res=4.53e-06 iter 0.88s
AUDIT it=67 res=4.53e-06 dc/c=4.39e-09 sens2=1.24e-05 sensmax=3.38e-05 upd=0.00e+00 n>0.001=0
it  67 c=2.945045e-01 vol=0.30000 mnd=0.000 drho=3.030e-03 p=4.5 b=32.0 solve 0.03s (setup 0.02) it=0 outer=- res=4.53e-06 iter 0.75s
it  68 c=2.945045e-01 vol=0.30000 mnd=0.000 drho=2.486e-02 p=4.5 b=32.0 solve 0.03s (setup 0.02) it=0 outer=- res=4.53e-06 iter 0.10s
it  69 c=2.945045e-01 vol=0.30000 mnd=0.000 drho=1.038e-01 p=4.5 b=32.0 solve 0.02s (setup 0.01) it=0 outer=- res=4.81e-06 iter 0.09s
AUDIT it=70 res=6.27e-06 dc/c=2.21e-09 sens2=2.46e-04 sensmax=3.05e-04 upd=0.00e+00 n>0.001=0
it  70 c=2.945045e-01 vol=0.30000 mnd=0.000 drho=2.977e-01 p=4.5 b=32.0 solve 0.11s (setup 0.01) it=3 outer=- res=6.27e-06 iter 0.82s
it  71 c=2.945031e-01 vol=0.30003 mnd=0.000 drho=5.248e-01 p=4.5 b=32.0 solve 0.38s (setup 0.13) it=6 outer=- res=6.50e-06 iter 0.46s
it  72 c=2.945008e-01 vol=0.30000 mnd=0.000 drho=5.051e-01 p=4.5 b=32.0 solve 0.18s (setup 0.01) it=6 outer=- res=7.23e-06 iter 0.22s
it  73 c=2.945016e-01 vol=0.30000 mnd=0.000 drho=3.673e-01 p=4.5 b=32.0 solve 0.16s (setup 0.01) it=5 outer=- res=4.36e-06 iter 0.19s
it  74 c=2.945010e-01 vol=0.30000 mnd=0.000 drho=2.741e-01 p=4.5 b=32.0 solve 0.16s (setup 0.01) it=5 outer=- res=8.49e-06 iter 0.20s
it  75 c=2.945008e-01 vol=0.30000 mnd=0.000 drho=2.317e-01 p=4.5 b=32.0 solve 0.13s (setup 0.01) it=4 outer=- res=5.20e-06 iter 0.16s
AUDIT it=76 res=8.32e-06 dc/c=1.00e-09 sens2=6.15e-05 sensmax=5.72e-05 upd=1.85e-05 n>0.001=0
it  76 c=2.945006e-01 vol=0.30000 mnd=0.000 drho=3.418e-01 p=4.5 b=32.0 solve 0.18s (setup 0.05) it=4 outer=- res=8.32e-06 iter 0.76s
it  77 c=2.945006e-01 vol=0.30000 mnd=0.000 drho=9.706e-02 p=4.5 b=32.0 solve 0.14s (setup 0.02) it=4 outer=- res=2.03e-06 iter 0.17s
