it   1 c=1.837001e+00 vol=0.28644 mnd=0.818 drho=nan p=1.5 b=1.0 solve 0.27s (setup 0.19) it=10 outer=- res=2.01e-07 iter 0.39s
it   2 c=1.129218e+00 vol=0.30000 mnd=0.772 drho=2.136e-01 p=1.5 b=1.0 solve 0.07s (setup 0.01) it=10 outer=- res=2.63e-07 iter 0.08s
it   3 c=9.288413e-01 vol=0.30000 mnd=0.716 drho=2.136e-01 p=1.5 b=1.0 solve 0.07s (setup 0.01) it=10 outer=- res=3.18e-07 iter 0.07s
it   4 c=8.282974e-01 vol=0.30000 mnd=0.646 drho=2.157e-01 p=1.5 b=1.0 solve 0.07s (setup 0.01) it=10 outer=- res=6.60e-07 iter 0.08s
it   5 c=7.815444e-01 vol=0.30000 mnd=0.596 drho=2.159e-01 p=1.5 b=1.0 solve 0.07s (setup 0.01) it=10 outer=- res=7.72e-07 iter 0.07s
it   6 c=7.630485e-01 vol=0.30000 mnd=0.570 drho=2.157e-01 p=1.5 b=1.0 solve 0.08s (setup 0.03) it=10 outer=- res=3.28e-07 iter 0.09s
it   7 c=7.492886e-01 vol=0.30000 mnd=0.546 drho=2.155e-01 p=1.5 b=1.0 solve 0.07s (setup 0.01) it=10 outer=- res=3.45e-07 iter 0.07s
it   8 c=7.376272e-01 vol=0.30000 mnd=0.524 drho=2.025e-01 p=1.5 b=1.0 solve 0.07s (setup 0.01) it=10 outer=- res=2.90e-07 iter 0.08s
it   9 c=7.270274e-01 vol=0.30000 mnd=0.502 drho=1.311e-01 p=1.5 b=1.0 solve 0.07s (setup 0.01) it=10 outer=- res=3.06e-07 iter 0.07s
it  10 c=7.170573e-01 vol=0.30000 mnd=0.481 drho=1.148e-01 p=1.5 b=1.0 solve 0.07s (setup 0.01) it=10 outer=- res=4.75e-07 iter 0.07s
it  11 c=7.074430e-01 vol=0.30000 mnd=0.461 drho=1.178e-01 p=1.5 b=1.0 solve 0.10s (setup 0.03) it=11 outer=- res=4.46e-07 iter 0.10s
it  12 c=6.980315e-01 vol=0.30000 mnd=0.440 drho=1.166e-01 p=1.5 b=1.0 solve 0.08s (setup 0.01) it=11 outer=- res=7.19e-07 iter 0.08s
it  13 c=6.887489e-01 vol=0.30000 mnd=0.419 drho=1.094e-01 p=1.5 b=1.0 solve 0.08s (setup 0.01) it=12 outer=- res=4.73e-07 iter 0.08s
it  14 c=6.796225e-01 vol=0.30000 mnd=0.398 drho=1.074e-01 p=1.5 b=1.0 solve 0.07s (setup 0.01) it=12 outer=- res=6.71e-07 iter 0.08s
it  15 c=6.707537e-01 vol=0.30000 mnd=0.376 drho=1.083e-01 p=1.5 b=1.0 solve 0.09s (setup 0.01) it=13 outer=- res=5.48e-07 iter 0.09s
it  16 c=1.414868e+00 vol=0.27272 mnd=0.251 drho=2.782e-01 p=3.5 b=4.0 solve 0.13s (setup 0.03) it=20 outer=- res=9.44e-07 iter 0.14s
it  17 c=7.594320e-01 vol=0.30000 mnd=0.188 drho=3.024e-01 p=3.5 b=4.0 solve 0.13s (setup 0.01) it=22 outer=- res=7.32e-07 iter 0.14s
it  18 c=6.715876e-01 vol=0.30000 mnd=0.112 drho=3.021e-01 p=3.5 b=4.0 solve 0.10s (setup 0.01) it=18 outer=- res=7.74e-07 iter 0.11s
it  19 c=6.274430e-01 vol=0.30000 mnd=0.059 drho=2.830e-01 p=3.5 b=4.0 solve 0.10s (setup 0.01) it=17 outer=- res=6.06e-07 iter 0.11s
it  20 c=6.089223e-01 vol=0.30000 mnd=0.032 drho=2.420e-01 p=3.5 b=4.0 solve 0.10s (setup 0.01) it=17 outer=- res=5.72e-07 iter 0.10s
it  21 c=6.020811e-01 vol=0.30000 mnd=0.022 drho=2.402e-01 p=3.5 b=4.0 solve 0.26s (setup 0.06) it=16 outer=- res=8.61e-07 iter 0.27s
it  22 c=5.992146e-01 vol=0.30000 mnd=0.018 drho=2.274e-01 p=3.5 b=4.0 solve 0.10s (setup 0.01) it=16 outer=- res=5.20e-07 iter 0.11s
it  23 c=5.976439e-01 vol=0.30000 mnd=0.016 drho=2.273e-01 p=3.5 b=4.0 solve 0.10s (setup 0.01) it=15 outer=- res=8.02e-07 iter 0.11s
it  24 c=5.966256e-01 vol=0.30000 mnd=0.015 drho=2.154e-01 p=3.5 b=4.0 solve 0.08s (setup 0.01) it=13 outer=- res=7.15e-07 iter 0.08s
it  25 c=5.959215e-01 vol=0.30000 mnd=0.014 drho=1.915e-01 p=3.5 b=4.0 solve 0.09s (setup 0.01) it=14 outer=- res=9.16e-07 iter 0.09s
it  26 c=5.954059e-01 vol=0.30000 mnd=0.014 drho=1.919e-01 p=3.5 b=4.0 solve 0.10s (setup 0.03) it=14 outer=- res=9.74e-07 iter 0.11s
it  27 c=5.949921e-01 vol=0.30000 mnd=0.013 drho=1.898e-01 p=3.5 b=4.0 solve 0.09s (setup 0.01) it=14 outer=- res=8.75e-07 iter 0.10s
it  28 c=5.946411e-01 vol=0.30000 mnd=0.013 drho=1.856e-01 p=3.5 b=4.0 solve 0.08s (setup 0.01) it=14 outer=- res=7.42e-07 iter 0.09s
it  29 c=5.943456e-01 vol=0.30000 mnd=0.013 drho=1.827e-01 p=3.5 b=4.0 solve 0.09s (setup 0.01) it=14 outer=- res=5.87e-07 iter 0.09s
it  30 c=5.941067e-01 vol=0.30000 mnd=0.013 drho=1.825e-01 p=3.5 b=4.0 solve 0.08s (setup 0.01) it=13 outer=- res=8.29e-07 iter 0.08s
it  31 c=5.939008e-01 vol=0.30000 mnd=0.013 drho=1.806e-01 p=3.5 b=4.0 solve 0.21s (setup 0.06) it=13 outer=- res=8.35e-07 iter 0.22s
it  32 c=5.937160e-01 vol=0.30000 mnd=0.013 drho=1.825e-01 p=3.5 b=4.0 solve 0.09s (setup 0.01) it=13 outer=- res=6.22e-07 iter 0.09s
it  33 c=5.935498e-01 vol=0.30000 mnd=0.012 drho=1.820e-01 p=3.5 b=4.0 solve 0.08s (setup 0.01) it=12 outer=- res=7.70e-07 iter 0.09s
it  34 c=5.933922e-01 vol=0.30000 mnd=0.012 drho=2.025e-01 p=3.5 b=4.0 solve 0.08s (setup 0.01) it=13 outer=- res=5.20e-07 iter 0.08s
it  35 c=5.932415e-01 vol=0.30000 mnd=0.012 drho=2.029e-01 p=3.5 b=4.0 solve 0.07s (setup 0.01) it=11 outer=- res=9.08e-07 iter 0.08s
it  36 c=5.931004e-01 vol=0.30000 mnd=0.012 drho=1.952e-01 p=3.5 b=4.0 solve 0.08s (setup 0.02) it=11 outer=- res=9.59e-07 iter 0.09s
it  37 c=5.929708e-01 vol=0.30000 mnd=0.012 drho=1.884e-01 p=3.5 b=4.0 solve 0.07s (setup 0.01) it=12 outer=- res=7.48e-07 iter 0.08s
it  38 c=5.928525e-01 vol=0.30000 mnd=0.012 drho=1.783e-01 p=3.5 b=4.0 solve 0.07s (setup 0.01) it=11 outer=- res=9.94e-07 iter 0.08s
it  39 c=5.927395e-01 vol=0.30000 mnd=0.012 drho=1.822e-01 p=3.5 b=4.0 solve 0.07s (setup 0.01) it=12 outer=- res=7.90e-07 iter 0.08s
it  40 c=5.926293e-01 vol=0.30000 mnd=0.012 drho=1.764e-01 p=3.5 b=4.0 solve 0.07s (setup 0.01) it=12 outer=- res=7.62e-07 iter 0.08s
it  41 c=5.852473e-01 vol=0.29988 mnd=0.000 drho=4.508e-01 p=4.5 b=16.0 solve 0.23s (setup 0.06) it=16 outer=- res=8.40e-07 iter 0.25s
it  42 c=5.850684e-01 vol=0.30000 mnd=0.000 drho=4.179e-01 p=4.5 b=16.0 solve 0.11s (setup 0.02) it=12 outer=- res=7.91e-07 iter 0.11s
it  43 c=5.849305e-01 vol=0.30000 mnd=0.000 drho=3.051e-01 p=4.5 b=16.0 solve 0.08s (setup 0.01) it=13 outer=- res=6.51e-07 iter 0.09s
it  44 c=5.848722e-01 vol=0.30000 mnd=0.000 drho=2.583e-01 p=4.5 b=16.0 solve 0.07s (setup 0.01) it=11 outer=- res=9.19e-07 iter 0.08s
it  45 c=5.848538e-01 vol=0.30000 mnd=0.000 drho=1.809e-01 p=4.5 b=16.0 solve 0.07s (setup 0.01) it=10 outer=- res=6.67e-07 iter 0.07s
it  46 c=5.848442e-01 vol=0.30000 mnd=0.000 drho=4.012e-01 p=4.5 b=16.0 solve 0.08s (setup 0.02) it=10 outer=- res=5.88e-07 iter 0.09s
it  47 c=5.848363e-01 vol=0.30000 mnd=0.000 drho=4.144e-01 p=4.5 b=16.0 solve 0.06s (setup 0.01) it=8 outer=- res=9.98e-07 iter 0.06s
it  48 c=5.848337e-01 vol=0.30000 mnd=0.000 drho=1.453e-01 p=4.5 b=16.0 solve 0.05s (setup 0.01) it=8 outer=- res=4.49e-07 iter 0.06s
it  49 c=5.848329e-01 vol=0.30000 mnd=0.000 drho=2.093e-02 p=4.5 b=16.0 solve 0.05s (setup 0.01) it=7 outer=- res=5.33e-07 iter 0.06s
it  50 c=5.848324e-01 vol=0.30000 mnd=0.000 drho=1.420e-02 p=4.5 b=16.0 solve 0.05s (setup 0.01) it=6 outer=- res=7.19e-07 iter 0.05s
it  51 c=5.848322e-01 vol=0.30000 mnd=0.000 drho=8.806e-03 p=4.5 b=16.0 solve 0.14s (setup 0.06) it=6 outer=- res=6.15e-07 iter 0.15s
it  52 c=5.848320e-01 vol=0.30000 mnd=0.000 drho=8.820e-03 p=4.5 b=16.0 solve 0.11s (setup 0.03) it=6 outer=- res=4.88e-07 iter 0.12s
it  53 c=5.848320e-01 vol=0.30000 mnd=0.000 drho=1.171e-02 p=4.5 b=16.0 solve 0.06s (setup 0.02) it=6 outer=- res=6.11e-07 iter 0.07s
it  54 c=5.848318e-01 vol=0.30000 mnd=0.000 drho=1.624e-02 p=4.5 b=16.0 solve 0.05s (setup 0.01) it=6 outer=- res=5.93e-07 iter 0.05s
it  55 c=5.848318e-01 vol=0.30000 mnd=0.000 drho=2.333e-02 p=4.5 b=16.0 solve 0.04s (setup 0.01) it=6 outer=- res=8.73e-07 iter 0.05s
it  56 c=5.848317e-01 vol=0.30000 mnd=0.000 drho=3.336e-02 p=4.5 b=16.0 solve 0.06s (setup 0.03) it=6 outer=- res=9.69e-07 iter 0.06s
it  57 c=5.848316e-01 vol=0.30000 mnd=0.000 drho=4.414e-02 p=4.5 b=16.0 solve 0.05s (setup 0.01) it=7 outer=- res=7.89e-07 iter 0.05s
it  58 c=5.848314e-01 vol=0.30000 mnd=0.000 drho=5.851e-02 p=4.5 b=16.0 solve 0.05s (setup 0.01) it=7 outer=- res=7.35e-07 iter 0.05s
it  59 c=5.848312e-01 vol=0.30000 mnd=0.000 drho=8.759e-02 p=4.5 b=16.0 solve 0.05s (setup 0.01) it=7 outer=- res=9.44e-07 iter 0.05s
it  60 c=5.848308e-01 vol=0.30000 mnd=0.000 drho=2.004e-01 p=4.5 b=16.0 solve 0.06s (setup 0.01) it=8 outer=- res=5.47e-07 iter 0.06s
it  61 c=5.848298e-01 vol=0.30000 mnd=0.000 drho=3.992e-01 p=4.5 b=16.0 solve 0.16s (setup 0.06) it=7 outer=- res=6.15e-07 iter 0.17s
it  62 c=5.848293e-01 vol=0.30000 mnd=0.000 drho=3.724e-01 p=4.5 b=16.0 solve 0.08s (setup 0.03) it=6 outer=- res=5.58e-07 iter 0.08s
it  63 c=5.848290e-01 vol=0.30000 mnd=0.000 drho=9.088e-02 p=4.5 b=16.0 solve 0.04s (setup 0.01) it=5 outer=- res=4.94e-07 iter 0.05s
it  64 c=5.848289e-01 vol=0.30000 mnd=0.000 drho=1.214e-02 p=4.5 b=16.0 solve 0.04s (setup 0.01) it=4 outer=- res=7.74e-07 iter 0.04s
it  65 c=5.848288e-01 vol=0.30000 mnd=0.000 drho=9.085e-03 p=4.5 b=16.0 solve 0.04s (setup 0.01) it=4 outer=- res=5.02e-07 iter 0.04s
it  66 c=5.848202e-01 vol=0.30000 mnd=0.000 drho=1.200e-02 p=4.5 b=32.0 solve 0.06s (setup 0.03) it=6 outer=- res=5.21e-07 iter 0.07s
it  67 c=5.848202e-01 vol=0.30000 mnd=0.000 drho=5.512e-04 p=4.5 b=32.0 solve 0.01s (setup 0.01) it=0 outer=- res=6.19e-07 iter 0.03s
it  68 c=5.848202e-01 vol=0.30000 mnd=0.000 drho=1.296e-02 p=4.5 b=32.0 solve 0.01s (setup 0.01) it=0 outer=- res=6.43e-07 iter 0.02s
it  69 c=5.848202e-01 vol=0.30000 mnd=0.000 drho=1.875e-01 p=4.5 b=32.0 solve 0.02s (setup 0.01) it=2 outer=- res=5.47e-07 iter 0.04s
it  70 c=5.848198e-01 vol=0.30001 mnd=0.000 drho=6.209e-01 p=4.5 b=32.0 solve 0.05s (setup 0.01) it=8 outer=- res=8.15e-07 iter 0.07s
it  71 c=5.848150e-01 vol=0.30009 mnd=0.000 drho=6.327e-01 p=4.5 b=32.0 solve 0.22s (setup 0.06) it=11 outer=- res=5.30e-07 iter 0.24s
it  72 c=5.848001e-01 vol=0.30003 mnd=0.000 drho=3.839e-01 p=4.5 b=32.0 solve 0.10s (setup 0.03) it=12 outer=- res=5.06e-07 iter 0.11s
it  73 c=5.848188e-01 vol=0.30000 mnd=0.000 drho=6.638e-01 p=4.5 b=32.0 solve 0.08s (setup 0.01) it=12 outer=- res=6.66e-07 iter 0.09s
it  74 c=5.848180e-01 vol=0.30000 mnd=0.000 drho=2.170e-01 p=4.5 b=32.0 solve 0.06s (setup 0.01) it=8 outer=- res=9.22e-07 iter 0.06s
it  75 c=5.848176e-01 vol=0.30000 mnd=0.000 drho=1.541e-01 p=4.5 b=32.0 solve 0.06s (setup 0.01) it=8 outer=- res=5.29e-07 iter 0.07s
it  76 c=5.848176e-01 vol=0.30000 mnd=0.000 drho=2.186e-02 p=4.5 b=32.0 solve 0.05s (setup 0.03) it=5 outer=- res=6.38e-07 iter 0.06s
