AUDIT it=1 res=5.68e-06 dc/c=3.76e-11 sens2=1.76e-06 sensmax=7.02e-06 upd=2.59e-06 n>0.001=0
it   1 c=3.742624e-01 vol=0.18481 mnd=0.603 drho=nan p=1.5 b=1.0 solve 1.08s (setup 0.61) it=17 outer=- res=5.68e-06 iter 1.69s
AUDIT it=2 res=9.17e-06 dc/c=1.64e-11 sens2=3.68e-06 sensmax=7.55e-06 upd=8.46e-06 n>0.001=0
it   2 c=1.796784e-01 vol=0.20000 mnd=0.605 drho=2.073e-01 p=1.5 b=1.0 solve 0.49s (setup 0.02) it=17 outer=- res=9.17e-06 iter 1.01s
it   3 c=1.402963e-01 vol=0.20000 mnd=0.573 drho=2.157e-01 p=1.5 b=1.0 solve 0.49s (setup 0.02) it=18 outer=- res=8.57e-06 iter 0.53s
it   4 c=1.228942e-01 vol=0.20000 mnd=0.536 drho=2.107e-01 p=1.5 b=1.0 solve 0.49s (setup 0.01) it=18 outer=- res=7.26e-06 iter 0.53s
AUDIT it=5 res=4.84e-06 dc/c=3.79e-08 sens2=1.15e-06 sensmax=2.13e-06 upd=3.22e-06 n>0.001=0
it   5 c=1.124029e-01 vol=0.20000 mnd=0.499 drho=1.976e-01 p=1.5 b=1.0 solve 0.49s (setup 0.01) it=18 outer=- res=4.84e-06 iter 1.03s
it   6 c=1.075112e-01 vol=0.20000 mnd=0.471 drho=1.934e-01 p=1.5 b=1.0 solve 0.46s (setup 0.06) it=15 outer=- res=6.37e-06 iter 0.50s
it   7 c=1.038277e-01 vol=0.20000 mnd=0.446 drho=1.596e-01 p=1.5 b=1.0 solve 0.42s (setup 0.01) it=15 outer=- res=7.27e-06 iter 0.46s
it   8 c=1.007501e-01 vol=0.20000 mnd=0.422 drho=1.516e-01 p=1.5 b=1.0 solve 0.41s (setup 0.01) it=15 outer=- res=6.98e-06 iter 0.45s
it   9 c=9.805814e-02 vol=0.20000 mnd=0.398 drho=1.553e-01 p=1.5 b=1.0 solve 0.42s (setup 0.01) it=15 outer=- res=6.59e-06 iter 0.46s
AUDIT it=10 res=6.59e-06 dc/c=2.29e-08 sens2=1.78e-06 sensmax=2.20e-06 upd=5.54e-06 n>0.001=0
it  10 c=9.567014e-02 vol=0.20000 mnd=0.374 drho=1.498e-01 p=1.5 b=1.0 solve 0.41s (setup 0.01) it=15 outer=- res=6.59e-06 iter 1.05s
it  11 c=9.354578e-02 vol=0.20000 mnd=0.350 drho=1.243e-01 p=1.5 b=1.0 solve 0.58s (setup 0.12) it=15 outer=- res=5.79e-06 iter 0.62s
it  12 c=9.166011e-02 vol=0.20000 mnd=0.327 drho=1.163e-01 p=1.5 b=1.0 solve 0.42s (setup 0.01) it=15 outer=- res=6.29e-06 iter 0.45s
it  13 c=8.998636e-02 vol=0.20000 mnd=0.305 drho=1.048e-01 p=1.5 b=1.0 solve 0.41s (setup 0.01) it=15 outer=- res=6.20e-06 iter 0.45s
it  14 c=8.851832e-02 vol=0.20000 mnd=0.284 drho=1.149e-01 p=1.5 b=1.0 solve 0.41s (setup 0.01) it=15 outer=- res=7.00e-06 iter 0.45s
AUDIT it=15 res=7.73e-06 dc/c=3.61e-08 sens2=2.75e-06 sensmax=3.55e-06 upd=6.44e-06 n>0.001=0
it  15 c=8.728839e-02 vol=0.20000 mnd=0.268 drho=1.394e-01 p=1.5 b=1.0 solve 0.41s (setup 0.01) it=15 outer=- res=7.73e-06 iter 1.09s
AUDIT it=16 res=9.88e-06 dc/c=2.53e-09 sens2=7.41e-07 sensmax=4.78e-06 upd=4.59e-06 n>0.001=0
it  16 c=4.231805e-01 vol=0.16349 mnd=0.115 drho=2.790e-01 p=3.5 b=4.0 solve 2.36s (setup 0.06) it=89 outer=- res=9.88e-06 iter 4.38s
AUDIT it=17 res=7.70e-06 dc/c=4.07e-13 sens2=9.79e-07 sensmax=3.45e-06 upd=6.14e-06 n>0.001=0
it  17 c=2.484733e-01 vol=0.20000 mnd=0.175 drho=3.023e-01 p=3.5 b=4.0 solve 1.18s (setup 0.02) it=45 outer=- res=7.70e-06 iter 2.39s
it  18 c=1.776115e-01 vol=0.20000 mnd=0.153 drho=3.024e-01 p=3.5 b=4.0 solve 1.54s (setup 0.02) it=58 outer=- res=9.70e-06 iter 1.58s
it  19 c=1.350981e-01 vol=0.20000 mnd=0.120 drho=3.024e-01 p=3.5 b=4.0 solve 1.87s (setup 0.01) it=71 outer=- res=7.90e-06 iter 1.91s
AUDIT it=20 res=8.54e-06 dc/c=1.04e-13 sens2=1.82e-06 sensmax=3.29e-06 upd=1.73e-05 n>0.001=0
it  20 c=1.153085e-01 vol=0.20000 mnd=0.081 drho=3.024e-01 p=3.5 b=4.0 solve 2.25s (setup 0.01) it=86 outer=- res=8.54e-06 iter 4.54s
it  21 c=1.060397e-01 vol=0.20000 mnd=0.053 drho=3.024e-01 p=3.5 b=4.0 solve 2.07s (setup 0.13) it=70 outer=- res=8.74e-06 iter 2.10s
it  22 c=1.014136e-01 vol=0.20000 mnd=0.037 drho=3.024e-01 p=3.5 b=4.0 solve 1.17s (setup 0.01) it=45 outer=- res=7.98e-06 iter 1.21s
it  23 c=9.884315e-02 vol=0.20000 mnd=0.029 drho=3.024e-01 p=3.5 b=4.0 solve 1.50s (setup 0.01) it=57 outer=- res=9.10e-06 iter 1.53s
it  24 c=9.711603e-02 vol=0.20000 mnd=0.024 drho=3.024e-01 p=3.5 b=4.0 solve 1.60s (setup 0.01) it=61 outer=- res=8.93e-06 iter 1.63s
it  25 c=9.587688e-02 vol=0.20000 mnd=0.020 drho=3.024e-01 p=3.5 b=4.0 solve 1.73s (setup 0.01) it=66 outer=- res=9.61e-06 iter 1.76s
it  26 c=9.491256e-02 vol=0.20000 mnd=0.017 drho=3.024e-01 p=3.5 b=4.0 solve 1.73s (setup 0.06) it=64 outer=- res=8.78e-06 iter 1.76s
it  27 c=9.413342e-02 vol=0.20000 mnd=0.015 drho=3.023e-01 p=3.5 b=4.0 solve 2.07s (setup 0.01) it=79 outer=- res=8.55e-06 iter 2.10s
it  28 c=9.348826e-02 vol=0.20000 mnd=0.014 drho=3.024e-01 p=3.5 b=4.0 solve 2.55s (setup 0.01) it=98 outer=- res=8.80e-06 iter 2.59s
it  29 c=9.295384e-02 vol=0.20000 mnd=0.013 drho=3.023e-01 p=3.5 b=4.0 solve 2.44s (setup 0.01) it=94 outer=- res=9.72e-06 iter 2.48s
AUDIT it=30 res=9.68e-06 dc/c=2.57e-08 sens2=2.25e-06 sensmax=5.00e-06 upd=6.53e-04 n>0.001=0
it  30 c=9.249919e-02 vol=0.20000 mnd=0.013 drho=3.024e-01 p=3.5 b=4.0 solve 1.18s (setup 0.01) it=45 outer=- res=9.68e-06 iter 5.30s
it  31 c=9.211095e-02 vol=0.20000 mnd=0.013 drho=3.023e-01 p=3.5 b=4.0 solve 1.35s (setup 0.13) it=43 outer=- res=8.79e-06 iter 1.38s
it  32 c=9.177375e-02 vol=0.20000 mnd=0.013 drho=3.022e-01 p=3.5 b=4.0 solve 1.08s (setup 0.01) it=41 outer=- res=9.10e-06 iter 1.12s
it  33 c=9.147208e-02 vol=0.20000 mnd=0.012 drho=3.021e-01 p=3.5 b=4.0 solve 1.10s (setup 0.01) it=42 outer=- res=8.64e-06 iter 1.14s
it  34 c=9.119456e-02 vol=0.20000 mnd=0.012 drho=3.018e-01 p=3.5 b=4.0 solve 1.19s (setup 0.01) it=45 outer=- res=9.68e-06 iter 1.23s
it  35 c=9.093906e-02 vol=0.20000 mnd=0.012 drho=2.998e-01 p=3.5 b=4.0 solve 1.20s (setup 0.01) it=46 outer=- res=9.56e-06 iter 1.23s
it  36 c=9.070595e-02 vol=0.20000 mnd=0.012 drho=3.018e-01 p=3.5 b=4.0 solve 1.53s (setup 0.05) it=56 outer=- res=8.53e-06 iter 1.57s
it  37 c=9.049529e-02 vol=0.20000 mnd=0.012 drho=3.020e-01 p=3.5 b=4.0 solve 1.68s (setup 0.01) it=64 outer=- res=8.67e-06 iter 1.72s
it  38 c=9.030500e-02 vol=0.20000 mnd=0.012 drho=3.024e-01 p=3.5 b=4.0 solve 1.18s (setup 0.01) it=45 outer=- res=9.43e-06 iter 1.21s
it  39 c=9.013123e-02 vol=0.20000 mnd=0.011 drho=2.793e-01 p=3.5 b=4.0 solve 0.95s (setup 0.01) it=36 outer=- res=9.06e-06 iter 0.98s
AUDIT it=40 res=8.70e-06 dc/c=4.14e-10 sens2=1.12e-06 sensmax=1.80e-06 upd=1.15e-04 n>0.001=0
it  40 c=8.996904e-02 vol=0.20000 mnd=0.011 drho=2.765e-01 p=3.5 b=4.0 solve 1.38s (setup 0.01) it=52 outer=- res=8.70e-06 iter 4.84s
AUDIT it=41 res=9.95e-06 dc/c=1.09e-08 sens2=8.76e-06 sensmax=1.99e-05 upd=1.52e-04 n>0.001=0
it  41 c=8.823171e-02 vol=0.19981 mnd=0.001 drho=5.434e-01 p=4.5 b=16.0 solve 3.34s (setup 0.12) it=122 outer=- res=9.95e-06 iter 17.07s
AUDIT it=42 res=9.75e-06 dc/c=1.55e-08 sens2=4.76e-06 sensmax=1.55e-05 upd=2.76e-04 n>0.001=0
it  42 c=8.813066e-02 vol=0.20000 mnd=0.000 drho=5.641e-01 p=4.5 b=16.0 solve 2.60s (setup 0.02) it=100 outer=- res=9.75e-06 iter 15.27s
it  43 c=8.806214e-02 vol=0.20000 mnd=0.000 drho=5.216e-01 p=4.5 b=16.0 solve 2.44s (setup 0.02) it=94 outer=- res=8.84e-06 iter 2.47s
it  44 c=8.802694e-02 vol=0.20000 mnd=0.000 drho=5.361e-01 p=4.5 b=16.0 solve 1.57s (setup 0.01) it=60 outer=- res=9.68e-06 iter 1.60s
it  45 c=8.801150e-02 vol=0.20000 mnd=0.000 drho=5.387e-01 p=4.5 b=16.0 solve 2.99s (setup 0.01) it=115 outer=- res=9.12e-06 iter 3.02s
it  46 c=8.800312e-02 vol=0.20000 mnd=0.000 drho=5.503e-01 p=4.5 b=16.0 solve 2.27s (setup 0.05) it=85 outer=- res=9.10e-06 iter 2.30s
it  47 c=8.799854e-02 vol=0.20000 mnd=0.000 drho=4.714e-01 p=4.5 b=16.0 solve 3.00s (setup 0.01) it=116 outer=- res=9.64e-06 iter 3.03s
it  48 c=8.799679e-02 vol=0.20000 mnd=0.000 drho=4.779e-01 p=4.5 b=16.0 solve 1.43s (setup 0.01) it=55 outer=- res=9.98e-06 iter 1.47s
it  49 c=8.799604e-02 vol=0.20000 mnd=0.000 drho=4.130e-01 p=4.5 b=16.0 solve 1.87s (setup 0.01) it=72 outer=- res=7.11e-06 iter 1.90s
AUDIT it=50 res=9.95e-06 dc/c=6.55e-09 sens2=2.56e-03 sensmax=3.62e-03 upd=3.68e-04 n>0.001=0
it  50 c=8.799578e-02 vol=0.20000 mnd=0.000 drho=4.841e-01 p=4.5 b=16.0 solve 1.16s (setup 0.01) it=44 outer=- res=9.95e-06 iter 58.37s
it  51 c=8.799570e-02 vol=0.20000 mnd=0.000 drho=2.476e-01 p=4.5 b=16.0 solve 1.27s (setup 0.16) it=43 outer=- res=8.39e-06 iter 1.30s
it  52 c=8.799563e-02 vol=0.20000 mnd=0.000 drho=4.623e-01 p=4.5 b=16.0 solve 1.04s (setup 0.01) it=44 outer=- res=9.39e-06 iter 1.07s
it  53 c=8.799560e-02 vol=0.20000 mnd=0.000 drho=2.476e-01 p=4.5 b=16.0 solve 1.02s (setup 0.01) it=43 outer=- res=8.50e-06 iter 1.05s
it  54 c=8.799555e-02 vol=0.20000 mnd=0.000 drho=3.358e-01 p=4.5 b=16.0 solve 1.06s (setup 0.01) it=45 outer=- res=8.75e-06 iter 1.09s
it  55 c=8.799553e-02 vol=0.20000 mnd=0.000 drho=2.543e-01 p=4.5 b=16.0 solve 1.07s (setup 0.01) it=45 outer=- res=9.04e-06 iter 1.10s
it  56 c=8.799549e-02 vol=0.20000 mnd=0.000 drho=2.846e-01 p=4.5 b=16.0 solve 1.08s (setup 0.05) it=44 outer=- res=9.61e-06 iter 1.11s
it  57 c=8.799547e-02 vol=0.20000 mnd=0.000 drho=2.609e-01 p=4.5 b=16.0 solve 1.02s (setup 0.01) it=43 outer=- res=8.59e-06 iter 1.05s
it  58 c=8.799543e-02 vol=0.20000 mnd=0.000 drho=3.184e-01 p=4.5 b=16.0 solve 1.04s (setup 0.01) it=44 outer=- res=7.90e-06 iter 1.08s
it  59 c=8.799542e-02 vol=0.20000 mnd=0.000 drho=2.476e-01 p=4.5 b=16.0 solve 1.02s (setup 0.01) it=43 outer=- res=8.51e-06 iter 1.05s
AUDIT it=60 res=8.37e-06 dc/c=6.88e-09 sens2=3.95e-03 sensmax=8.80e-03 upd=4.17e-04 n>0.001=0
it  60 c=8.799539e-02 vol=0.20000 mnd=0.000 drho=4.122e-01 p=4.5 b=16.0 solve 1.04s (setup 0.01) it=44 outer=- res=8.37e-06 iter 56.00s
it  61 c=8.799537e-02 vol=0.20000 mnd=0.000 drho=2.886e-01 p=4.5 b=16.0 solve 1.26s (setup 0.16) it=43 outer=- res=7.95e-06 iter 1.29s
it  62 c=8.799534e-02 vol=0.20000 mnd=0.000 drho=2.477e-01 p=4.5 b=16.0 solve 1.01s (setup 0.01) it=43 outer=- res=9.51e-06 iter 1.04s
it  63 c=8.799533e-02 vol=0.20000 mnd=0.000 drho=2.476e-01 p=4.5 b=16.0 solve 1.03s (setup 0.01) it=43 outer=- res=7.81e-06 iter 1.06s
it  64 c=8.799530e-02 vol=0.20000 mnd=0.000 drho=2.477e-01 p=4.5 b=16.0 solve 1.02s (setup 0.01) it=43 outer=- res=9.51e-06 iter 1.05s
AUDIT it=65 res=7.76e-06 dc/c=4.66e-09 sens2=3.87e-04 sensmax=6.06e-04 upd=2.05e-04 n>0.001=0
it  65 c=8.799529e-02 vol=0.20000 mnd=0.000 drho=2.476e-01 p=4.5 b=16.0 solve 1.01s (setup 0.01) it=43 outer=- res=7.76e-06 iter 75.84s
AUDIT it=66 res=9.90e-06 dc/c=9.68e-11 sens2=8.07e-04 sensmax=9.43e-04 upd=1.69e-15 n>0.001=0
it  66 c=8.799384e-02 vol=0.19999 mnd=0.000 drho=2.004e-01 p=4.5 b=32.0 solve 1.04s (setup 0.05) it=42 outer=- res=9.90e-06 iter 29.00s
AUDIT it=67 res=9.15e-06 dc/c=4.10e-09 sens2=1.70e-01 sensmax=2.93e-01 upd=0.00e+00 n>0.001=0
it  67 c=8.799384e-02 vol=0.19999 mnd=0.000 drho=5.746e-01 p=4.5 b=32.0 solve 0.67s (setup 0.01) it=28 outer=- res=9.15e-06 iter 33.59s
it  68 c=8.799358e-02 vol=0.20000 mnd=0.000 drho=6.037e-01 p=4.5 b=32.0 solve 1.28s (setup 0.01) it=54 outer=- res=9.91e-06 iter 1.34s
it  69 c=8.799220e-02 vol=0.20001 mnd=0.000 drho=6.180e-01 p=4.5 b=32.0 solve 2.29s (setup 0.01) it=98 outer=- res=9.84e-06 iter 2.35s
AUDIT it=70 res=9.81e-06 dc/c=1.01e-08 sens2=8.60e-06 sensmax=1.35e-05 upd=3.99e-06 n>0.001=0
it  70 c=8.798644e-02 vol=0.20001 mnd=0.000 drho=6.182e-01 p=4.5 b=32.0 solve 1.02s (setup 0.01) it=43 outer=- res=9.81e-06 iter 18.87s
it  71 c=8.798734e-02 vol=0.20000 mnd=0.000 drho=6.261e-01 p=4.5 b=32.0 solve 1.52s (setup 0.17) it=54 outer=- res=9.72e-06 iter 1.56s
it  72 c=8.798332e-02 vol=0.20000 mnd=0.000 drho=5.537e-01 p=4.5 b=32.0 solve 0.99s (setup 0.01) it=42 outer=- res=9.08e-06 iter 1.02s
it  73 c=8.798262e-02 vol=0.20000 mnd=0.000 drho=4.205e-01 p=4.5 b=32.0 solve 0.28s (setup 0.01) it=11 outer=- res=8.20e-06 iter 0.31s
it  74 c=8.798210e-02 vol=0.20000 mnd=0.000 drho=5.287e-01 p=4.5 b=32.0 solve 0.67s (setup 0.01) it=28 outer=- res=7.80e-06 iter 0.70s
it  75 c=8.798182e-02 vol=0.20000 mnd=0.000 drho=2.609e-01 p=4.5 b=32.0 solve 0.95s (setup 0.01) it=40 outer=- res=9.38e-06 iter 0.98s
AUDIT it=76 res=8.54e-06 dc/c=2.95e-09 sens2=5.54e-05 sensmax=6.55e-05 upd=4.93e-04 n>0.001=0
it  76 c=8.798178e-02 vol=0.20000 mnd=0.000 drho=2.207e-01 p=4.5 b=32.0 solve 1.05s (setup 0.05) it=43 outer=- res=8.54e-06 iter 12.43s
it  77 c=8.798178e-02 vol=0.20000 mnd=0.000 drho=2.663e-01 p=4.5 b=32.0 solve 0.54s (setup 0.02) it=22 outer=- res=8.07e-06 iter 0.57s
it  78 c=8.798177e-02 vol=0.20000 mnd=0.000 drho=2.977e-01 p=4.5 b=32.0 solve 0.56s (setup 0.01) it=23 outer=- res=9.07e-06 iter 0.59s
it  79 c=8.798177e-02 vol=0.20000 mnd=0.000 drho=3.350e-01 p=4.5 b=32.0 solve 0.24s (setup 0.01) it=9 outer=- res=9.53e-06 iter 0.27s
