it   1 c=1.837001e+00 vol=0.28644 mnd=0.818 drho=nan p=1.5 b=1.0 solve 0.23s (setup 0.19) it=5 outer=- res=4.65e-04 iter 0.36s
it   2 c=1.129212e+00 vol=0.30000 mnd=0.772 drho=2.136e-01 p=1.5 b=1.0 solve 0.05s (setup 0.01) it=5 outer=- res=5.81e-04 iter 0.05s
it   3 c=9.288438e-01 vol=0.30000 mnd=0.716 drho=2.136e-01 p=1.5 b=1.0 solve 0.04s (setup 0.01) it=5 outer=- res=4.70e-04 iter 0.05s
it   4 c=8.283019e-01 vol=0.30000 mnd=0.646 drho=2.158e-01 p=1.5 b=1.0 solve 0.04s (setup 0.01) it=5 outer=- res=5.12e-04 iter 0.05s
it   5 c=7.815459e-01 vol=0.30000 mnd=0.596 drho=2.159e-01 p=1.5 b=1.0 solve 0.04s (setup 0.01) it=5 outer=- res=4.25e-04 iter 0.05s
it   6 c=7.630539e-01 vol=0.30000 mnd=0.570 drho=2.158e-01 p=1.5 b=1.0 solve 0.05s (setup 0.02) it=4 outer=- res=8.10e-04 iter 0.06s
it   7 c=7.492917e-01 vol=0.30000 mnd=0.546 drho=2.151e-01 p=1.5 b=1.0 solve 0.04s (setup 0.01) it=4 outer=- res=6.79e-04 iter 0.04s
it   8 c=7.376306e-01 vol=0.30000 mnd=0.524 drho=2.024e-01 p=1.5 b=1.0 solve 0.03s (setup 0.01) it=4 outer=- res=5.44e-04 iter 0.04s
it   9 c=7.270307e-01 vol=0.30000 mnd=0.502 drho=1.310e-01 p=1.5 b=1.0 solve 0.03s (setup 0.01) it=4 outer=- res=5.04e-04 iter 0.04s
it  10 c=7.170601e-01 vol=0.30000 mnd=0.481 drho=1.146e-01 p=1.5 b=1.0 solve 0.03s (setup 0.01) it=4 outer=- res=5.23e-04 iter 0.04s
it  11 c=7.074452e-01 vol=0.30000 mnd=0.461 drho=1.178e-01 p=1.5 b=1.0 solve 0.06s (setup 0.03) it=4 outer=- res=6.17e-04 iter 0.06s
it  12 c=6.980331e-01 vol=0.30000 mnd=0.440 drho=1.166e-01 p=1.5 b=1.0 solve 0.04s (setup 0.01) it=4 outer=- res=6.35e-04 iter 0.05s
it  13 c=6.887503e-01 vol=0.30000 mnd=0.419 drho=1.094e-01 p=1.5 b=1.0 solve 0.04s (setup 0.01) it=4 outer=- res=6.77e-04 iter 0.04s
it  14 c=6.796240e-01 vol=0.30000 mnd=0.398 drho=1.072e-01 p=1.5 b=1.0 solve 0.04s (setup 0.01) it=4 outer=- res=7.29e-04 iter 0.04s
it  15 c=6.707555e-01 vol=0.30000 mnd=0.376 drho=1.082e-01 p=1.5 b=1.0 solve 0.04s (setup 0.01) it=4 outer=- res=7.86e-04 iter 0.04s
it  16 c=1.415236e+00 vol=0.27271 mnd=0.251 drho=2.781e-01 p=3.5 b=4.0 solve 0.08s (setup 0.02) it=10 outer=- res=8.72e-04 iter 0.09s
it  17 c=7.594947e-01 vol=0.30000 mnd=0.188 drho=3.024e-01 p=3.5 b=4.0 solve 0.07s (setup 0.01) it=10 outer=- res=8.63e-04 iter 0.08s
it  18 c=6.716225e-01 vol=0.30000 mnd=0.112 drho=3.022e-01 p=3.5 b=4.0 solve 0.05s (setup 0.01) it=7 outer=- res=6.93e-04 iter 0.05s
it  19 c=6.274517e-01 vol=0.30000 mnd=0.059 drho=2.833e-01 p=3.5 b=4.0 solve 0.04s (setup 0.01) it=6 outer=- res=8.90e-04 iter 0.05s
it  20 c=6.089264e-01 vol=0.30000 mnd=0.032 drho=2.419e-01 p=3.5 b=4.0 solve 0.05s (setup 0.01) it=6 outer=- res=5.26e-04 iter 0.05s
it  21 c=6.020813e-01 vol=0.30000 mnd=0.022 drho=2.404e-01 p=3.5 b=4.0 solve 0.13s (setup 0.06) it=5 outer=- res=6.85e-04 iter 0.14s
it  22 c=5.992188e-01 vol=0.30000 mnd=0.018 drho=2.258e-01 p=3.5 b=4.0 solve 0.08s (setup 0.03) it=4 outer=- res=9.01e-04 iter 0.09s
it  23 c=5.976467e-01 vol=0.30000 mnd=0.016 drho=2.235e-01 p=3.5 b=4.0 solve 0.08s (setup 0.03) it=4 outer=- res=7.83e-04 iter 0.08s
it  24 c=5.966273e-01 vol=0.30000 mnd=0.015 drho=2.175e-01 p=3.5 b=4.0 solve 0.04s (setup 0.01) it=4 outer=- res=6.13e-04 iter 0.04s
it  25 c=5.959244e-01 vol=0.30000 mnd=0.014 drho=1.915e-01 p=3.5 b=4.0 solve 0.03s (setup 0.01) it=3 outer=- res=9.60e-04 iter 0.04s
it  26 c=5.954078e-01 vol=0.30000 mnd=0.014 drho=1.920e-01 p=3.5 b=4.0 solve 0.05s (setup 0.03) it=3 outer=- res=9.00e-04 iter 0.06s
it  27 c=5.949924e-01 vol=0.30000 mnd=0.013 drho=1.900e-01 p=3.5 b=4.0 solve 0.03s (setup 0.01) it=3 outer=- res=9.58e-04 iter 0.04s
it  28 c=5.946405e-01 vol=0.30000 mnd=0.013 drho=1.857e-01 p=3.5 b=4.0 solve 0.04s (setup 0.01) it=4 outer=- res=4.69e-04 iter 0.04s
it  29 c=5.943452e-01 vol=0.30000 mnd=0.013 drho=1.826e-01 p=3.5 b=4.0 solve 0.03s (setup 0.01) it=3 outer=- res=8.41e-04 iter 0.04s
it  30 c=5.941061e-01 vol=0.30000 mnd=0.013 drho=1.824e-01 p=3.5 b=4.0 solve 0.03s (setup 0.01) it=3 outer=- res=7.48e-04 iter 0.04s
it  31 c=5.939000e-01 vol=0.30000 mnd=0.013 drho=1.803e-01 p=3.5 b=4.0 solve 0.16s (setup 0.07) it=3 outer=- res=6.97e-04 iter 0.18s
it  32 c=5.937145e-01 vol=0.30000 mnd=0.013 drho=1.824e-01 p=3.5 b=4.0 solve 0.03s (setup 0.02) it=3 outer=- res=7.18e-04 iter 0.04s
it  33 c=5.935476e-01 vol=0.30000 mnd=0.012 drho=1.819e-01 p=3.5 b=4.0 solve 0.03s (setup 0.01) it=3 outer=- res=6.43e-04 iter 0.04s
it  34 c=5.933892e-01 vol=0.30000 mnd=0.012 drho=2.024e-01 p=3.5 b=4.0 solve 0.03s (setup 0.01) it=3 outer=- res=6.09e-04 iter 0.04s
it  35 c=5.932375e-01 vol=0.30000 mnd=0.012 drho=2.029e-01 p=3.5 b=4.0 solve 0.03s (setup 0.01) it=3 outer=- res=6.99e-04 iter 0.04s
it  36 c=5.930950e-01 vol=0.30000 mnd=0.012 drho=1.948e-01 p=3.5 b=4.0 solve 0.05s (setup 0.03) it=3 outer=- res=6.96e-04 iter 0.05s
it  37 c=5.929646e-01 vol=0.30000 mnd=0.012 drho=1.885e-01 p=3.5 b=4.0 solve 0.03s (setup 0.01) it=3 outer=- res=6.18e-04 iter 0.04s
it  38 c=5.928466e-01 vol=0.30000 mnd=0.012 drho=1.776e-01 p=3.5 b=4.0 solve 0.03s (setup 0.01) it=3 outer=- res=4.84e-04 iter 0.04s
it  39 c=5.927357e-01 vol=0.30000 mnd=0.012 drho=1.825e-01 p=3.5 b=4.0 solve 0.03s (setup 0.01) it=3 outer=- res=4.06e-04 iter 0.03s
it  40 c=5.926263e-01 vol=0.30000 mnd=0.012 drho=1.781e-01 p=3.5 b=4.0 solve 0.03s (setup 0.01) it=3 outer=- res=3.88e-04 iter 0.03s
it  41 c=5.852494e-01 vol=0.29987 mnd=0.000 drho=4.533e-01 p=4.5 b=16.0 solve 0.13s (setup 0.06) it=5 outer=- res=6.25e-04 iter 0.14s
it  42 c=5.850726e-01 vol=0.30000 mnd=0.000 drho=4.340e-01 p=4.5 b=16.0 solve 0.05s (setup 0.02) it=3 outer=- res=8.11e-04 iter 0.07s
it  43 c=5.849352e-01 vol=0.30000 mnd=0.000 drho=3.238e-01 p=4.5 b=16.0 solve 0.05s (setup 0.02) it=3 outer=- res=7.09e-04 iter 0.07s
it  44 c=5.848707e-01 vol=0.30000 mnd=0.000 drho=2.992e-01 p=4.5 b=16.0 solve 0.05s (setup 0.02) it=3 outer=- res=4.51e-04 iter 0.06s
it  45 c=5.848490e-01 vol=0.30000 mnd=0.000 drho=2.761e-01 p=4.5 b=16.0 solve 0.03s (setup 0.01) it=2 outer=- res=7.84e-04 iter 0.03s
it  46 c=5.848411e-01 vol=0.30000 mnd=0.000 drho=5.099e-02 p=4.5 b=16.0 solve 0.04s (setup 0.02) it=2 outer=- res=3.48e-04 iter 0.04s
it  47 c=5.848376e-01 vol=0.30000 mnd=0.000 drho=3.188e-02 p=4.5 b=16.0 solve 0.02s (setup 0.01) it=1 outer=- res=5.03e-04 iter 0.03s
it  48 c=5.848365e-01 vol=0.30000 mnd=0.000 drho=3.952e-02 p=4.5 b=16.0 solve 0.02s (setup 0.01) it=1 outer=- res=4.81e-04 iter 0.03s
it  49 c=5.848365e-01 vol=0.30000 mnd=0.000 drho=4.265e-03 p=4.5 b=16.0 solve 0.01s (setup 0.01) it=0 outer=- res=6.94e-04 iter 0.02s
it  50 c=5.848365e-01 vol=0.30000 mnd=0.000 drho=1.504e-02 p=4.5 b=16.0 solve 0.01s (setup 0.01) it=0 outer=- res=9.01e-04 iter 0.02s
it  51 c=5.848354e-01 vol=0.30000 mnd=0.000 drho=2.241e-02 p=4.5 b=16.0 solve 0.08s (setup 0.06) it=1 outer=- res=4.80e-04 iter 0.09s
it  52 c=5.848354e-01 vol=0.30000 mnd=0.000 drho=1.601e-03 p=4.5 b=16.0 solve 0.03s (setup 0.03) it=0 outer=- res=5.92e-04 iter 0.04s
it  53 c=5.848354e-01 vol=0.30000 mnd=0.000 drho=1.011e-02 p=4.5 b=16.0 solve 0.03s (setup 0.03) it=0 outer=- res=7.58e-04 iter 0.04s
it  54 c=5.848354e-01 vol=0.30000 mnd=0.000 drho=8.414e-03 p=4.5 b=16.0 solve 0.04s (setup 0.03) it=1 outer=- res=1.20e-04 iter 0.05s
it  55 c=5.848354e-01 vol=0.30000 mnd=0.000 drho=7.630e-03 p=4.5 b=16.0 solve 0.03s (setup 0.03) it=0 outer=- res=3.58e-04 iter 0.04s
it  56 c=5.848354e-01 vol=0.30000 mnd=0.000 drho=1.622e-02 p=4.5 b=16.0 solve 0.05s (setup 0.05) it=0 outer=- res=5.06e-04 iter 0.05s
it  57 c=5.848353e-01 vol=0.30000 mnd=0.000 drho=6.808e-02 p=4.5 b=16.0 solve 0.02s (setup 0.01) it=1 outer=- res=5.21e-04 iter 0.03s
it  58 c=5.848350e-01 vol=0.30000 mnd=0.000 drho=1.721e-01 p=4.5 b=16.0 solve 0.02s (setup 0.01) it=1 outer=- res=7.04e-04 iter 0.02s
it  59 c=5.848343e-01 vol=0.30000 mnd=0.000 drho=4.210e-01 p=4.5 b=16.0 solve 0.02s (setup 0.01) it=1 outer=- res=7.76e-04 iter 0.03s
it  60 c=5.848343e-01 vol=0.30000 mnd=0.000 drho=1.495e-01 p=4.5 b=16.0 solve 0.01s (setup 0.01) it=0 outer=- res=8.46e-04 iter 0.02s
it  61 c=5.848341e-01 vol=0.30000 mnd=0.000 drho=1.912e-02 p=4.5 b=16.0 solve 0.10s (setup 0.07) it=1 outer=- res=3.50e-04 iter 0.11s
it  62 c=5.848341e-01 vol=0.30000 mnd=0.000 drho=3.687e-03 p=4.5 b=16.0 solve 0.05s (setup 0.04) it=0 outer=- res=4.31e-04 iter 0.06s
it  63 c=5.848341e-01 vol=0.30000 mnd=0.000 drho=2.344e-03 p=4.5 b=16.0 solve 0.02s (setup 0.01) it=0 outer=- res=3.91e-04 iter 0.02s
it  64 c=5.848341e-01 vol=0.30000 mnd=0.000 drho=1.747e-03 p=4.5 b=16.0 solve 0.01s (setup 0.01) it=0 outer=- res=4.53e-04 iter 0.02s
it  65 c=5.848341e-01 vol=0.30000 mnd=0.000 drho=1.789e-03 p=4.5 b=16.0 solve 0.01s (setup 0.01) it=0 outer=- res=4.02e-04 iter 0.02s
it  66 c=5.848341e-01 vol=0.30000 mnd=0.000 drho=3.370e-03 p=4.5 b=32.0 solve 0.03s (setup 0.03) it=0 outer=- res=9.10e-04 iter 0.04s
it  67 c=5.848341e-01 vol=0.30000 mnd=0.000 drho=3.633e-05 p=4.5 b=32.0 solve 0.01s (setup 0.01) it=0 outer=- res=9.10e-04 iter 0.03s
it  68 c=5.848341e-01 vol=0.30000 mnd=0.000 drho=5.873e-04 p=4.5 b=32.0 solve 0.01s (setup 0.01) it=0 outer=- res=9.10e-04 iter 0.02s
it  69 c=5.848341e-01 vol=0.30000 mnd=0.000 drho=6.978e-03 p=4.5 b=32.0 solve 0.01s (setup 0.01) it=0 outer=- res=9.10e-04 iter 0.03s
it  70 c=5.848341e-01 vol=0.30000 mnd=0.000 drho=7.019e-02 p=4.5 b=32.0 solve 0.01s (setup 0.01) it=0 outer=- res=9.10e-04 iter 0.02s
it  71 c=5.848171e-01 vol=0.30004 mnd=0.000 drho=4.282e-01 p=4.5 b=32.0 solve 0.08s (setup 0.06) it=1 outer=- res=6.78e-04 iter 0.11s
it  72 c=5.848228e-01 vol=0.30000 mnd=0.000 drho=4.608e-01 p=4.5 b=32.0 solve 0.05s (setup 0.03) it=1 outer=- res=4.69e-04 iter 0.07s
it  73 c=5.848228e-01 vol=0.30000 mnd=0.000 drho=3.750e-02 p=4.5 b=32.0 solve 0.04s (setup 0.03) it=0 outer=- res=4.69e-04 iter 0.05s
it  74 c=5.848228e-01 vol=0.30000 mnd=0.000 drho=6.711e-03 p=4.5 b=32.0 solve 0.04s (setup 0.03) it=0 outer=- res=4.69e-04 iter 0.05s
it  75 c=5.848228e-01 vol=0.30000 mnd=0.000 drho=7.262e-03 p=4.5 b=32.0 solve 0.01s (setup 0.01) it=0 outer=- res=4.69e-04 iter 0.02s
it  76 c=5.848228e-01 vol=0.30000 mnd=0.000 drho=5.551e-03 p=4.5 b=32.0 solve 0.03s (setup 0.03) it=0 outer=- res=4.69e-04 iter 0.04s
