AUDIT it=1 res=9.43e-06 dc/c=2.01e-06 sens2=1.45e-05 sensmax=1.55e-05 upd=3.31e-06 n>0.001=0
it   1 c=3.742617e-01 vol=0.18481 mnd=0.603 drho=nan p=1.5 b=1.0 solve 1.12s (setup 0.61) it=23 outer=4 res=9.43e-06 iter 1.72s
AUDIT it=2 res=7.73e-07 dc/c=2.38e-09 sens2=1.07e-06 sensmax=1.37e-06 upd=8.94e-07 n>0.001=0
it   2 c=1.796784e-01 vol=0.20000 mnd=0.605 drho=2.073e-01 p=1.5 b=1.0 solve 0.48s (setup 0.02) it=27 outer=5 res=7.73e-07 iter 0.95s
it   3 c=1.402963e-01 vol=0.20000 mnd=0.573 drho=2.157e-01 p=1.5 b=1.0 solve 0.45s (setup 0.02) it=26 outer=5 res=2.73e-06 iter 0.49s
it   4 c=1.228942e-01 vol=0.20000 mnd=0.536 drho=2.107e-01 p=1.5 b=1.0 solve 0.45s (setup 0.02) it=26 outer=5 res=1.80e-06 iter 0.48s
AUDIT it=5 res=5.05e-07 dc/c=3.19e-09 sens2=1.57e-07 sensmax=3.65e-07 upd=3.58e-07 n>0.001=0
it   5 c=1.124029e-01 vol=0.20000 mnd=0.499 drho=1.976e-01 p=1.5 b=1.0 solve 0.47s (setup 0.02) it=27 outer=5 res=5.05e-07 iter 0.97s
it   6 c=1.075112e-01 vol=0.20000 mnd=0.471 drho=1.934e-01 p=1.5 b=1.0 solve 0.35s (setup 0.06) it=17 outer=4 res=2.17e-06 iter 0.39s
it   7 c=1.038277e-01 vol=0.20000 mnd=0.446 drho=1.596e-01 p=1.5 b=1.0 solve 0.31s (setup 0.01) it=17 outer=4 res=2.32e-06 iter 0.35s
it   8 c=1.007501e-01 vol=0.20000 mnd=0.422 drho=1.516e-01 p=1.5 b=1.0 solve 0.32s (setup 0.02) it=17 outer=4 res=3.10e-06 iter 0.36s
it   9 c=9.805815e-02 vol=0.20000 mnd=0.398 drho=1.553e-01 p=1.5 b=1.0 solve 0.33s (setup 0.02) it=18 outer=4 res=2.55e-06 iter 0.37s
AUDIT it=10 res=2.47e-06 dc/c=1.54e-07 sens2=1.61e-06 sensmax=1.95e-06 upd=2.98e-06 n>0.001=0
it  10 c=9.567016e-02 vol=0.20000 mnd=0.374 drho=1.498e-01 p=1.5 b=1.0 solve 0.33s (setup 0.02) it=18 outer=4 res=2.47e-06 iter 0.91s
it  11 c=9.354578e-02 vol=0.20000 mnd=0.350 drho=1.243e-01 p=1.5 b=1.0 solve 0.52s (setup 0.13) it=17 outer=4 res=2.24e-06 iter 0.57s
it  12 c=9.166010e-02 vol=0.20000 mnd=0.327 drho=1.163e-01 p=1.5 b=1.0 solve 0.32s (setup 0.02) it=17 outer=4 res=2.84e-06 iter 0.36s
it  13 c=8.998635e-02 vol=0.20000 mnd=0.305 drho=1.048e-01 p=1.5 b=1.0 solve 0.32s (setup 0.02) it=17 outer=4 res=2.36e-06 iter 0.36s
it  14 c=8.851830e-02 vol=0.20000 mnd=0.284 drho=1.149e-01 p=1.5 b=1.0 solve 0.32s (setup 0.02) it=17 outer=4 res=2.76e-06 iter 0.36s
AUDIT it=15 res=2.65e-06 dc/c=8.14e-09 sens2=1.71e-06 sensmax=2.57e-06 upd=2.98e-06 n>0.001=0
it  15 c=8.728838e-02 vol=0.20000 mnd=0.268 drho=1.394e-01 p=1.5 b=1.0 solve 0.36s (setup 0.05) it=18 outer=4 res=2.65e-06 iter 0.97s
AUDIT it=16 res=3.44e-06 dc/c=1.74e-08 sens2=5.82e-07 sensmax=2.26e-06 upd=1.73e-06 n>0.001=0
it  16 c=4.231805e-01 vol=0.16349 mnd=0.115 drho=2.790e-01 p=3.5 b=4.0 solve 1.96s (setup 0.06) it=128 outer=5 res=3.44e-06 iter 4.12s
AUDIT it=17 res=4.53e-06 dc/c=9.28e-08 sens2=7.61e-07 sensmax=9.97e-07 upd=3.76e-06 n>0.001=0
it  17 c=2.484733e-01 vol=0.20000 mnd=0.175 drho=3.023e-01 p=3.5 b=4.0 solve 0.83s (setup 0.02) it=52 outer=5 res=4.53e-06 iter 1.93s
it  18 c=1.776116e-01 vol=0.20000 mnd=0.153 drho=3.024e-01 p=3.5 b=4.0 solve 1.04s (setup 0.02) it=67 outer=5 res=5.40e-06 iter 1.08s
it  19 c=1.350982e-01 vol=0.20000 mnd=0.120 drho=3.024e-01 p=3.5 b=4.0 solve 1.46s (setup 0.01) it=95 outer=5 res=3.84e-06 iter 1.49s
AUDIT it=20 res=5.22e-06 dc/c=5.52e-08 sens2=2.90e-06 sensmax=2.30e-06 upd=5.08e-05 n>0.001=0
it  20 c=1.153086e-01 vol=0.20000 mnd=0.081 drho=3.024e-01 p=3.5 b=4.0 solve 1.59s (setup 0.01) it=105 outer=5 res=5.22e-06 iter 3.80s
it  21 c=1.060398e-01 vol=0.20000 mnd=0.053 drho=3.024e-01 p=3.5 b=4.0 solve 1.72s (setup 0.13) it=99 outer=5 res=4.78e-06 iter 1.76s
it  22 c=1.014136e-01 vol=0.20000 mnd=0.037 drho=3.024e-01 p=3.5 b=4.0 solve 0.85s (setup 0.02) it=54 outer=5 res=3.41e-06 iter 0.88s
it  23 c=9.884322e-02 vol=0.20000 mnd=0.029 drho=3.024e-01 p=3.5 b=4.0 solve 1.08s (setup 0.02) it=70 outer=5 res=4.45e-06 iter 1.12s
it  24 c=9.711609e-02 vol=0.20000 mnd=0.024 drho=3.024e-01 p=3.5 b=4.0 solve 1.22s (setup 0.01) it=78 outer=5 res=4.40e-06 iter 1.25s
it  25 c=9.587693e-02 vol=0.20000 mnd=0.020 drho=3.024e-01 p=3.5 b=4.0 solve 1.37s (setup 0.02) it=90 outer=5 res=2.93e-06 iter 1.40s
it  26 c=9.491262e-02 vol=0.20000 mnd=0.017 drho=3.024e-01 p=3.5 b=4.0 solve 1.28s (setup 0.07) it=80 outer=5 res=2.86e-06 iter 1.31s
it  27 c=9.413347e-02 vol=0.20000 mnd=0.015 drho=3.023e-01 p=3.5 b=4.0 solve 1.91s (setup 0.02) it=127 outer=5 res=2.05e-06 iter 1.95s
it  28 c=9.348831e-02 vol=0.20000 mnd=0.014 drho=3.024e-01 p=3.5 b=4.0 solve 1.83s (setup 0.02) it=121 outer=5 res=2.48e-06 iter 1.87s
it  29 c=9.295389e-02 vol=0.20000 mnd=0.013 drho=3.023e-01 p=3.5 b=4.0 solve 1.85s (setup 0.02) it=123 outer=5 res=2.75e-06 iter 1.88s
AUDIT it=30 res=1.94e-06 dc/c=1.60e-08 sens2=7.26e-07 sensmax=2.00e-06 upd=2.53e-04 n>0.001=0
it  30 c=9.249924e-02 vol=0.20000 mnd=0.013 drho=3.024e-01 p=3.5 b=4.0 solve 1.16s (setup 0.02) it=74 outer=5 res=1.94e-06 iter 5.04s
it  31 c=9.211100e-02 vol=0.20000 mnd=0.013 drho=3.023e-01 p=3.5 b=4.0 solve 1.33s (setup 0.13) it=58 outer=5 res=2.08e-06 iter 1.36s
it  32 c=9.177379e-02 vol=0.20000 mnd=0.013 drho=3.023e-01 p=3.5 b=4.0 solve 1.00s (setup 0.02) it=56 outer=5 res=1.62e-06 iter 1.03s
it  33 c=9.147210e-02 vol=0.20000 mnd=0.012 drho=3.020e-01 p=3.5 b=4.0 solve 0.87s (setup 0.02) it=55 outer=5 res=2.05e-06 iter 0.91s
it  34 c=9.119458e-02 vol=0.20000 mnd=0.012 drho=3.019e-01 p=3.5 b=4.0 solve 1.01s (setup 0.02) it=57 outer=5 res=1.18e-06 iter 1.04s
it  35 c=9.093909e-02 vol=0.20000 mnd=0.012 drho=3.003e-01 p=3.5 b=4.0 solve 1.00s (setup 0.04) it=61 outer=5 res=1.09e-06 iter 1.04s
it  36 c=9.070598e-02 vol=0.20000 mnd=0.012 drho=3.017e-01 p=3.5 b=4.0 solve 1.30s (setup 0.07) it=75 outer=5 res=1.58e-06 iter 1.33s
it  37 c=9.049531e-02 vol=0.20000 mnd=0.012 drho=3.019e-01 p=3.5 b=4.0 solve 1.24s (setup 0.02) it=82 outer=5 res=1.07e-06 iter 1.27s
it  38 c=9.030503e-02 vol=0.20000 mnd=0.012 drho=3.023e-01 p=3.5 b=4.0 solve 1.16s (setup 0.02) it=72 outer=5 res=1.42e-06 iter 1.19s
it  39 c=9.013125e-02 vol=0.20000 mnd=0.011 drho=2.791e-01 p=3.5 b=4.0 solve 1.29s (setup 0.02) it=88 outer=5 res=1.09e-06 iter 1.32s
AUDIT it=40 res=1.32e-06 dc/c=3.05e-09 sens2=3.17e-07 sensmax=1.32e-06 upd=6.91e-05 n>0.001=0
it  40 c=8.996907e-02 vol=0.20000 mnd=0.011 drho=2.767e-01 p=3.5 b=4.0 solve 1.16s (setup 0.02) it=76 outer=5 res=1.32e-06 iter 4.12s
AUDIT it=41 res=3.18e-06 dc/c=1.80e-08 sens2=4.21e-05 sensmax=1.47e-04 upd=1.94e-03 n>0.001=2
it  41 c=8.823177e-02 vol=0.19981 mnd=0.001 drho=5.433e-01 p=4.5 b=16.0 solve 2.83s (setup 0.13) it=180 outer=5 res=3.18e-06 iter 16.53s
AUDIT it=42 res=1.75e-06 dc/c=3.73e-10 sens2=4.63e-05 sensmax=1.95e-04 upd=3.45e-03 n>0.001=2
it  42 c=8.813072e-02 vol=0.20000 mnd=0.001 drho=5.642e-01 p=4.5 b=16.0 solve 2.13s (setup 0.02) it=144 outer=5 res=1.75e-06 iter 14.64s
it  43 c=8.806216e-02 vol=0.20000 mnd=0.000 drho=5.215e-01 p=4.5 b=16.0 solve 1.85s (setup 0.02) it=126 outer=5 res=1.11e-06 iter 1.89s
it  44 c=8.802694e-02 vol=0.20000 mnd=0.000 drho=5.368e-01 p=4.5 b=16.0 solve 1.02s (setup 0.01) it=67 outer=4 res=7.07e-06 iter 1.05s
it  45 c=8.801150e-02 vol=0.20000 mnd=0.000 drho=5.392e-01 p=4.5 b=16.0 solve 2.24s (setup 0.01) it=152 outer=4 res=4.42e-06 iter 2.28s
it  46 c=8.800310e-02 vol=0.20000 mnd=0.000 drho=5.503e-01 p=4.5 b=16.0 solve 2.03s (setup 0.06) it=135 outer=4 res=4.76e-06 iter 2.07s
it  47 c=8.799852e-02 vol=0.20000 mnd=0.000 drho=4.717e-01 p=4.5 b=16.0 solve 2.09s (setup 0.01) it=141 outer=4 res=3.99e-06 iter 2.13s
it  48 c=8.799678e-02 vol=0.20000 mnd=0.000 drho=4.812e-01 p=4.5 b=16.0 solve 2.52s (setup 0.01) it=170 outer=4 res=1.68e-06 iter 2.55s
it  49 c=8.799604e-02 vol=0.20000 mnd=0.000 drho=3.859e-01 p=4.5 b=16.0 solve 2.11s (setup 0.01) it=143 outer=4 res=1.83e-06 iter 2.15s
AUDIT it=50 res=7.20e-06 dc/c=2.76e-09 sens2=1.83e-03 sensmax=2.70e-03 upd=4.05e-04 n>0.001=0
it  50 c=8.799578e-02 vol=0.20000 mnd=0.000 drho=4.722e-01 p=4.5 b=16.0 solve 0.71s (setup 0.02) it=46 outer=3 res=7.20e-06 iter 60.67s
it  51 c=8.799570e-02 vol=0.20000 mnd=0.000 drho=2.488e-01 p=4.5 b=16.0 solve 1.01s (setup 0.13) it=53 outer=3 res=3.04e-06 iter 1.05s
it  52 c=8.799563e-02 vol=0.20000 mnd=0.000 drho=4.685e-01 p=4.5 b=16.0 solve 0.89s (setup 0.02) it=59 outer=3 res=3.95e-06 iter 0.92s
it  53 c=8.799560e-02 vol=0.20000 mnd=0.000 drho=2.488e-01 p=4.5 b=16.0 solve 0.72s (setup 0.02) it=46 outer=3 res=4.68e-06 iter 0.75s
it  54 c=8.799555e-02 vol=0.20000 mnd=0.000 drho=3.313e-01 p=4.5 b=16.0 solve 0.87s (setup 0.02) it=57 outer=3 res=3.67e-06 iter 0.90s
it  55 c=8.799553e-02 vol=0.20000 mnd=0.000 drho=2.973e-01 p=4.5 b=16.0 solve 0.89s (setup 0.02) it=57 outer=3 res=3.48e-06 iter 0.92s
it  56 c=8.799549e-02 vol=0.20000 mnd=0.000 drho=2.900e-01 p=4.5 b=16.0 solve 0.95s (setup 0.06) it=59 outer=3 res=3.93e-06 iter 0.99s
it  57 c=8.799547e-02 vol=0.20000 mnd=0.000 drho=2.576e-01 p=4.5 b=16.0 solve 0.78s (setup 0.02) it=53 outer=3 res=3.55e-06 iter 0.82s
it  58 c=8.799543e-02 vol=0.20000 mnd=0.000 drho=3.303e-01 p=4.5 b=16.0 solve 0.83s (setup 0.02) it=55 outer=3 res=4.17e-06 iter 0.86s
it  59 c=8.799542e-02 vol=0.20000 mnd=0.000 drho=2.488e-01 p=4.5 b=16.0 solve 0.75s (setup 0.02) it=53 outer=3 res=3.51e-06 iter 0.78s
AUDIT it=60 res=4.28e-06 dc/c=2.77e-09 sens2=2.84e-03 sensmax=5.83e-03 upd=1.13e-04 n>0.001=0
it  60 c=8.799539e-02 vol=0.20000 mnd=0.000 drho=3.967e-01 p=4.5 b=16.0 solve 0.79s (setup 0.02) it=55 outer=3 res=4.28e-06 iter 57.87s
it  61 c=8.799538e-02 vol=0.20000 mnd=0.000 drho=2.816e-01 p=4.5 b=16.0 solve 0.95s (setup 0.12) it=49 outer=3 res=3.42e-06 iter 0.99s
it  62 c=8.799535e-02 vol=0.20000 mnd=0.000 drho=2.488e-01 p=4.5 b=16.0 solve 0.82s (setup 0.02) it=53 outer=3 res=3.46e-06 iter 0.85s
it  63 c=8.799533e-02 vol=0.20000 mnd=0.000 drho=2.488e-01 p=4.5 b=16.0 solve 0.77s (setup 0.02) it=49 outer=3 res=3.12e-06 iter 0.80s
it  64 c=8.799530e-02 vol=0.20000 mnd=0.000 drho=2.488e-01 p=4.5 b=16.0 solve 0.81s (setup 0.02) it=53 outer=3 res=3.56e-06 iter 0.85s
AUDIT it=65 res=3.11e-06 dc/c=2.83e-09 sens2=1.59e-04 sensmax=1.66e-04 upd=7.55e-05 n>0.001=0
it  65 c=8.799529e-02 vol=0.20000 mnd=0.000 drho=2.488e-01 p=4.5 b=16.0 solve 0.75s (setup 0.01) it=49 outer=3 res=3.11e-06 iter 68.55s
AUDIT it=66 res=4.04e-06 dc/c=3.72e-09 sens2=3.14e-04 sensmax=3.30e-04 upd=1.42e-16 n>0.001=0
it  66 c=8.799384e-02 vol=0.19999 mnd=0.000 drho=1.880e-01 p=4.5 b=32.0 solve 0.89s (setup 0.06) it=55 outer=3 res=4.04e-06 iter 30.57s
AUDIT it=67 res=5.34e-06 dc/c=1.50e-09 sens2=1.51e-01 sensmax=2.48e-01 upd=0.00e+00 n>0.001=0
it  67 c=8.799384e-02 vol=0.19999 mnd=0.000 drho=5.747e-01 p=4.5 b=32.0 solve 0.58s (setup 0.02) it=37 outer=2 res=5.34e-06 iter 32.63s
it  68 c=8.799356e-02 vol=0.20000 mnd=0.000 drho=6.076e-01 p=4.5 b=32.0 solve 1.91s (setup 0.02) it=129 outer=4 res=1.43e-06 iter 1.98s
it  69 c=8.799211e-02 vol=0.20001 mnd=0.000 drho=6.297e-01 p=4.5 b=32.0 solve 2.58s (setup 0.02) it=175 outer=4 res=2.01e-06 iter 2.65s
AUDIT it=70 res=2.80e-06 dc/c=8.39e-09 sens2=4.10e-06 sensmax=7.85e-06 upd=3.28e-06 n>0.001=0
it  70 c=8.798647e-02 vol=0.20001 mnd=0.000 drho=6.298e-01 p=4.5 b=32.0 solve 0.93s (setup 0.02) it=60 outer=4 res=2.80e-06 iter 20.82s
it  71 c=8.798698e-02 vol=0.20000 mnd=0.000 drho=6.250e-01 p=4.5 b=32.0 solve 1.64s (setup 0.12) it=99 outer=4 res=4.57e-06 iter 1.68s
it  72 c=8.798339e-02 vol=0.20000 mnd=0.000 drho=5.849e-01 p=4.5 b=32.0 solve 0.93s (setup 0.02) it=60 outer=4 res=1.62e-06 iter 0.97s
it  73 c=8.798276e-02 vol=0.20000 mnd=0.000 drho=4.248e-01 p=4.5 b=32.0 solve 0.37s (setup 0.02) it=22 outer=3 res=3.17e-06 iter 0.40s
it  74 c=8.798224e-02 vol=0.20000 mnd=0.000 drho=5.287e-01 p=4.5 b=32.0 solve 0.80s (setup 0.02) it=51 outer=4 res=1.82e-06 iter 0.83s
it  75 c=8.798195e-02 vol=0.20000 mnd=0.000 drho=4.419e-01 p=4.5 b=32.0 solve 0.43s (setup 0.02) it=26 outer=3 res=9.09e-06 iter 0.46s
AUDIT it=76 res=4.06e-06 dc/c=3.32e-10 sens2=7.63e-05 sensmax=7.19e-05 upd=2.44e-04 n>0.001=0
it  76 c=8.798191e-02 vol=0.20000 mnd=0.000 drho=5.140e-01 p=4.5 b=32.0 solve 0.58s (setup 0.06) it=33 outer=3 res=4.06e-06 iter 12.82s
it  77 c=8.798190e-02 vol=0.20000 mnd=0.000 drho=2.645e-01 p=4.5 b=32.0 solve 0.19s (setup 0.02) it=10 outer=2 res=6.68e-06 iter 0.22s
it  78 c=8.798190e-02 vol=0.20000 mnd=0.000 drho=7.742e-02 p=4.5 b=32.0 solve 0.25s (setup 0.02) it=14 outer=2 res=3.22e-06 iter 0.28s
it  79 c=8.798190e-02 vol=0.20000 mnd=0.000 drho=5.772e-02 p=4.5 b=32.0 solve 0.19s (setup 0.02) it=10 outer=2 res=4.22e-06 iter 0.22s
