it   1 c=1.837001e+00 vol=0.28644 mnd=0.818 drho=nan p=1.5 b=1.0 solve 0.24s (setup 0.19) it=6 outer=- res=8.23e-05 iter 0.36s
it   2 c=1.129219e+00 vol=0.30000 mnd=0.772 drho=2.136e-01 p=1.5 b=1.0 solve 0.05s (setup 0.01) it=7 outer=- res=2.98e-05 iter 0.06s
it   3 c=9.288417e-01 vol=0.30000 mnd=0.716 drho=2.136e-01 p=1.5 b=1.0 solve 0.06s (setup 0.01) it=7 outer=- res=2.67e-05 iter 0.06s
it   4 c=8.282975e-01 vol=0.30000 mnd=0.646 drho=2.157e-01 p=1.5 b=1.0 solve 0.05s (setup 0.01) it=7 outer=- res=3.51e-05 iter 0.06s
it   5 c=7.815445e-01 vol=0.30000 mnd=0.596 drho=2.159e-01 p=1.5 b=1.0 solve 0.05s (setup 0.01) it=7 outer=- res=3.34e-05 iter 0.06s
it   6 c=7.630492e-01 vol=0.30000 mnd=0.570 drho=2.157e-01 p=1.5 b=1.0 solve 0.06s (setup 0.03) it=6 outer=- res=4.54e-05 iter 0.06s
it   7 c=7.492886e-01 vol=0.30000 mnd=0.546 drho=2.155e-01 p=1.5 b=1.0 solve 0.05s (setup 0.01) it=6 outer=- res=4.53e-05 iter 0.05s
it   8 c=7.376273e-01 vol=0.30000 mnd=0.524 drho=2.025e-01 p=1.5 b=1.0 solve 0.04s (setup 0.01) it=6 outer=- res=3.68e-05 iter 0.05s
it   9 c=7.270276e-01 vol=0.30000 mnd=0.502 drho=1.311e-01 p=1.5 b=1.0 solve 0.05s (setup 0.01) it=6 outer=- res=3.44e-05 iter 0.05s
it  10 c=7.170574e-01 vol=0.30000 mnd=0.481 drho=1.148e-01 p=1.5 b=1.0 solve 0.05s (setup 0.01) it=6 outer=- res=3.65e-05 iter 0.05s
it  11 c=7.074432e-01 vol=0.30000 mnd=0.461 drho=1.178e-01 p=1.5 b=1.0 solve 0.06s (setup 0.03) it=6 outer=- res=4.88e-05 iter 0.07s
it  12 c=6.980316e-01 vol=0.30000 mnd=0.440 drho=1.166e-01 p=1.5 b=1.0 solve 0.05s (setup 0.01) it=6 outer=- res=5.71e-05 iter 0.06s
it  13 c=6.887490e-01 vol=0.30000 mnd=0.419 drho=1.094e-01 p=1.5 b=1.0 solve 0.05s (setup 0.01) it=6 outer=- res=6.58e-05 iter 0.05s
it  14 c=6.796225e-01 vol=0.30000 mnd=0.398 drho=1.075e-01 p=1.5 b=1.0 solve 0.05s (setup 0.01) it=6 outer=- res=7.53e-05 iter 0.05s
it  15 c=6.707534e-01 vol=0.30000 mnd=0.376 drho=1.082e-01 p=1.5 b=1.0 solve 0.05s (setup 0.01) it=6 outer=- res=9.93e-05 iter 0.05s
it  16 c=1.414832e+00 vol=0.27272 mnd=0.251 drho=2.782e-01 p=3.5 b=4.0 solve 0.10s (setup 0.03) it=14 outer=- res=8.51e-05 iter 0.10s
it  17 c=7.594262e-01 vol=0.30000 mnd=0.188 drho=3.024e-01 p=3.5 b=4.0 solve 0.09s (setup 0.01) it=15 outer=- res=6.67e-05 iter 0.10s
it  18 c=6.715843e-01 vol=0.30000 mnd=0.112 drho=3.021e-01 p=3.5 b=4.0 solve 0.07s (setup 0.01) it=12 outer=- res=5.55e-05 iter 0.08s
it  19 c=6.274414e-01 vol=0.30000 mnd=0.059 drho=2.830e-01 p=3.5 b=4.0 solve 0.06s (setup 0.01) it=9 outer=- res=9.13e-05 iter 0.07s
it  20 c=6.089214e-01 vol=0.30000 mnd=0.032 drho=2.420e-01 p=3.5 b=4.0 solve 0.06s (setup 0.01) it=9 outer=- res=6.24e-05 iter 0.07s
it  21 c=6.020810e-01 vol=0.30000 mnd=0.022 drho=2.401e-01 p=3.5 b=4.0 solve 0.16s (setup 0.06) it=8 outer=- res=8.46e-05 iter 0.17s
it  22 c=5.992145e-01 vol=0.30000 mnd=0.018 drho=2.273e-01 p=3.5 b=4.0 solve 0.06s (setup 0.01) it=8 outer=- res=5.71e-05 iter 0.07s
it  23 c=5.976437e-01 vol=0.30000 mnd=0.016 drho=2.273e-01 p=3.5 b=4.0 solve 0.05s (setup 0.01) it=7 outer=- res=9.02e-05 iter 0.06s
it  24 c=5.966254e-01 vol=0.30000 mnd=0.015 drho=2.153e-01 p=3.5 b=4.0 solve 0.05s (setup 0.01) it=7 outer=- res=6.67e-05 iter 0.06s
it  25 c=5.959214e-01 vol=0.30000 mnd=0.014 drho=1.916e-01 p=3.5 b=4.0 solve 0.04s (setup 0.01) it=6 outer=- res=9.16e-05 iter 0.05s
it  26 c=5.954059e-01 vol=0.30000 mnd=0.014 drho=1.919e-01 p=3.5 b=4.0 solve 0.06s (setup 0.03) it=6 outer=- res=8.42e-05 iter 0.07s
it  27 c=5.949921e-01 vol=0.30000 mnd=0.013 drho=1.898e-01 p=3.5 b=4.0 solve 0.04s (setup 0.01) it=6 outer=- res=8.21e-05 iter 0.05s
it  28 c=5.946410e-01 vol=0.30000 mnd=0.013 drho=1.856e-01 p=3.5 b=4.0 solve 0.04s (setup 0.01) it=6 outer=- res=8.21e-05 iter 0.05s
it  29 c=5.943456e-01 vol=0.30000 mnd=0.013 drho=1.826e-01 p=3.5 b=4.0 solve 0.05s (setup 0.01) it=6 outer=- res=6.87e-05 iter 0.05s
it  30 c=5.941066e-01 vol=0.30000 mnd=0.013 drho=1.824e-01 p=3.5 b=4.0 solve 0.04s (setup 0.01) it=6 outer=- res=5.01e-05 iter 0.05s
it  31 c=5.939009e-01 vol=0.30000 mnd=0.013 drho=1.807e-01 p=3.5 b=4.0 solve 0.14s (setup 0.06) it=6 outer=- res=4.42e-05 iter 0.15s
it  32 c=5.937160e-01 vol=0.30000 mnd=0.013 drho=1.823e-01 p=3.5 b=4.0 solve 0.06s (setup 0.02) it=6 outer=- res=3.97e-05 iter 0.06s
it  33 c=5.935496e-01 vol=0.30000 mnd=0.012 drho=1.819e-01 p=3.5 b=4.0 solve 0.04s (setup 0.01) it=5 outer=- res=9.32e-05 iter 0.05s
it  34 c=5.933919e-01 vol=0.30000 mnd=0.012 drho=2.025e-01 p=3.5 b=4.0 solve 0.04s (setup 0.01) it=5 outer=- res=9.67e-05 iter 0.05s
it  35 c=5.932414e-01 vol=0.30000 mnd=0.012 drho=2.030e-01 p=3.5 b=4.0 solve 0.05s (setup 0.01) it=6 outer=- res=4.43e-05 iter 0.06s
it  36 c=5.931001e-01 vol=0.30000 mnd=0.012 drho=1.953e-01 p=3.5 b=4.0 solve 0.05s (setup 0.03) it=5 outer=- res=9.18e-05 iter 0.06s
it  37 c=5.929705e-01 vol=0.30000 mnd=0.012 drho=1.884e-01 p=3.5 b=4.0 solve 0.04s (setup 0.01) it=5 outer=- res=8.33e-05 iter 0.05s
it  38 c=5.928525e-01 vol=0.30000 mnd=0.012 drho=1.787e-01 p=3.5 b=4.0 solve 0.04s (setup 0.01) it=5 outer=- res=6.97e-05 iter 0.05s
it  39 c=5.927399e-01 vol=0.30000 mnd=0.012 drho=1.822e-01 p=3.5 b=4.0 solve 0.04s (setup 0.01) it=5 outer=- res=6.27e-05 iter 0.05s
it  40 c=5.926295e-01 vol=0.30000 mnd=0.012 drho=1.766e-01 p=3.5 b=4.0 solve 0.04s (setup 0.01) it=5 outer=- res=5.80e-05 iter 0.05s
it  41 c=5.852475e-01 vol=0.29988 mnd=0.000 drho=4.505e-01 p=4.5 b=16.0 solve 0.17s (setup 0.06) it=8 outer=- res=8.53e-05 iter 0.18s
it  42 c=5.850684e-01 vol=0.30000 mnd=0.000 drho=4.173e-01 p=4.5 b=16.0 solve 0.07s (setup 0.03) it=5 outer=- res=6.18e-05 iter 0.08s
it  43 c=5.849315e-01 vol=0.30000 mnd=0.000 drho=3.039e-01 p=4.5 b=16.0 solve 0.04s (setup 0.01) it=5 outer=- res=6.36e-05 iter 0.05s
it  44 c=5.848728e-01 vol=0.30000 mnd=0.000 drho=2.881e-01 p=4.5 b=16.0 solve 0.04s (setup 0.01) it=5 outer=- res=4.63e-05 iter 0.05s
it  45 c=5.848538e-01 vol=0.30000 mnd=0.000 drho=1.991e-01 p=4.5 b=16.0 solve 0.04s (setup 0.01) it=4 outer=- res=5.76e-05 iter 0.04s
it  46 c=5.848437e-01 vol=0.30000 mnd=0.000 drho=4.471e-01 p=4.5 b=16.0 solve 0.05s (setup 0.03) it=4 outer=- res=3.52e-05 iter 0.06s
it  47 c=5.848387e-01 vol=0.30000 mnd=0.000 drho=2.325e-01 p=4.5 b=16.0 solve 0.03s (setup 0.01) it=3 outer=- res=7.79e-05 iter 0.04s
it  48 c=5.848345e-01 vol=0.30000 mnd=0.000 drho=4.129e-01 p=4.5 b=16.0 solve 0.03s (setup 0.01) it=3 outer=- res=8.43e-05 iter 0.04s
it  49 c=5.848328e-01 vol=0.30000 mnd=0.000 drho=1.555e-01 p=4.5 b=16.0 solve 0.03s (setup 0.01) it=3 outer=- res=2.87e-05 iter 0.04s
it  50 c=5.848321e-01 vol=0.30000 mnd=0.000 drho=4.257e-02 p=4.5 b=16.0 solve 0.02s (setup 0.01) it=2 outer=- res=6.29e-05 iter 0.03s
it  51 c=5.848317e-01 vol=0.30000 mnd=0.000 drho=5.236e-02 p=4.5 b=16.0 solve 0.09s (setup 0.06) it=2 outer=- res=5.93e-05 iter 0.10s
it  52 c=5.848313e-01 vol=0.30000 mnd=0.000 drho=7.653e-02 p=4.5 b=16.0 solve 0.05s (setup 0.03) it=2 outer=- res=7.50e-05 iter 0.06s
it  53 c=5.848310e-01 vol=0.30000 mnd=0.000 drho=1.269e-01 p=4.5 b=16.0 solve 0.07s (setup 0.03) it=3 outer=- res=2.79e-05 iter 0.08s
it  54 c=5.848301e-01 vol=0.30000 mnd=0.000 drho=3.320e-01 p=4.5 b=16.0 solve 0.05s (setup 0.03) it=2 outer=- res=9.62e-05 iter 0.06s
it  55 c=5.848292e-01 vol=0.30000 mnd=0.000 drho=2.946e-01 p=4.5 b=16.0 solve 0.02s (setup 0.01) it=1 outer=- res=8.21e-05 iter 0.03s
it  56 c=5.848289e-01 vol=0.30000 mnd=0.000 drho=3.874e-02 p=4.5 b=16.0 solve 0.04s (setup 0.03) it=1 outer=- res=6.48e-05 iter 0.04s
it  57 c=5.848288e-01 vol=0.30000 mnd=0.000 drho=2.528e-02 p=4.5 b=16.0 solve 0.02s (setup 0.01) it=1 outer=- res=3.87e-05 iter 0.03s
it  58 c=5.848287e-01 vol=0.30000 mnd=0.000 drho=2.685e-02 p=4.5 b=16.0 solve 0.02s (setup 0.01) it=1 outer=- res=4.10e-05 iter 0.03s
it  59 c=5.848286e-01 vol=0.30000 mnd=0.000 drho=2.596e-02 p=4.5 b=16.0 solve 0.02s (setup 0.01) it=1 outer=- res=3.76e-05 iter 0.02s
it  60 c=5.848286e-01 vol=0.30000 mnd=0.000 drho=2.605e-02 p=4.5 b=16.0 solve 0.02s (setup 0.01) it=1 outer=- res=3.85e-05 iter 0.03s
it  61 c=5.848285e-01 vol=0.30000 mnd=0.000 drho=2.408e-02 p=4.5 b=16.0 solve 0.08s (setup 0.06) it=1 outer=- res=3.75e-05 iter 0.10s
it  62 c=5.848285e-01 vol=0.30000 mnd=0.000 drho=2.428e-02 p=4.5 b=16.0 solve 0.05s (setup 0.03) it=1 outer=- res=3.71e-05 iter 0.06s
it  63 c=5.848284e-01 vol=0.30000 mnd=0.000 drho=2.284e-02 p=4.5 b=16.0 solve 0.05s (setup 0.03) it=1 outer=- res=3.67e-05 iter 0.07s
it  64 c=5.848284e-01 vol=0.30000 mnd=0.000 drho=2.299e-02 p=4.5 b=16.0 solve 0.05s (setup 0.03) it=1 outer=- res=3.74e-05 iter 0.06s
it  65 c=5.848283e-01 vol=0.30000 mnd=0.000 drho=2.191e-02 p=4.5 b=16.0 solve 0.02s (setup 0.01) it=1 outer=- res=3.72e-05 iter 0.03s
it  66 c=5.848191e-01 vol=0.30000 mnd=0.000 drho=2.452e-02 p=4.5 b=32.0 solve 0.04s (setup 0.03) it=1 outer=- res=9.24e-05 iter 0.05s
it  67 c=5.848191e-01 vol=0.30000 mnd=0.000 drho=6.366e-05 p=4.5 b=32.0 solve 0.02s (setup 0.01) it=0 outer=- res=9.25e-05 iter 0.03s
it  68 c=5.848191e-01 vol=0.30000 mnd=0.000 drho=1.560e-03 p=4.5 b=32.0 solve 0.01s (setup 0.01) it=0 outer=- res=9.25e-05 iter 0.03s
it  69 c=5.848191e-01 vol=0.30000 mnd=0.000 drho=3.680e-02 p=4.5 b=32.0 solve 0.01s (setup 0.01) it=0 outer=- res=9.25e-05 iter 0.03s
it  70 c=5.848198e-01 vol=0.30001 mnd=0.000 drho=4.566e-01 p=4.5 b=32.0 solve 0.03s (setup 0.01) it=2 outer=- res=2.99e-05 iter 0.04s
it  71 c=5.848146e-01 vol=0.30009 mnd=0.000 drho=5.878e-01 p=4.5 b=32.0 solve 0.16s (setup 0.07) it=4 outer=- res=8.33e-05 iter 0.19s
it  72 c=5.848079e-01 vol=0.30002 mnd=0.000 drho=4.368e-01 p=4.5 b=32.0 solve 0.12s (setup 0.03) it=5 outer=- res=8.33e-05 iter 0.13s
it  73 c=5.848183e-01 vol=0.30000 mnd=0.000 drho=6.616e-01 p=4.5 b=32.0 solve 0.04s (setup 0.01) it=6 outer=- res=4.89e-05 iter 0.06s
it  74 c=5.848180e-01 vol=0.30000 mnd=0.000 drho=2.043e-01 p=4.5 b=32.0 solve 0.02s (setup 0.01) it=2 outer=- res=6.01e-05 iter 0.03s
it  75 c=5.848179e-01 vol=0.30000 mnd=0.000 drho=4.305e-02 p=4.5 b=32.0 solve 0.02s (setup 0.01) it=1 outer=- res=3.58e-05 iter 0.03s
it  76 c=5.848179e-01 vol=0.30000 mnd=0.000 drho=4.476e-02 p=4.5 b=32.0 solve 0.02s (setup 0.02) it=0 outer=- res=3.23e-05 iter 0.03s
it  77 c=5.848179e-01 vol=0.30000 mnd=0.000 drho=2.826e-02 p=4.5 b=32.0 solve 0.01s (setup 0.01) it=0 outer=- res=3.22e-05 iter 0.02s
it  78 c=5.848178e-01 vol=0.30000 mnd=0.000 drho=5.118e-01 p=4.5 b=32.0 solve 0.03s (setup 0.01) it=2 outer=- res=7.85e-05 iter 0.03s
it  79 c=5.848169e-01 vol=0.30000 mnd=0.000 drho=4.066e-01 p=4.5 b=32.0 solve 0.04s (setup 0.01) it=4 outer=- res=3.91e-05 iter 0.04s
