AUDIT it=1 res=8.25e-07 dc/c=2.20e-08 sens2=2.28e-07 sensmax=3.57e-07 upd=7.00e-07 n>0.001=0
it   1 c=9.284691e-01 vol=0.28644 mnd=0.818 drho=nan p=1.5 b=1.0 solve 0.91s (setup 0.59) it=10 outer=5 res=8.25e-07 iter 1.28s
AUDIT it=2 res=1.57e-06 dc/c=7.62e-08 sens2=4.38e-07 sensmax=6.99e-07 upd=2.21e-06 n>0.001=0
it   2 c=5.688354e-01 vol=0.30000 mnd=0.772 drho=2.136e-01 p=1.5 b=1.0 solve 0.23s (setup 0.02) it=10 outer=5 res=1.57e-06 iter 0.53s
it   3 c=4.667414e-01 vol=0.30000 mnd=0.715 drho=2.136e-01 p=1.5 b=1.0 solve 0.20s (setup 0.02) it=9 outer=4 res=3.47e-06 iter 0.24s
it   4 c=4.156297e-01 vol=0.30000 mnd=0.646 drho=2.159e-01 p=1.5 b=1.0 solve 0.20s (setup 0.02) it=9 outer=4 res=4.35e-06 iter 0.24s
AUDIT it=5 res=1.40e-06 dc/c=1.02e-07 sens2=4.68e-07 sensmax=4.88e-07 upd=1.13e-06 n>0.001=0
it   5 c=3.919960e-01 vol=0.30000 mnd=0.595 drho=2.159e-01 p=1.5 b=1.0 solve 0.21s (setup 0.02) it=10 outer=4 res=1.40e-06 iter 0.56s
it   6 c=3.827350e-01 vol=0.30000 mnd=0.569 drho=2.159e-01 p=1.5 b=1.0 solve 0.22s (setup 0.06) it=8 outer=3 res=9.23e-06 iter 0.26s
it   7 c=3.758298e-01 vol=0.30000 mnd=0.545 drho=2.157e-01 p=1.5 b=1.0 solve 0.17s (setup 0.01) it=8 outer=3 res=6.69e-06 iter 0.21s
it   8 c=3.699424e-01 vol=0.30000 mnd=0.522 drho=2.158e-01 p=1.5 b=1.0 solve 0.18s (setup 0.02) it=9 outer=3 res=2.26e-06 iter 0.22s
it   9 c=3.645827e-01 vol=0.30000 mnd=0.500 drho=2.066e-01 p=1.5 b=1.0 solve 0.17s (setup 0.01) it=8 outer=3 res=7.42e-06 iter 0.21s
AUDIT it=10 res=8.73e-06 dc/c=1.88e-07 sens2=1.65e-06 sensmax=9.72e-07 upd=9.78e-06 n>0.001=0
it  10 c=3.595202e-01 vol=0.30000 mnd=0.478 drho=1.420e-01 p=1.5 b=1.0 solve 0.17s (setup 0.01) it=8 outer=3 res=8.73e-06 iter 0.59s
it  11 c=3.546326e-01 vol=0.30000 mnd=0.457 drho=1.373e-01 p=1.5 b=1.0 solve 0.38s (setup 0.13) it=11 outer=4 res=8.40e-07 iter 0.42s
it  12 c=3.498387e-01 vol=0.30000 mnd=0.436 drho=1.375e-01 p=1.5 b=1.0 solve 0.18s (setup 0.02) it=9 outer=3 res=4.85e-06 iter 0.22s
it  13 c=3.451138e-01 vol=0.30000 mnd=0.414 drho=1.367e-01 p=1.5 b=1.0 solve 0.19s (setup 0.01) it=9 outer=3 res=6.96e-06 iter 0.23s
it  14 c=3.404723e-01 vol=0.30000 mnd=0.392 drho=1.507e-01 p=1.5 b=1.0 solve 0.20s (setup 0.01) it=10 outer=3 res=3.84e-06 iter 0.23s
AUDIT it=15 res=6.06e-06 dc/c=7.10e-08 sens2=1.87e-06 sensmax=4.09e-07 upd=1.28e-05 n>0.001=0
it  15 c=3.359573e-01 vol=0.30000 mnd=0.370 drho=1.444e-01 p=1.5 b=1.0 solve 0.20s (setup 0.02) it=10 outer=3 res=6.06e-06 iter 0.75s
AUDIT it=16 res=5.80e-06 dc/c=2.73e-07 sens2=9.02e-07 sensmax=2.29e-06 upd=3.24e-05 n>0.001=0
it  16 c=6.959682e-01 vol=0.27262 mnd=0.249 drho=2.829e-01 p=3.5 b=4.0 solve 0.42s (setup 0.06) it=21 outer=4 res=5.80e-06 iter 1.06s
AUDIT it=17 res=2.23e-06 dc/c=3.55e-08 sens2=1.17e-06 sensmax=6.67e-07 upd=1.31e-05 n>0.001=0
it  17 c=3.778357e-01 vol=0.30000 mnd=0.181 drho=3.024e-01 p=3.5 b=4.0 solve 0.43s (setup 0.02) it=25 outer=5 res=2.23e-06 iter 0.99s
it  18 c=3.345127e-01 vol=0.30000 mnd=0.106 drho=3.024e-01 p=3.5 b=4.0 solve 0.31s (setup 0.02) it=17 outer=4 res=8.88e-06 iter 0.34s
it  19 c=3.125641e-01 vol=0.30000 mnd=0.052 drho=2.974e-01 p=3.5 b=4.0 solve 0.34s (setup 0.01) it=19 outer=5 res=8.08e-07 iter 0.38s
AUDIT it=20 res=1.71e-06 dc/c=2.95e-08 sens2=3.55e-07 sensmax=3.08e-07 upd=9.72e-06 n>0.001=0
it  20 c=3.034164e-01 vol=0.30000 mnd=0.024 drho=2.697e-01 p=3.5 b=4.0 solve 0.31s (setup 0.01) it=17 outer=4 res=1.71e-06 iter 0.91s
it  21 c=3.001593e-01 vol=0.30000 mnd=0.014 drho=2.554e-01 p=3.5 b=4.0 solve 0.49s (setup 0.13) it=15 outer=4 res=3.27e-06 iter 0.52s
it  22 c=2.988994e-01 vol=0.30000 mnd=0.010 drho=2.555e-01 p=3.5 b=4.0 solve 0.28s (setup 0.01) it=15 outer=4 res=1.58e-06 iter 0.31s
it  23 c=2.982878e-01 vol=0.30000 mnd=0.009 drho=2.355e-01 p=3.5 b=4.0 solve 0.26s (setup 0.02) it=14 outer=4 res=1.70e-06 iter 0.30s
it  24 c=2.979096e-01 vol=0.30000 mnd=0.008 drho=2.242e-01 p=3.5 b=4.0 solve 0.28s (setup 0.02) it=15 outer=4 res=1.46e-06 iter 0.32s
it  25 c=2.976472e-01 vol=0.30000 mnd=0.007 drho=2.209e-01 p=3.5 b=4.0 solve 0.28s (setup 0.02) it=15 outer=4 res=1.22e-06 iter 0.32s
it  26 c=2.974477e-01 vol=0.30000 mnd=0.007 drho=2.368e-01 p=3.5 b=4.0 solve 0.34s (setup 0.06) it=16 outer=4 res=5.84e-07 iter 0.38s
it  27 c=2.972899e-01 vol=0.30000 mnd=0.007 drho=2.362e-01 p=3.5 b=4.0 solve 0.19s (setup 0.01) it=9 outer=3 res=8.89e-06 iter 0.22s
it  28 c=2.971628e-01 vol=0.30000 mnd=0.007 drho=2.326e-01 p=3.5 b=4.0 solve 0.18s (setup 0.02) it=9 outer=3 res=8.13e-06 iter 0.21s
it  29 c=2.970603e-01 vol=0.30000 mnd=0.007 drho=2.030e-01 p=3.5 b=4.0 solve 0.18s (setup 0.01) it=9 outer=3 res=9.40e-06 iter 0.21s
AUDIT it=30 res=1.36e-06 dc/c=1.82e-10 sens2=1.98e-07 sensmax=4.51e-07 upd=4.65e-06 n>0.001=0
it  30 c=2.969775e-01 vol=0.30000 mnd=0.007 drho=2.031e-01 p=3.5 b=4.0 solve 0.25s (setup 0.02) it=13 outer=4 res=1.36e-06 iter 0.84s
it  31 c=2.969078e-01 vol=0.30000 mnd=0.007 drho=1.948e-01 p=3.5 b=4.0 solve 0.41s (setup 0.13) it=13 outer=4 res=1.31e-06 iter 0.44s
it  32 c=2.968478e-01 vol=0.30000 mnd=0.006 drho=1.854e-01 p=3.5 b=4.0 solve 0.25s (setup 0.02) it=13 outer=4 res=1.41e-06 iter 0.28s
it  33 c=2.967947e-01 vol=0.30000 mnd=0.006 drho=1.837e-01 p=3.5 b=4.0 solve 0.25s (setup 0.02) it=13 outer=4 res=1.26e-06 iter 0.28s
it  34 c=2.967461e-01 vol=0.30000 mnd=0.006 drho=1.830e-01 p=3.5 b=4.0 solve 0.25s (setup 0.02) it=13 outer=4 res=1.21e-06 iter 0.28s
it  35 c=2.967015e-01 vol=0.30000 mnd=0.006 drho=1.826e-01 p=3.5 b=4.0 solve 0.26s (setup 0.02) it=13 outer=4 res=1.12e-06 iter 0.29s
it  36 c=2.966597e-01 vol=0.30000 mnd=0.006 drho=1.825e-01 p=3.5 b=4.0 solve 0.29s (setup 0.06) it=13 outer=4 res=1.01e-06 iter 0.32s
it  37 c=2.966210e-01 vol=0.30000 mnd=0.006 drho=1.814e-01 p=3.5 b=4.0 solve 0.24s (setup 0.02) it=12 outer=4 res=7.13e-07 iter 0.28s
it  38 c=2.965853e-01 vol=0.30000 mnd=0.006 drho=1.827e-01 p=3.5 b=4.0 solve 0.16s (setup 0.02) it=7 outer=3 res=9.51e-06 iter 0.19s
it  39 c=2.965512e-01 vol=0.30000 mnd=0.006 drho=1.719e-01 p=3.5 b=4.0 solve 0.24s (setup 0.02) it=13 outer=4 res=8.55e-07 iter 0.28s
AUDIT it=40 res=8.93e-06 dc/c=1.59e-08 sens2=1.67e-06 sensmax=1.58e-06 upd=2.91e-05 n>0.001=0
it  40 c=2.965187e-01 vol=0.30000 mnd=0.006 drho=1.754e-01 p=3.5 b=4.0 solve 0.15s (setup 0.02) it=7 outer=3 res=8.93e-06 iter 0.85s
AUDIT it=41 res=1.81e-06 dc/c=1.14e-08 sens2=9.35e-07 sensmax=1.15e-06 upd=5.22e-07 n>0.001=0
it  41 c=2.946371e-01 vol=0.29992 mnd=0.000 drho=4.485e-01 p=4.5 b=16.0 solve 0.43s (setup 0.13) it=15 outer=4 res=1.81e-06 iter 1.06s
AUDIT it=42 res=9.72e-07 dc/c=9.09e-10 sens2=1.26e-06 sensmax=1.93e-06 upd=2.98e-06 n>0.001=0
it  42 c=2.945868e-01 vol=0.30000 mnd=0.000 drho=4.562e-01 p=4.5 b=16.0 solve 0.26s (setup 0.02) it=13 outer=4 res=9.72e-07 iter 0.85s
it  43 c=2.945443e-01 vol=0.30000 mnd=0.000 drho=3.944e-01 p=4.5 b=16.0 solve 0.22s (setup 0.02) it=11 outer=4 res=1.08e-06 iter 0.25s
it  44 c=2.945227e-01 vol=0.30000 mnd=0.000 drho=3.632e-01 p=4.5 b=16.0 solve 0.15s (setup 0.02) it=7 outer=3 res=6.79e-06 iter 0.19s
it  45 c=2.945138e-01 vol=0.30000 mnd=0.000 drho=4.954e-01 p=4.5 b=16.0 solve 0.15s (setup 0.02) it=7 outer=3 res=3.99e-06 iter 0.19s
it  46 c=2.945099e-01 vol=0.30000 mnd=0.000 drho=4.408e-01 p=4.5 b=16.0 solve 0.19s (setup 0.06) it=7 outer=3 res=2.83e-06 iter 0.23s
it  47 c=2.945083e-01 vol=0.30000 mnd=0.000 drho=3.706e-01 p=4.5 b=16.0 solve 0.15s (setup 0.02) it=7 outer=3 res=8.56e-07 iter 0.19s
it  48 c=2.945077e-01 vol=0.30000 mnd=0.000 drho=3.120e-01 p=4.5 b=16.0 solve 0.12s (setup 0.02) it=5 outer=2 res=2.85e-06 iter 0.15s
it  49 c=2.945074e-01 vol=0.30000 mnd=0.000 drho=1.076e-01 p=4.5 b=16.0 solve 0.10s (setup 0.02) it=4 outer=2 res=5.07e-06 iter 0.14s
AUDIT it=50 res=4.42e-07 dc/c=4.41e-11 sens2=2.42e-06 sensmax=2.02e-05 upd=2.09e-06 n>0.001=0
it  50 c=2.945072e-01 vol=0.30000 mnd=0.000 drho=2.170e-02 p=4.5 b=16.0 solve 0.12s (setup 0.02) it=5 outer=2 res=4.42e-07 iter 0.68s
it  51 c=2.945072e-01 vol=0.30000 mnd=0.000 drho=2.170e-02 p=4.5 b=16.0 solve 0.30s (setup 0.13) it=4 outer=2 res=9.33e-07 iter 0.34s
it  52 c=2.945071e-01 vol=0.30000 mnd=0.000 drho=2.170e-02 p=4.5 b=16.0 solve 0.06s (setup 0.02) it=2 outer=1 res=8.75e-06 iter 0.10s
it  53 c=2.945071e-01 vol=0.30000 mnd=0.000 drho=2.170e-02 p=4.5 b=16.0 solve 0.07s (setup 0.02) it=2 outer=1 res=8.16e-06 iter 0.10s
it  54 c=2.945071e-01 vol=0.30000 mnd=0.000 drho=2.170e-02 p=4.5 b=16.0 solve 0.06s (setup 0.02) it=2 outer=1 res=8.18e-06 iter 0.10s
it  55 c=2.945070e-01 vol=0.30000 mnd=0.000 drho=2.170e-02 p=4.5 b=16.0 solve 0.06s (setup 0.02) it=2 outer=1 res=7.97e-06 iter 0.10s
it  56 c=2.945070e-01 vol=0.30000 mnd=0.000 drho=2.170e-02 p=4.5 b=16.0 solve 0.11s (setup 0.06) it=2 outer=1 res=8.06e-06 iter 0.14s
it  57 c=2.945070e-01 vol=0.30000 mnd=0.000 drho=2.170e-02 p=4.5 b=16.0 solve 0.07s (setup 0.02) it=2 outer=1 res=7.73e-06 iter 0.10s
it  58 c=2.945070e-01 vol=0.30000 mnd=0.000 drho=2.170e-02 p=4.5 b=16.0 solve 0.06s (setup 0.02) it=2 outer=1 res=7.78e-06 iter 0.10s
it  59 c=2.945070e-01 vol=0.30000 mnd=0.000 drho=2.170e-02 p=4.5 b=16.0 solve 0.06s (setup 0.01) it=2 outer=1 res=7.26e-06 iter 0.10s
AUDIT it=60 res=7.37e-06 dc/c=5.68e-10 sens2=1.23e-05 sensmax=8.99e-05 upd=1.46e-05 n>0.001=0
it  60 c=2.945070e-01 vol=0.30000 mnd=0.000 drho=2.170e-02 p=4.5 b=16.0 solve 0.07s (setup 0.02) it=2 outer=1 res=7.37e-06 iter 0.65s
it  61 c=2.945069e-01 vol=0.30000 mnd=0.000 drho=2.170e-02 p=4.5 b=16.0 solve 0.23s (setup 0.14) it=2 outer=1 res=7.23e-06 iter 0.30s
it  62 c=2.945069e-01 vol=0.30000 mnd=0.000 drho=2.170e-02 p=4.5 b=16.0 solve 0.08s (setup 0.03) it=2 outer=1 res=7.27e-06 iter 0.12s
it  63 c=2.945069e-01 vol=0.30000 mnd=0.000 drho=2.170e-02 p=4.5 b=16.0 solve 0.07s (setup 0.02) it=2 outer=1 res=7.25e-06 iter 0.10s
it  64 c=2.945069e-01 vol=0.30000 mnd=0.000 drho=2.170e-02 p=4.5 b=16.0 solve 0.07s (setup 0.02) it=2 outer=1 res=7.27e-06 iter 0.10s
AUDIT it=65 res=7.27e-06 dc/c=1.92e-09 sens2=5.70e-06 sensmax=1.47e-05 upd=3.96e-05 n>0.001=0
it  65 c=2.945069e-01 vol=0.30000 mnd=0.000 drho=2.170e-02 p=4.5 b=16.0 solve 0.06s (setup 0.02) it=2 outer=1 res=7.27e-06 iter 0.65s
AUDIT it=66 res=8.78e-07 dc/c=6.99e-09 sens2=1.67e-06 sensmax=2.09e-06 upd=0.00e+00 n>0.001=0
it  66 c=2.945045e-01 vol=0.30000 mnd=0.000 drho=1.288e-02 p=4.5 b=32.0 solve 0.16s (setup 0.06) it=5 outer=2 res=8.78e-07 iter 0.84s
AUDIT it=67 res=9.05e-07 dc/c=6.71e-09 sens2=9.55e-06 sensmax=2.72e-05 upd=0.00e+00 n>0.001=0
it  67 c=2.945045e-01 vol=0.30000 mnd=0.000 drho=3.127e-03 p=4.5 b=32.0 solve 0.02s (setup 0.02) it=0 outer=0 res=9.05e-07 iter 0.71s
it  68 c=2.945045e-01 vol=0.30000 mnd=0.000 drho=2.510e-02 p=4.5 b=32.0 solve 0.03s (setup 0.02) it=0 outer=0 res=9.11e-07 iter 0.10s
it  69 c=2.945045e-01 vol=0.30000 mnd=0.000 drho=1.034e-01 p=4.5 b=32.0 solve 0.03s (setup 0.02) it=0 outer=0 res=1.85e-06 iter 0.09s
AUDIT it=70 res=1.30e-06 dc/c=2.16e-10 sens2=4.88e-05 sensmax=5.09e-05 upd=0.00e+00 n>0.001=0
it  70 c=2.945045e-01 vol=0.30000 mnd=0.000 drho=2.976e-01 p=4.5 b=32.0 solve 0.10s (setup 0.02) it=4 outer=2 res=1.30e-06 iter 0.76s
it  71 c=2.945031e-01 vol=0.30003 mnd=0.000 drho=5.256e-01 p=4.5 b=32.0 solve 0.33s (setup 0.13) it=7 outer=3 res=2.74e-06 iter 0.40s
it  72 c=2.945008e-01 vol=0.30000 mnd=0.000 drho=5.060e-01 p=4.5 b=32.0 solve 0.16s (setup 0.02) it=7 outer=3 res=2.33e-06 iter 0.20s
it  73 c=2.945015e-01 vol=0.30000 mnd=0.000 drho=3.756e-01 p=4.5 b=32.0 solve 0.14s (setup 0.02) it=6 outer=3 res=2.74e-06 iter 0.18s
it  74 c=2.945009e-01 vol=0.30000 mnd=0.000 drho=3.599e-01 p=4.5 b=32.0 solve 0.16s (setup 0.01) it=7 outer=3 res=9.51e-07 iter 0.19s
it  75 c=2.945006e-01 vol=0.30000 mnd=0.000 drho=3.061e-01 p=4.5 b=32.0 solve 0.10s (setup 0.02) it=4 outer=2 res=9.27e-06 iter 0.14s
AUDIT it=76 res=2.85e-06 dc/c=4.51e-10 sens2=1.94e-04 sensmax=2.03e-04 upd=2.68e-06 n>0.001=0
it  76 c=2.945006e-01 vol=0.30000 mnd=0.000 drho=5.469e-02 p=4.5 b=32.0 solve 0.15s (setup 0.06) it=4 outer=2 res=2.85e-06 iter 0.71s
it  77 c=2.945005e-01 vol=0.30000 mnd=0.000 drho=8.840e-03 p=4.5 b=32.0 solve 0.06s (setup 0.02) it=2 outer=1 res=5.74e-06 iter 0.10s
