AUDIT it=1 res=7.95e-06 dc/c=4.32e-07 sens2=2.20e-06 sensmax=2.46e-06 upd=9.37e-06 n>0.001=0
it   1 c=6.274039e-01 vol=0.23500 mnd=0.719 drho=nan p=1.5 b=1.0 solve 0.91s (setup 0.60) it=9 outer=4 res=7.95e-06 iter 1.30s
AUDIT it=2 res=3.57e-06 dc/c=4.25e-08 sens2=7.62e-07 sensmax=1.18e-06 upd=6.56e-06 n>0.001=0
it   2 c=3.082495e-01 vol=0.25000 mnd=0.707 drho=2.110e-01 p=1.5 b=1.0 solve 0.23s (setup 0.02) it=10 outer=5 res=3.57e-06 iter 0.56s
it   3 c=2.169086e-01 vol=0.25000 mnd=0.637 drho=2.155e-01 p=1.5 b=1.0 solve 0.21s (setup 0.02) it=10 outer=4 res=3.00e-06 iter 0.24s
it   4 c=1.736617e-01 vol=0.25000 mnd=0.554 drho=2.126e-01 p=1.5 b=1.0 solve 0.22s (setup 0.02) it=10 outer=4 res=4.20e-06 iter 0.26s
AUDIT it=5 res=1.41e-06 dc/c=1.45e-07 sens2=5.11e-07 sensmax=7.25e-07 upd=2.32e-06 n>0.001=0
it   5 c=1.510835e-01 vol=0.25000 mnd=0.472 drho=2.158e-01 p=1.5 b=1.0 solve 0.24s (setup 0.02) it=12 outer=4 res=1.41e-06 iter 0.64s
it   6 c=1.430011e-01 vol=0.25000 mnd=0.416 drho=2.153e-01 p=1.5 b=1.0 solve 0.30s (setup 0.06) it=13 outer=4 res=1.29e-06 iter 0.34s
it   7 c=1.375708e-01 vol=0.25000 mnd=0.368 drho=1.864e-01 p=1.5 b=1.0 solve 0.23s (setup 0.02) it=12 outer=3 res=6.18e-06 iter 0.26s
it   8 c=1.335572e-01 vol=0.25000 mnd=0.325 drho=1.628e-01 p=1.5 b=1.0 solve 0.23s (setup 0.02) it=12 outer=3 res=8.31e-06 iter 0.27s
it   9 c=1.304086e-01 vol=0.25000 mnd=0.286 drho=1.428e-01 p=1.5 b=1.0 solve 0.24s (setup 0.02) it=13 outer=3 res=6.10e-06 iter 0.28s
AUDIT it=10 res=9.17e-06 dc/c=1.12e-07 sens2=1.26e-06 sensmax=1.08e-06 upd=1.84e-05 n>0.001=0
it  10 c=1.278462e-01 vol=0.25000 mnd=0.250 drho=1.371e-01 p=1.5 b=1.0 solve 0.25s (setup 0.02) it=13 outer=3 res=9.17e-06 iter 0.88s
it  11 c=1.257118e-01 vol=0.25000 mnd=0.216 drho=1.435e-01 p=1.5 b=1.0 solve 0.46s (setup 0.13) it=14 outer=3 res=5.65e-06 iter 0.51s
it  12 c=1.239160e-01 vol=0.25000 mnd=0.184 drho=1.606e-01 p=1.5 b=1.0 solve 0.32s (setup 0.02) it=18 outer=4 res=5.55e-07 iter 0.36s
it  13 c=1.224317e-01 vol=0.25000 mnd=0.156 drho=1.791e-01 p=1.5 b=1.0 solve 0.33s (setup 0.02) it=18 outer=4 res=6.82e-07 iter 0.37s
it  14 c=1.212483e-01 vol=0.25000 mnd=0.132 drho=1.812e-01 p=1.5 b=1.0 solve 0.25s (setup 0.02) it=13 outer=3 res=9.78e-06 iter 0.29s
AUDIT it=15 res=7.75e-07 dc/c=1.00e-08 sens2=1.08e-07 sensmax=2.41e-07 upd=1.97e-06 n>0.001=0
it  15 c=1.203054e-01 vol=0.25000 mnd=0.112 drho=1.831e-01 p=1.5 b=1.0 solve 0.32s (setup 0.01) it=18 outer=4 res=7.75e-07 iter 0.88s
AUDIT it=16 res=3.01e-06 dc/c=1.23e-07 sens2=5.77e-06 sensmax=1.04e-05 upd=2.46e-05 n>0.001=0
it  16 c=1.236716e-01 vol=0.24648 mnd=0.057 drho=3.203e-01 p=3.5 b=4.0 solve 0.44s (setup 0.06) it=23 outer=4 res=3.01e-06 iter 1.03s
AUDIT it=17 res=4.19e-06 dc/c=2.45e-07 sens2=1.28e-06 sensmax=1.56e-06 upd=2.31e-05 n>0.001=0
it  17 c=1.196567e-01 vol=0.25000 mnd=0.034 drho=3.023e-01 p=3.5 b=4.0 solve 0.36s (setup 0.02) it=20 outer=4 res=4.19e-06 iter 1.00s
it  18 c=1.181700e-01 vol=0.25000 mnd=0.021 drho=3.018e-01 p=3.5 b=4.0 solve 0.33s (setup 0.02) it=19 outer=4 res=3.09e-06 iter 0.37s
it  19 c=1.175640e-01 vol=0.25000 mnd=0.015 drho=3.020e-01 p=3.5 b=4.0 solve 0.37s (setup 0.02) it=21 outer=4 res=1.86e-06 iter 0.41s
AUDIT it=20 res=1.49e-06 dc/c=1.13e-08 sens2=1.21e-07 sensmax=2.28e-07 upd=9.36e-06 n>0.001=0
it  20 c=1.173381e-01 vol=0.25000 mnd=0.013 drho=3.023e-01 p=3.5 b=4.0 solve 0.34s (setup 0.02) it=19 outer=4 res=1.49e-06 iter 1.01s
it  21 c=1.172254e-01 vol=0.25000 mnd=0.011 drho=2.975e-01 p=3.5 b=4.0 solve 0.37s (setup 0.13) it=11 outer=3 res=7.09e-06 iter 0.41s
it  22 c=1.171610e-01 vol=0.25000 mnd=0.010 drho=2.872e-01 p=3.5 b=4.0 solve 0.21s (setup 0.01) it=11 outer=3 res=5.17e-06 iter 0.25s
it  23 c=1.171219e-01 vol=0.25000 mnd=0.010 drho=2.685e-01 p=3.5 b=4.0 solve 0.19s (setup 0.02) it=9 outer=3 res=8.87e-06 iter 0.22s
it  24 c=1.170968e-01 vol=0.25000 mnd=0.010 drho=2.464e-01 p=3.5 b=4.0 solve 0.19s (setup 0.02) it=9 outer=3 res=5.89e-06 iter 0.22s
it  25 c=1.170798e-01 vol=0.25000 mnd=0.009 drho=2.307e-01 p=3.5 b=4.0 solve 0.18s (setup 0.02) it=9 outer=3 res=7.68e-06 iter 0.22s
it  26 c=1.170675e-01 vol=0.25000 mnd=0.009 drho=2.332e-01 p=3.5 b=4.0 solve 0.27s (setup 0.06) it=12 outer=3 res=5.77e-06 iter 0.30s
it  27 c=1.170582e-01 vol=0.25000 mnd=0.009 drho=1.912e-01 p=3.5 b=4.0 solve 0.19s (setup 0.02) it=9 outer=3 res=3.99e-06 iter 0.22s
it  28 c=1.170509e-01 vol=0.25000 mnd=0.009 drho=1.639e-01 p=3.5 b=4.0 solve 0.19s (setup 0.02) it=9 outer=3 res=4.51e-06 iter 0.22s
it  29 c=1.170449e-01 vol=0.25000 mnd=0.009 drho=1.644e-01 p=3.5 b=4.0 solve 0.19s (setup 0.02) it=9 outer=3 res=5.00e-06 iter 0.22s
AUDIT it=30 res=3.09e-06 dc/c=1.60e-09 sens2=2.55e-07 sensmax=6.34e-07 upd=8.83e-05 n>0.001=0
it  30 c=1.170400e-01 vol=0.25000 mnd=0.009 drho=1.549e-01 p=3.5 b=4.0 solve 0.23s (setup 0.02) it=12 outer=3 res=3.09e-06 iter 0.99s
it  31 c=1.170360e-01 vol=0.25000 mnd=0.009 drho=1.478e-01 p=3.5 b=4.0 solve 0.34s (setup 0.13) it=9 outer=3 res=3.77e-06 iter 0.38s
it  32 c=1.170327e-01 vol=0.25000 mnd=0.009 drho=1.217e-01 p=3.5 b=4.0 solve 0.21s (setup 0.02) it=11 outer=3 res=3.54e-06 iter 0.25s
it  33 c=1.170298e-01 vol=0.25000 mnd=0.009 drho=1.335e-01 p=3.5 b=4.0 solve 0.18s (setup 0.02) it=9 outer=3 res=2.41e-06 iter 0.22s
it  34 c=1.170271e-01 vol=0.25000 mnd=0.009 drho=1.380e-01 p=3.5 b=4.0 solve 0.18s (setup 0.02) it=9 outer=3 res=2.16e-06 iter 0.22s
it  35 c=1.170248e-01 vol=0.25000 mnd=0.009 drho=1.481e-01 p=3.5 b=4.0 solve 0.19s (setup 0.02) it=9 outer=3 res=1.98e-06 iter 0.22s
it  36 c=1.170227e-01 vol=0.25000 mnd=0.009 drho=1.855e-01 p=3.5 b=4.0 solve 0.23s (setup 0.06) it=9 outer=3 res=2.20e-06 iter 0.27s
it  37 c=1.170208e-01 vol=0.25000 mnd=0.009 drho=1.522e-01 p=3.5 b=4.0 solve 0.22s (setup 0.02) it=12 outer=3 res=2.14e-06 iter 0.26s
it  38 c=1.170190e-01 vol=0.25000 mnd=0.009 drho=1.240e-01 p=3.5 b=4.0 solve 0.19s (setup 0.02) it=9 outer=3 res=2.20e-06 iter 0.23s
it  39 c=1.170174e-01 vol=0.25000 mnd=0.009 drho=1.207e-01 p=3.5 b=4.0 solve 0.18s (setup 0.02) it=9 outer=3 res=1.86e-06 iter 0.22s
AUDIT it=40 res=2.46e-06 dc/c=1.08e-09 sens2=2.22e-07 sensmax=6.89e-07 upd=1.05e-04 n>0.001=0
it  40 c=1.170159e-01 vol=0.25000 mnd=0.009 drho=1.184e-01 p=3.5 b=4.0 solve 0.19s (setup 0.01) it=9 outer=3 res=2.46e-06 iter 0.95s
AUDIT it=41 res=1.82e-06 dc/c=1.79e-08 sens2=5.97e-06 sensmax=8.39e-06 upd=1.94e-06 n>0.001=0
it  41 c=1.161764e-01 vol=0.24990 mnd=0.000 drho=4.082e-01 p=4.5 b=16.0 solve 0.54s (setup 0.13) it=20 outer=4 res=1.82e-06 iter 1.41s
AUDIT it=42 res=4.47e-06 dc/c=1.30e-09 sens2=1.88e-05 sensmax=2.75e-05 upd=6.62e-06 n>0.001=0
it  42 c=1.161726e-01 vol=0.24993 mnd=0.000 drho=4.770e-01 p=4.5 b=16.0 solve 0.18s (setup 0.02) it=9 outer=3 res=4.47e-06 iter 1.10s
it  43 c=1.161669e-01 vol=0.25000 mnd=0.000 drho=4.680e-01 p=4.5 b=16.0 solve 0.19s (setup 0.01) it=9 outer=3 res=8.63e-06 iter 0.22s
it  44 c=1.161586e-01 vol=0.25000 mnd=0.000 drho=4.968e-01 p=4.5 b=16.0 solve 0.34s (setup 0.01) it=19 outer=4 res=8.22e-07 iter 0.37s
it  45 c=1.161517e-01 vol=0.25000 mnd=0.000 drho=4.548e-01 p=4.5 b=16.0 solve 0.17s (setup 0.02) it=8 outer=3 res=8.03e-06 iter 0.21s
it  46 c=1.161486e-01 vol=0.25000 mnd=0.000 drho=4.772e-01 p=4.5 b=16.0 solve 0.21s (setup 0.06) it=8 outer=3 res=4.80e-06 iter 0.24s
it  47 c=1.161477e-01 vol=0.25000 mnd=0.000 drho=4.267e-01 p=4.5 b=16.0 solve 0.17s (setup 0.02) it=8 outer=3 res=2.42e-06 iter 0.21s
it  48 c=1.161473e-01 vol=0.25000 mnd=0.000 drho=4.706e-01 p=4.5 b=16.0 solve 0.17s (setup 0.01) it=8 outer=3 res=9.22e-07 iter 0.21s
it  49 c=1.161471e-01 vol=0.25000 mnd=0.000 drho=4.589e-01 p=4.5 b=16.0 solve 0.15s (setup 0.02) it=7 outer=3 res=9.17e-07 iter 0.19s
AUDIT it=50 res=9.75e-06 dc/c=3.14e-08 sens2=7.94e-04 sensmax=1.04e-03 upd=3.05e-05 n>0.001=0
it  50 c=1.161469e-01 vol=0.25000 mnd=0.000 drho=4.317e-01 p=4.5 b=16.0 solve 0.10s (setup 0.01) it=4 outer=2 res=9.75e-06 iter 0.89s
it  51 c=1.161469e-01 vol=0.25000 mnd=0.000 drho=1.719e-01 p=4.5 b=16.0 solve 0.30s (setup 0.13) it=4 outer=2 res=3.72e-06 iter 0.34s
it  52 c=1.161468e-01 vol=0.25000 mnd=0.000 drho=2.759e-01 p=4.5 b=16.0 solve 0.11s (setup 0.02) it=4 outer=2 res=1.55e-06 iter 0.15s
it  53 c=1.161468e-01 vol=0.25000 mnd=0.000 drho=2.826e-01 p=4.5 b=16.0 solve 0.10s (setup 0.02) it=4 outer=2 res=1.56e-06 iter 0.14s
it  54 c=1.161468e-01 vol=0.25000 mnd=0.000 drho=1.184e-01 p=4.5 b=16.0 solve 0.10s (setup 0.02) it=4 outer=2 res=7.62e-07 iter 0.14s
it  55 c=1.161468e-01 vol=0.25000 mnd=0.000 drho=1.185e-01 p=4.5 b=16.0 solve 0.06s (setup 0.02) it=2 outer=1 res=5.46e-06 iter 0.10s
it  56 c=1.161468e-01 vol=0.25000 mnd=0.000 drho=1.184e-01 p=4.5 b=16.0 solve 0.11s (setup 0.06) it=2 outer=1 res=3.83e-06 iter 0.14s
it  57 c=1.161468e-01 vol=0.25000 mnd=0.000 drho=1.185e-01 p=4.5 b=16.0 solve 0.06s (setup 0.02) it=2 outer=1 res=3.62e-06 iter 0.10s
it  58 c=1.161468e-01 vol=0.25000 mnd=0.000 drho=1.184e-01 p=4.5 b=16.0 solve 0.06s (setup 0.02) it=2 outer=1 res=3.58e-06 iter 0.10s
it  59 c=1.161468e-01 vol=0.25000 mnd=0.000 drho=1.185e-01 p=4.5 b=16.0 solve 0.07s (setup 0.02) it=2 outer=1 res=3.56e-06 iter 0.10s
AUDIT it=60 res=3.56e-06 dc/c=3.21e-10 sens2=8.17e-06 sensmax=3.40e-05 upd=1.21e-05 n>0.001=0
it  60 c=1.161468e-01 vol=0.25000 mnd=0.000 drho=1.184e-01 p=4.5 b=16.0 solve 0.06s (setup 0.02) it=2 outer=1 res=3.56e-06 iter 0.79s
it  61 c=1.161468e-01 vol=0.25000 mnd=0.000 drho=1.185e-01 p=4.5 b=16.0 solve 0.24s (setup 0.13) it=2 outer=1 res=3.55e-06 iter 0.28s
it  62 c=1.161468e-01 vol=0.25000 mnd=0.000 drho=1.184e-01 p=4.5 b=16.0 solve 0.07s (setup 0.02) it=2 outer=1 res=3.55e-06 iter 0.10s
it  63 c=1.161468e-01 vol=0.25000 mnd=0.000 drho=1.185e-01 p=4.5 b=16.0 solve 0.07s (setup 0.02) it=2 outer=1 res=3.54e-06 iter 0.10s
it  64 c=1.161468e-01 vol=0.25000 mnd=0.000 drho=1.184e-01 p=4.5 b=16.0 solve 0.07s (setup 0.02) it=2 outer=1 res=3.53e-06 iter 0.10s
AUDIT it=65 res=3.52e-06 dc/c=1.01e-11 sens2=1.68e-05 sensmax=5.84e-05 upd=5.90e-06 n>0.001=0
it  65 c=1.161468e-01 vol=0.25000 mnd=0.000 drho=1.185e-01 p=4.5 b=16.0 solve 0.07s (setup 0.02) it=2 outer=1 res=3.52e-06 iter 0.79s
AUDIT it=66 res=4.85e-06 dc/c=1.07e-07 sens2=1.88e-05 sensmax=2.52e-05 upd=0.00e+00 n>0.001=0
it  66 c=1.161465e-01 vol=0.24999 mnd=0.000 drho=1.340e-01 p=4.5 b=32.0 solve 0.11s (setup 0.06) it=2 outer=1 res=4.85e-06 iter 0.98s
AUDIT it=67 res=9.83e-06 dc/c=1.08e-07 sens2=1.38e-02 sensmax=1.33e-02 upd=0.00e+00 n>0.001=0
it  67 c=1.161465e-01 vol=0.24999 mnd=0.000 drho=2.479e-01 p=4.5 b=32.0 solve 0.02s (setup 0.02) it=0 outer=0 res=9.83e-06 iter 0.89s
it  68 c=1.161465e-01 vol=0.24999 mnd=0.000 drho=5.014e-01 p=4.5 b=32.0 solve 0.10s (setup 0.02) it=4 outer=2 res=3.09e-06 iter 0.17s
it  69 c=1.161463e-01 vol=0.25000 mnd=0.000 drho=5.641e-01 p=4.5 b=32.0 solve 0.12s (setup 0.01) it=5 outer=2 res=6.47e-06 iter 0.19s
AUDIT it=70 res=3.31e-06 dc/c=5.68e-09 sens2=8.80e-05 sensmax=1.24e-04 upd=4.63e-05 n>0.001=0
it  70 c=1.161459e-01 vol=0.25000 mnd=0.000 drho=5.446e-01 p=4.5 b=32.0 solve 0.15s (setup 0.02) it=7 outer=3 res=3.31e-06 iter 0.93s
it  71 c=1.161451e-01 vol=0.25000 mnd=0.000 drho=5.116e-01 p=4.5 b=32.0 solve 0.33s (setup 0.13) it=8 outer=3 res=3.62e-06 iter 0.37s
it  72 c=1.161448e-01 vol=0.25000 mnd=0.000 drho=4.724e-01 p=4.5 b=32.0 solve 0.16s (setup 0.02) it=7 outer=3 res=1.63e-06 iter 0.19s
it  73 c=1.161447e-01 vol=0.25000 mnd=0.000 drho=3.351e-01 p=4.5 b=32.0 solve 0.10s (setup 0.02) it=4 outer=2 res=3.36e-06 iter 0.14s
it  74 c=1.161447e-01 vol=0.25000 mnd=0.000 drho=6.236e-02 p=4.5 b=32.0 solve 0.10s (setup 0.02) it=4 outer=2 res=9.39e-07 iter 0.13s
it  75 c=1.161447e-01 vol=0.25000 mnd=0.000 drho=8.713e-03 p=4.5 b=32.0 solve 0.07s (setup 0.02) it=2 outer=1 res=1.20e-06 iter 0.10s
AUDIT it=76 res=1.64e-06 dc/c=1.27e-09 sens2=3.99e-05 sensmax=4.07e-05 upd=2.32e-05 n>0.001=0
it  76 c=1.161447e-01 vol=0.25000 mnd=0.000 drho=1.110e-02 p=4.5 b=32.0 solve 0.11s (setup 0.06) it=2 outer=1 res=1.64e-06 iter 0.83s
