it   1 c=1.837001e+00 vol=0.28644 mnd=0.818 drho=nan p=1.5 b=1.0 solve 0.25s (setup 0.19) it=8 outer=- res=4.58e-06 iter 0.38s
it   2 c=1.129218e+00 vol=0.30000 mnd=0.772 drho=2.136e-01 p=1.5 b=1.0 solve 0.06s (setup 0.01) it=8 outer=- res=6.28e-06 iter 0.07s
it   3 c=9.288413e-01 vol=0.30000 mnd=0.716 drho=2.136e-01 p=1.5 b=1.0 solve 0.06s (setup 0.01) it=8 outer=- res=5.83e-06 iter 0.07s
it   4 c=8.282975e-01 vol=0.30000 mnd=0.646 drho=2.157e-01 p=1.5 b=1.0 solve 0.06s (setup 0.01) it=8 outer=- res=9.88e-06 iter 0.07s
it   5 c=7.815445e-01 vol=0.30000 mnd=0.596 drho=2.159e-01 p=1.5 b=1.0 solve 0.06s (setup 0.01) it=8 outer=- res=8.06e-06 iter 0.06s
it   6 c=7.630485e-01 vol=0.30000 mnd=0.570 drho=2.157e-01 p=1.5 b=1.0 solve 0.07s (setup 0.03) it=8 outer=- res=4.45e-06 iter 0.08s
it   7 c=7.492886e-01 vol=0.30000 mnd=0.546 drho=2.155e-01 p=1.5 b=1.0 solve 0.05s (setup 0.01) it=8 outer=- res=3.99e-06 iter 0.06s
it   8 c=7.376272e-01 vol=0.30000 mnd=0.524 drho=2.025e-01 p=1.5 b=1.0 solve 0.05s (setup 0.01) it=8 outer=- res=3.44e-06 iter 0.06s
it   9 c=7.270274e-01 vol=0.30000 mnd=0.502 drho=1.311e-01 p=1.5 b=1.0 solve 0.06s (setup 0.01) it=8 outer=- res=3.71e-06 iter 0.06s
it  10 c=7.170572e-01 vol=0.30000 mnd=0.481 drho=1.148e-01 p=1.5 b=1.0 solve 0.06s (setup 0.01) it=8 outer=- res=4.52e-06 iter 0.06s
it  11 c=7.074429e-01 vol=0.30000 mnd=0.461 drho=1.178e-01 p=1.5 b=1.0 solve 0.07s (setup 0.03) it=8 outer=- res=7.58e-06 iter 0.08s
it  12 c=6.980315e-01 vol=0.30000 mnd=0.440 drho=1.166e-01 p=1.5 b=1.0 solve 0.06s (setup 0.01) it=9 outer=- res=4.14e-06 iter 0.07s
it  13 c=6.887490e-01 vol=0.30000 mnd=0.419 drho=1.094e-01 p=1.5 b=1.0 solve 0.06s (setup 0.01) it=9 outer=- res=6.60e-06 iter 0.07s
it  14 c=6.796226e-01 vol=0.30000 mnd=0.398 drho=1.074e-01 p=1.5 b=1.0 solve 0.06s (setup 0.01) it=9 outer=- res=9.25e-06 iter 0.07s
it  15 c=6.707536e-01 vol=0.30000 mnd=0.376 drho=1.083e-01 p=1.5 b=1.0 solve 0.07s (setup 0.01) it=10 outer=- res=4.46e-06 iter 0.07s
it  16 c=1.414867e+00 vol=0.27272 mnd=0.251 drho=2.782e-01 p=3.5 b=4.0 solve 0.11s (setup 0.03) it=17 outer=- res=9.24e-06 iter 0.12s
it  17 c=7.594319e-01 vol=0.30000 mnd=0.188 drho=3.024e-01 p=3.5 b=4.0 solve 0.11s (setup 0.01) it=18 outer=- res=9.33e-06 iter 0.12s
it  18 c=6.715875e-01 vol=0.30000 mnd=0.112 drho=3.021e-01 p=3.5 b=4.0 solve 0.09s (setup 0.01) it=15 outer=- res=8.07e-06 iter 0.09s
it  19 c=6.274430e-01 vol=0.30000 mnd=0.059 drho=2.830e-01 p=3.5 b=4.0 solve 0.08s (setup 0.01) it=13 outer=- res=5.60e-06 iter 0.09s
it  20 c=6.089223e-01 vol=0.30000 mnd=0.032 drho=2.420e-01 p=3.5 b=4.0 solve 0.08s (setup 0.01) it=13 outer=- res=9.68e-06 iter 0.09s
it  21 c=6.020811e-01 vol=0.30000 mnd=0.022 drho=2.402e-01 p=3.5 b=4.0 solve 0.23s (setup 0.06) it=12 outer=- res=8.86e-06 iter 0.24s
it  22 c=5.992146e-01 vol=0.30000 mnd=0.018 drho=2.273e-01 p=3.5 b=4.0 solve 0.10s (setup 0.03) it=12 outer=- res=6.42e-06 iter 0.11s
it  23 c=5.976439e-01 vol=0.30000 mnd=0.016 drho=2.273e-01 p=3.5 b=4.0 solve 0.08s (setup 0.01) it=11 outer=- res=7.78e-06 iter 0.09s
it  24 c=5.966256e-01 vol=0.30000 mnd=0.015 drho=2.154e-01 p=3.5 b=4.0 solve 0.07s (setup 0.01) it=10 outer=- res=6.14e-06 iter 0.07s
it  25 c=5.959215e-01 vol=0.30000 mnd=0.014 drho=1.915e-01 p=3.5 b=4.0 solve 0.07s (setup 0.01) it=10 outer=- res=6.25e-06 iter 0.07s
it  26 c=5.954059e-01 vol=0.30000 mnd=0.014 drho=1.919e-01 p=3.5 b=4.0 solve 0.09s (setup 0.03) it=11 outer=- res=5.77e-06 iter 0.09s
it  27 c=5.949920e-01 vol=0.30000 mnd=0.013 drho=1.898e-01 p=3.5 b=4.0 solve 0.07s (setup 0.01) it=11 outer=- res=5.14e-06 iter 0.08s
it  28 c=5.946411e-01 vol=0.30000 mnd=0.013 drho=1.856e-01 p=3.5 b=4.0 solve 0.07s (setup 0.01) it=11 outer=- res=4.76e-06 iter 0.08s
it  29 c=5.943457e-01 vol=0.30000 mnd=0.013 drho=1.827e-01 p=3.5 b=4.0 solve 0.07s (setup 0.01) it=10 outer=- res=8.12e-06 iter 0.07s
it  30 c=5.941067e-01 vol=0.30000 mnd=0.013 drho=1.825e-01 p=3.5 b=4.0 solve 0.06s (setup 0.01) it=9 outer=- res=7.86e-06 iter 0.07s
it  31 c=5.939008e-01 vol=0.30000 mnd=0.013 drho=1.806e-01 p=3.5 b=4.0 solve 0.18s (setup 0.06) it=9 outer=- res=7.87e-06 iter 0.19s
it  32 c=5.937160e-01 vol=0.30000 mnd=0.013 drho=1.825e-01 p=3.5 b=4.0 solve 0.06s (setup 0.01) it=9 outer=- res=4.96e-06 iter 0.07s
it  33 c=5.935498e-01 vol=0.30000 mnd=0.012 drho=1.820e-01 p=3.5 b=4.0 solve 0.06s (setup 0.01) it=8 outer=- res=8.44e-06 iter 0.07s
it  34 c=5.933922e-01 vol=0.30000 mnd=0.012 drho=2.025e-01 p=3.5 b=4.0 solve 0.06s (setup 0.01) it=8 outer=- res=8.18e-06 iter 0.06s
it  35 c=5.932415e-01 vol=0.30000 mnd=0.012 drho=2.029e-01 p=3.5 b=4.0 solve 0.05s (setup 0.01) it=8 outer=- res=8.38e-06 iter 0.06s
it  36 c=5.931005e-01 vol=0.30000 mnd=0.012 drho=1.952e-01 p=3.5 b=4.0 solve 0.07s (setup 0.02) it=8 outer=- res=8.06e-06 iter 0.07s
it  37 c=5.929708e-01 vol=0.30000 mnd=0.012 drho=1.884e-01 p=3.5 b=4.0 solve 0.05s (setup 0.01) it=8 outer=- res=7.48e-06 iter 0.06s
it  38 c=5.928525e-01 vol=0.30000 mnd=0.012 drho=1.783e-01 p=3.5 b=4.0 solve 0.06s (setup 0.01) it=8 outer=- res=6.29e-06 iter 0.06s
it  39 c=5.927395e-01 vol=0.30000 mnd=0.012 drho=1.823e-01 p=3.5 b=4.0 solve 0.05s (setup 0.01) it=8 outer=- res=7.21e-06 iter 0.06s
it  40 c=5.926293e-01 vol=0.30000 mnd=0.012 drho=1.764e-01 p=3.5 b=4.0 solve 0.05s (setup 0.01) it=8 outer=- res=7.39e-06 iter 0.06s
it  41 c=5.852474e-01 vol=0.29988 mnd=0.000 drho=4.508e-01 p=4.5 b=16.0 solve 0.21s (setup 0.06) it=13 outer=- res=6.88e-06 iter 0.22s
it  42 c=5.850684e-01 vol=0.30000 mnd=0.000 drho=4.178e-01 p=4.5 b=16.0 solve 0.10s (setup 0.03) it=8 outer=- res=7.14e-06 iter 0.11s
it  43 c=5.849305e-01 vol=0.30000 mnd=0.000 drho=3.050e-01 p=4.5 b=16.0 solve 0.06s (setup 0.01) it=8 outer=- res=8.35e-06 iter 0.06s
it  44 c=5.848722e-01 vol=0.30000 mnd=0.000 drho=2.597e-01 p=4.5 b=16.0 solve 0.05s (setup 0.01) it=8 outer=- res=6.78e-06 iter 0.06s
it  45 c=5.848538e-01 vol=0.30000 mnd=0.000 drho=1.787e-01 p=4.5 b=16.0 solve 0.05s (setup 0.01) it=7 outer=- res=5.99e-06 iter 0.06s
it  46 c=5.848437e-01 vol=0.30000 mnd=0.000 drho=3.883e-01 p=4.5 b=16.0 solve 0.06s (setup 0.02) it=6 outer=- res=6.93e-06 iter 0.06s
it  47 c=5.848359e-01 vol=0.30000 mnd=0.000 drho=3.902e-01 p=4.5 b=16.0 solve 0.04s (setup 0.01) it=5 outer=- res=4.62e-06 iter 0.04s
it  48 c=5.848336e-01 vol=0.30000 mnd=0.000 drho=1.153e-01 p=4.5 b=16.0 solve 0.03s (setup 0.01) it=4 outer=- res=7.04e-06 iter 0.04s
it  49 c=5.848328e-01 vol=0.30000 mnd=0.000 drho=1.630e-02 p=4.5 b=16.0 solve 0.03s (setup 0.01) it=4 outer=- res=3.21e-06 iter 0.04s
it  50 c=5.848324e-01 vol=0.30000 mnd=0.000 drho=1.182e-02 p=4.5 b=16.0 solve 0.03s (setup 0.01) it=3 outer=- res=7.66e-06 iter 0.03s
it  51 c=5.848322e-01 vol=0.30000 mnd=0.000 drho=6.868e-03 p=4.5 b=16.0 solve 0.11s (setup 0.06) it=3 outer=- res=5.82e-06 iter 0.12s
it  52 c=5.848320e-01 vol=0.30000 mnd=0.000 drho=6.806e-03 p=4.5 b=16.0 solve 0.08s (setup 0.03) it=3 outer=- res=4.36e-06 iter 0.09s
it  53 c=5.848320e-01 vol=0.30000 mnd=0.000 drho=8.367e-03 p=4.5 b=16.0 solve 0.06s (setup 0.03) it=3 outer=- res=4.31e-06 iter 0.06s
it  54 c=5.848319e-01 vol=0.30000 mnd=0.000 drho=1.111e-02 p=4.5 b=16.0 solve 0.03s (setup 0.01) it=3 outer=- res=4.90e-06 iter 0.04s
it  55 c=5.848318e-01 vol=0.30000 mnd=0.000 drho=1.576e-02 p=4.5 b=16.0 solve 0.03s (setup 0.01) it=3 outer=- res=6.30e-06 iter 0.04s
it  56 c=5.848317e-01 vol=0.30000 mnd=0.000 drho=2.463e-02 p=4.5 b=16.0 solve 0.04s (setup 0.03) it=3 outer=- res=8.63e-06 iter 0.05s
it  57 c=5.848317e-01 vol=0.30000 mnd=0.000 drho=3.381e-02 p=4.5 b=16.0 solve 0.04s (setup 0.01) it=4 outer=- res=4.85e-06 iter 0.04s
it  58 c=5.848315e-01 vol=0.30000 mnd=0.000 drho=4.660e-02 p=4.5 b=16.0 solve 0.04s (setup 0.01) it=4 outer=- res=5.97e-06 iter 0.04s
it  59 c=5.848313e-01 vol=0.30000 mnd=0.000 drho=6.221e-02 p=4.5 b=16.0 solve 0.04s (setup 0.01) it=4 outer=- res=6.71e-06 iter 0.04s
it  60 c=5.848311e-01 vol=0.30000 mnd=0.000 drho=1.000e-01 p=4.5 b=16.0 solve 0.03s (setup 0.01) it=4 outer=- res=8.49e-06 iter 0.04s
it  61 c=5.848306e-01 vol=0.30000 mnd=0.000 drho=2.650e-01 p=4.5 b=16.0 solve 0.12s (setup 0.06) it=4 outer=- res=9.97e-06 iter 0.13s
it  62 c=5.848295e-01 vol=0.30000 mnd=0.000 drho=3.997e-01 p=4.5 b=16.0 solve 0.13s (setup 0.03) it=5 outer=- res=6.99e-06 iter 0.14s
it  63 c=5.848291e-01 vol=0.30000 mnd=0.000 drho=7.102e-02 p=4.5 b=16.0 solve 0.09s (setup 0.03) it=3 outer=- res=9.32e-06 iter 0.09s
it  64 c=5.848290e-01 vol=0.30000 mnd=0.000 drho=6.621e-03 p=4.5 b=16.0 solve 0.02s (setup 0.01) it=2 outer=- res=7.57e-06 iter 0.03s
it  65 c=5.848289e-01 vol=0.30000 mnd=0.000 drho=2.983e-03 p=4.5 b=16.0 solve 0.02s (setup 0.01) it=2 outer=- res=5.21e-06 iter 0.03s
it  66 c=5.848196e-01 vol=0.30000 mnd=0.000 drho=6.996e-03 p=4.5 b=32.0 solve 0.04s (setup 0.03) it=3 outer=- res=6.70e-06 iter 0.06s
it  67 c=5.848196e-01 vol=0.30000 mnd=0.000 drho=6.703e-05 p=4.5 b=32.0 solve 0.01s (setup 0.01) it=0 outer=- res=6.70e-06 iter 0.03s
it  68 c=5.848196e-01 vol=0.30000 mnd=0.000 drho=1.642e-03 p=4.5 b=32.0 solve 0.01s (setup 0.01) it=0 outer=- res=6.70e-06 iter 0.02s
it  69 c=5.848196e-01 vol=0.30000 mnd=0.000 drho=3.279e-02 p=4.5 b=32.0 solve 0.01s (setup 0.01) it=0 outer=- res=6.70e-06 iter 0.03s
it  70 c=5.848195e-01 vol=0.30001 mnd=0.000 drho=3.614e-01 p=4.5 b=32.0 solve 0.03s (setup 0.01) it=3 outer=- res=2.92e-06 iter 0.04s
it  71 c=5.848152e-01 vol=0.30007 mnd=0.000 drho=6.235e-01 p=4.5 b=32.0 solve 0.16s (setup 0.06) it=7 outer=- res=8.98e-06 iter 0.18s
it  72 c=5.848154e-01 vol=0.30001 mnd=0.000 drho=4.211e-01 p=4.5 b=32.0 solve 0.07s (setup 0.03) it=6 outer=- res=8.68e-06 iter 0.09s
it  73 c=5.848188e-01 vol=0.30000 mnd=0.000 drho=6.172e-01 p=4.5 b=32.0 solve 0.05s (setup 0.01) it=7 outer=- res=8.05e-06 iter 0.07s
it  74 c=5.848177e-01 vol=0.30000 mnd=0.000 drho=2.698e-01 p=4.5 b=32.0 solve 0.05s (setup 0.01) it=6 outer=- res=4.62e-06 iter 0.05s
it  75 c=5.848176e-01 vol=0.30000 mnd=0.000 drho=1.980e-02 p=4.5 b=32.0 solve 0.03s (setup 0.01) it=3 outer=- res=3.60e-06 iter 0.04s
it  76 c=5.848176e-01 vol=0.30000 mnd=0.000 drho=5.339e-03 p=4.5 b=32.0 solve 0.04s (setup 0.03) it=2 outer=- res=4.31e-06 iter 0.04s
simp_cantilever_k80_mg64_stencil_diff: status=ok valid=True c=0.5848176033454469 it=76 wall=27.2s
