it   1 c=1.836999e+00 vol=0.28644 mnd=0.818 drho=nan p=1.5 b=1.0 solve 0.35s (setup 0.19) it=8 outer=4 res=9.68e-06 iter 0.39s
it   2 c=1.129218e+00 vol=0.30000 mnd=0.772 drho=2.136e-01 p=1.5 b=1.0 solve 0.06s (setup 0.01) it=10 outer=5 res=9.28e-07 iter 0.07s
it   3 c=9.288414e-01 vol=0.30000 mnd=0.716 drho=2.136e-01 p=1.5 b=1.0 solve 0.06s (setup 0.01) it=10 outer=5 res=1.46e-06 iter 0.07s
it   4 c=8.282974e-01 vol=0.30000 mnd=0.646 drho=2.157e-01 p=1.5 b=1.0 solve 0.05s (setup 0.01) it=9 outer=4 res=3.08e-06 iter 0.06s
it   5 c=7.815445e-01 vol=0.30000 mnd=0.596 drho=2.159e-01 p=1.5 b=1.0 solve 0.06s (setup 0.01) it=10 outer=4 res=1.15e-06 iter 0.06s
it   6 c=7.630487e-01 vol=0.30000 mnd=0.570 drho=2.157e-01 p=1.5 b=1.0 solve 0.06s (setup 0.03) it=8 outer=3 res=6.40e-06 iter 0.07s
it   7 c=7.492888e-01 vol=0.30000 mnd=0.546 drho=2.155e-01 p=1.5 b=1.0 solve 0.05s (setup 0.01) it=8 outer=3 res=7.19e-06 iter 0.05s
it   8 c=7.376273e-01 vol=0.30000 mnd=0.524 drho=2.025e-01 p=1.5 b=1.0 solve 0.05s (setup 0.01) it=8 outer=3 res=5.98e-06 iter 0.05s
it   9 c=7.270275e-01 vol=0.30000 mnd=0.502 drho=1.311e-01 p=1.5 b=1.0 solve 0.05s (setup 0.01) it=8 outer=3 res=6.17e-06 iter 0.05s
it  10 c=7.170574e-01 vol=0.30000 mnd=0.481 drho=1.148e-01 p=1.5 b=1.0 solve 0.05s (setup 0.01) it=8 outer=3 res=7.07e-06 iter 0.06s
it  11 c=7.074430e-01 vol=0.30000 mnd=0.461 drho=1.178e-01 p=1.5 b=1.0 solve 0.08s (setup 0.03) it=11 outer=4 res=5.54e-07 iter 0.08s
it  12 c=6.980315e-01 vol=0.30000 mnd=0.440 drho=1.166e-01 p=1.5 b=1.0 solve 0.05s (setup 0.01) it=9 outer=3 res=3.05e-06 iter 0.06s
it  13 c=6.887489e-01 vol=0.30000 mnd=0.419 drho=1.094e-01 p=1.5 b=1.0 solve 0.06s (setup 0.01) it=9 outer=3 res=4.62e-06 iter 0.06s
it  14 c=6.796225e-01 vol=0.30000 mnd=0.398 drho=1.074e-01 p=1.5 b=1.0 solve 0.05s (setup 0.01) it=9 outer=3 res=6.00e-06 iter 0.06s
it  15 c=6.707536e-01 vol=0.30000 mnd=0.376 drho=1.083e-01 p=1.5 b=1.0 solve 0.05s (setup 0.01) it=9 outer=3 res=6.71e-06 iter 0.06s
it  16 c=1.414868e+00 vol=0.27272 mnd=0.251 drho=2.782e-01 p=3.5 b=4.0 solve 0.10s (setup 0.03) it=18 outer=4 res=7.93e-06 iter 0.10s
it  17 c=7.594320e-01 vol=0.30000 mnd=0.188 drho=3.024e-01 p=3.5 b=4.0 solve 0.11s (setup 0.01) it=24 outer=5 res=6.11e-07 iter 0.11s
it  18 c=6.715877e-01 vol=0.30000 mnd=0.112 drho=3.021e-01 p=3.5 b=4.0 solve 0.08s (setup 0.01) it=16 outer=4 res=8.67e-06 iter 0.08s
it  19 c=6.274427e-01 vol=0.30000 mnd=0.059 drho=2.830e-01 p=3.5 b=4.0 solve 0.07s (setup 0.01) it=13 outer=4 res=5.86e-06 iter 0.07s
it  20 c=6.089222e-01 vol=0.30000 mnd=0.032 drho=2.420e-01 p=3.5 b=4.0 solve 0.07s (setup 0.01) it=15 outer=4 res=2.38e-06 iter 0.08s
it  21 c=6.020811e-01 vol=0.30000 mnd=0.022 drho=2.402e-01 p=3.5 b=4.0 solve 0.30s (setup 0.10) it=15 outer=4 res=1.78e-06 iter 0.31s
it  22 c=5.992146e-01 vol=0.30000 mnd=0.018 drho=2.274e-01 p=3.5 b=4.0 solve 0.11s (setup 0.03) it=15 outer=4 res=1.24e-06 iter 0.12s
it  23 c=5.976439e-01 vol=0.30000 mnd=0.016 drho=2.273e-01 p=3.5 b=4.0 solve 0.07s (setup 0.01) it=14 outer=4 res=1.74e-06 iter 0.08s
it  24 c=5.966256e-01 vol=0.30000 mnd=0.015 drho=2.154e-01 p=3.5 b=4.0 solve 0.07s (setup 0.01) it=14 outer=4 res=5.57e-07 iter 0.08s
it  25 c=5.959215e-01 vol=0.30000 mnd=0.014 drho=1.915e-01 p=3.5 b=4.0 solve 0.05s (setup 0.01) it=9 outer=3 res=9.92e-06 iter 0.05s
it  26 c=5.954059e-01 vol=0.30000 mnd=0.014 drho=1.919e-01 p=3.5 b=4.0 solve 0.08s (setup 0.02) it=14 outer=4 res=1.31e-06 iter 0.09s
it  27 c=5.949921e-01 vol=0.30000 mnd=0.013 drho=1.899e-01 p=3.5 b=4.0 solve 0.07s (setup 0.01) it=14 outer=4 res=1.13e-06 iter 0.07s
it  28 c=5.946411e-01 vol=0.30000 mnd=0.013 drho=1.856e-01 p=3.5 b=4.0 solve 0.07s (setup 0.01) it=14 outer=4 res=1.04e-06 iter 0.07s
it  29 c=5.943457e-01 vol=0.30000 mnd=0.013 drho=1.827e-01 p=3.5 b=4.0 solve 0.05s (setup 0.01) it=9 outer=3 res=9.58e-06 iter 0.05s
it  30 c=5.941067e-01 vol=0.30000 mnd=0.013 drho=1.825e-01 p=3.5 b=4.0 solve 0.05s (setup 0.01) it=9 outer=3 res=7.09e-06 iter 0.05s
it  31 c=5.939009e-01 vol=0.30000 mnd=0.013 drho=1.806e-01 p=3.5 b=4.0 solve 0.22s (setup 0.08) it=9 outer=3 res=7.53e-06 iter 0.24s
it  32 c=5.937160e-01 vol=0.30000 mnd=0.013 drho=1.825e-01 p=3.5 b=4.0 solve 0.06s (setup 0.01) it=9 outer=3 res=4.76e-06 iter 0.06s
it  33 c=5.935498e-01 vol=0.30000 mnd=0.012 drho=1.820e-01 p=3.5 b=4.0 solve 0.05s (setup 0.01) it=9 outer=3 res=3.27e-06 iter 0.06s
it  34 c=5.933922e-01 vol=0.30000 mnd=0.012 drho=2.025e-01 p=3.5 b=4.0 solve 0.05s (setup 0.01) it=9 outer=3 res=3.22e-06 iter 0.06s
it  35 c=5.932415e-01 vol=0.30000 mnd=0.012 drho=2.029e-01 p=3.5 b=4.0 solve 0.05s (setup 0.01) it=9 outer=3 res=3.08e-06 iter 0.06s
it  36 c=5.931005e-01 vol=0.30000 mnd=0.012 drho=1.952e-01 p=3.5 b=4.0 solve 0.07s (setup 0.03) it=9 outer=3 res=2.99e-06 iter 0.07s
it  37 c=5.929708e-01 vol=0.30000 mnd=0.012 drho=1.884e-01 p=3.5 b=4.0 solve 0.05s (setup 0.01) it=9 outer=3 res=2.95e-06 iter 0.05s
it  38 c=5.928524e-01 vol=0.30000 mnd=0.012 drho=1.783e-01 p=3.5 b=4.0 solve 0.05s (setup 0.01) it=9 outer=3 res=2.52e-06 iter 0.06s
it  39 c=5.927395e-01 vol=0.30000 mnd=0.012 drho=1.822e-01 p=3.5 b=4.0 solve 0.07s (setup 0.01) it=12 outer=4 res=8.80e-07 iter 0.07s
it  40 c=5.926293e-01 vol=0.30000 mnd=0.012 drho=1.764e-01 p=3.5 b=4.0 solve 0.06s (setup 0.01) it=12 outer=4 res=9.11e-07 iter 0.07s
it  41 c=5.852472e-01 vol=0.29988 mnd=0.000 drho=4.508e-01 p=4.5 b=16.0 solve 0.33s (setup 0.10) it=15 outer=4 res=1.61e-06 iter 0.33s
it  42 c=5.850683e-01 vol=0.30000 mnd=0.000 drho=4.179e-01 p=4.5 b=16.0 solve 0.06s (setup 0.01) it=11 outer=4 res=7.84e-07 iter 0.07s
it  43 c=5.849305e-01 vol=0.30000 mnd=0.000 drho=3.050e-01 p=4.5 b=16.0 solve 0.06s (setup 0.01) it=11 outer=4 res=1.06e-06 iter 0.07s
it  44 c=5.848722e-01 vol=0.30000 mnd=0.000 drho=2.591e-01 p=4.5 b=16.0 solve 0.06s (setup 0.01) it=11 outer=4 res=8.25e-07 iter 0.07s
it  45 c=5.848538e-01 vol=0.30000 mnd=0.000 drho=1.782e-01 p=4.5 b=16.0 solve 0.04s (setup 0.01) it=7 outer=3 res=5.22e-06 iter 0.05s
it  46 c=5.848437e-01 vol=0.30000 mnd=0.000 drho=3.873e-01 p=4.5 b=16.0 solve 0.05s (setup 0.02) it=7 outer=3 res=4.26e-06 iter 0.06s
it  47 c=5.848359e-01 vol=0.30000 mnd=0.000 drho=3.673e-01 p=4.5 b=16.0 solve 0.04s (setup 0.01) it=7 outer=3 res=1.93e-06 iter 0.05s
it  48 c=5.848336e-01 vol=0.30000 mnd=0.000 drho=9.571e-02 p=4.5 b=16.0 solve 0.05s (setup 0.01) it=8 outer=3 res=4.38e-07 iter 0.05s
it  49 c=5.848329e-01 vol=0.30000 mnd=0.000 drho=1.623e-02 p=4.5 b=16.0 solve 0.03s (setup 0.01) it=4 outer=2 res=4.51e-06 iter 0.03s
it  50 c=5.848324e-01 vol=0.30000 mnd=0.000 drho=8.604e-03 p=4.5 b=16.0 solve 0.03s (setup 0.01) it=4 outer=2 res=2.84e-06 iter 0.03s
it  51 c=5.848322e-01 vol=0.30000 mnd=0.000 drho=6.703e-03 p=4.5 b=16.0 solve 0.18s (setup 0.10) it=5 outer=2 res=9.77e-07 iter 0.19s
it  52 c=5.848320e-01 vol=0.30000 mnd=0.000 drho=6.295e-03 p=4.5 b=16.0 solve 0.04s (setup 0.01) it=5 outer=2 res=1.13e-06 iter 0.04s
it  53 c=5.848320e-01 vol=0.30000 mnd=0.000 drho=8.003e-03 p=4.5 b=16.0 solve 0.04s (setup 0.01) it=5 outer=2 res=1.13e-06 iter 0.04s
it  54 c=5.848319e-01 vol=0.30000 mnd=0.000 drho=1.049e-02 p=4.5 b=16.0 solve 0.04s (setup 0.01) it=5 outer=2 res=1.31e-06 iter 0.04s
it  55 c=5.848318e-01 vol=0.30000 mnd=0.000 drho=1.541e-02 p=4.5 b=16.0 solve 0.04s (setup 0.01) it=5 outer=2 res=1.59e-06 iter 0.04s
it  56 c=5.848317e-01 vol=0.30000 mnd=0.000 drho=2.260e-02 p=4.5 b=16.0 solve 0.05s (setup 0.03) it=5 outer=2 res=2.21e-06 iter 0.05s
it  57 c=5.848317e-01 vol=0.30000 mnd=0.000 drho=3.218e-02 p=4.5 b=16.0 solve 0.03s (setup 0.01) it=5 outer=2 res=2.75e-06 iter 0.04s
it  58 c=5.848315e-01 vol=0.30000 mnd=0.000 drho=4.491e-02 p=4.5 b=16.0 solve 0.03s (setup 0.01) it=5 outer=2 res=3.55e-06 iter 0.04s
it  59 c=5.848314e-01 vol=0.30000 mnd=0.000 drho=5.865e-02 p=4.5 b=16.0 solve 0.04s (setup 0.02) it=5 outer=2 res=3.88e-06 iter 0.05s
it  60 c=5.848311e-01 vol=0.30000 mnd=0.000 drho=8.660e-02 p=4.5 b=16.0 solve 0.03s (setup 0.01) it=5 outer=2 res=4.54e-06 iter 0.04s
it  61 c=5.848308e-01 vol=0.30000 mnd=0.000 drho=1.832e-01 p=4.5 b=16.0 solve 0.21s (setup 0.10) it=5 outer=2 res=4.82e-06 iter 0.23s
it  62 c=5.848298e-01 vol=0.30000 mnd=0.000 drho=4.105e-01 p=4.5 b=16.0 solve 0.09s (setup 0.06) it=5 outer=2 res=3.05e-06 iter 0.10s
it  63 c=5.848292e-01 vol=0.30000 mnd=0.000 drho=3.615e-01 p=4.5 b=16.0 solve 0.04s (setup 0.01) it=5 outer=2 res=1.29e-06 iter 0.04s
it  64 c=5.848290e-01 vol=0.30000 mnd=0.000 drho=5.681e-02 p=4.5 b=16.0 solve 0.02s (setup 0.01) it=2 outer=1 res=9.97e-06 iter 0.03s
it  65 c=5.848289e-01 vol=0.30000 mnd=0.000 drho=1.009e-02 p=4.5 b=16.0 solve 0.02s (setup 0.01) it=2 outer=1 res=6.27e-06 iter 0.03s
it  66 c=5.848202e-01 vol=0.30000 mnd=0.000 drho=1.828e-02 p=4.5 b=32.0 solve 0.05s (setup 0.03) it=5 outer=2 res=1.26e-06 iter 0.06s
it  67 c=5.848202e-01 vol=0.30000 mnd=0.000 drho=7.650e-05 p=4.5 b=32.0 solve 0.01s (setup 0.01) it=0 outer=0 res=1.26e-06 iter 0.02s
it  68 c=5.848202e-01 vol=0.30000 mnd=0.000 drho=1.672e-03 p=4.5 b=32.0 solve 0.01s (setup 0.01) it=0 outer=0 res=1.27e-06 iter 0.02s
it  69 c=5.848202e-01 vol=0.30000 mnd=0.000 drho=3.934e-02 p=4.5 b=32.0 solve 0.01s (setup 0.01) it=0 outer=0 res=1.27e-06 iter 0.02s
it  70 c=5.848202e-01 vol=0.30001 mnd=0.000 drho=4.186e-01 p=4.5 b=32.0 solve 0.03s (setup 0.01) it=5 outer=2 res=7.23e-07 iter 0.04s
it  71 c=5.848146e-01 vol=0.30009 mnd=0.000 drho=6.252e-01 p=4.5 b=32.0 solve 0.20s (setup 0.10) it=9 outer=3 res=2.54e-06 iter 0.21s
it  72 c=5.847962e-01 vol=0.30003 mnd=0.000 drho=3.922e-01 p=4.5 b=32.0 solve 0.05s (setup 0.01) it=9 outer=3 res=7.70e-06 iter 0.06s
it  73 c=5.848188e-01 vol=0.30000 mnd=0.000 drho=6.640e-01 p=4.5 b=32.0 solve 0.07s (setup 0.01) it=13 outer=4 res=7.33e-07 iter 0.08s
it  74 c=5.848181e-01 vol=0.30000 mnd=0.000 drho=2.386e-01 p=4.5 b=32.0 solve 0.03s (setup 0.01) it=5 outer=2 res=8.90e-06 iter 0.04s
it  75 c=5.848177e-01 vol=0.30000 mnd=0.000 drho=1.280e-01 p=4.5 b=32.0 solve 0.03s (setup 0.01) it=5 outer=2 res=6.66e-06 iter 0.04s
it  76 c=5.848176e-01 vol=0.30000 mnd=0.000 drho=1.684e-02 p=4.5 b=32.0 solve 0.03s (setup 0.02) it=2 outer=1 res=9.74e-06 iter 0.04s
simp_cantilever_k80_mg_ir_node: status=ok valid=True c=0.5848176064687277 it=76 wall=27.1s
