it   1 c=1.837001e+00 vol=0.28644 mnd=0.818 drho=nan p=1.5 b=1.0 solve 1.32s (setup 0.00) it=844 outer=- res=9.63e-06 iter 1.44s
it   2 c=1.129218e+00 vol=0.30000 mnd=0.772 drho=2.136e-01 p=1.5 b=1.0 solve 1.20s (setup 0.00) it=824 outer=- res=9.70e-06 iter 1.21s
it   3 c=9.288415e-01 vol=0.30000 mnd=0.716 drho=2.136e-01 p=1.5 b=1.0 solve 1.21s (setup 0.00) it=832 outer=- res=9.71e-06 iter 1.22s
it   4 c=8.282976e-01 vol=0.30000 mnd=0.646 drho=2.157e-01 p=1.5 b=1.0 solve 1.22s (setup 0.00) it=838 outer=- res=9.98e-06 iter 1.23s
it   5 c=7.815444e-01 vol=0.30000 mnd=0.596 drho=2.159e-01 p=1.5 b=1.0 solve 1.24s (setup 0.00) it=838 outer=- res=9.99e-06 iter 1.24s
it   6 c=7.630487e-01 vol=0.30000 mnd=0.570 drho=2.157e-01 p=1.5 b=1.0 solve 1.22s (setup 0.00) it=833 outer=- res=9.96e-06 iter 1.23s
it   7 c=7.492888e-01 vol=0.30000 mnd=0.546 drho=2.155e-01 p=1.5 b=1.0 solve 1.22s (setup 0.00) it=834 outer=- res=9.76e-06 iter 1.23s
it   8 c=7.376274e-01 vol=0.30000 mnd=0.524 drho=2.024e-01 p=1.5 b=1.0 solve 1.23s (setup 0.00) it=839 outer=- res=9.88e-06 iter 1.23s
it   9 c=7.270277e-01 vol=0.30000 mnd=0.502 drho=1.311e-01 p=1.5 b=1.0 solve 1.23s (setup 0.00) it=839 outer=- res=9.96e-06 iter 1.23s
it  10 c=7.170576e-01 vol=0.30000 mnd=0.481 drho=1.148e-01 p=1.5 b=1.0 solve 1.23s (setup 0.00) it=838 outer=- res=9.97e-06 iter 1.23s
it  11 c=7.074438e-01 vol=0.30000 mnd=0.461 drho=1.178e-01 p=1.5 b=1.0 solve 1.42s (setup 0.00) it=798 outer=- res=9.97e-06 iter 1.43s
it  12 c=6.980316e-01 vol=0.30000 mnd=0.440 drho=1.166e-01 p=1.5 b=1.0 solve 1.18s (setup 0.00) it=809 outer=- res=9.95e-06 iter 1.19s
it  13 c=6.887490e-01 vol=0.30000 mnd=0.419 drho=1.094e-01 p=1.5 b=1.0 solve 1.18s (setup 0.00) it=809 outer=- res=1.00e-05 iter 1.19s
it  14 c=6.796230e-01 vol=0.30000 mnd=0.398 drho=1.074e-01 p=1.5 b=1.0 solve 1.10s (setup 0.00) it=752 outer=- res=9.85e-06 iter 1.11s
it  15 c=6.707543e-01 vol=0.30000 mnd=0.376 drho=1.083e-01 p=1.5 b=1.0 solve 1.25s (setup 0.00) it=855 outer=- res=9.98e-06 iter 1.26s
it  16 c=1.414883e+00 vol=0.27271 mnd=0.251 drho=2.782e-01 p=3.5 b=4.0 solve 1.98s (setup 0.00) it=1357 outer=- res=9.71e-06 iter 1.99s
it  17 c=7.594342e-01 vol=0.30000 mnd=0.188 drho=3.024e-01 p=3.5 b=4.0 solve 1.86s (setup 0.00) it=1276 outer=- res=9.88e-06 iter 1.87s
it  18 c=6.715889e-01 vol=0.30000 mnd=0.112 drho=3.021e-01 p=3.5 b=4.0 solve 1.75s (setup 0.00) it=1197 outer=- res=9.58e-06 iter 1.75s
it  19 c=6.274430e-01 vol=0.30000 mnd=0.059 drho=2.830e-01 p=3.5 b=4.0 solve 1.59s (setup 0.00) it=1086 outer=- res=9.88e-06 iter 1.59s
it  20 c=6.089227e-01 vol=0.30000 mnd=0.032 drho=2.419e-01 p=3.5 b=4.0 solve 1.63s (setup 0.00) it=1110 outer=- res=9.55e-06 iter 1.63s
it  21 c=6.020816e-01 vol=0.30000 mnd=0.022 drho=2.401e-01 p=3.5 b=4.0 solve 1.76s (setup 0.00) it=1081 outer=- res=9.95e-06 iter 1.76s
it  22 c=5.992149e-01 vol=0.30000 mnd=0.018 drho=2.271e-01 p=3.5 b=4.0 solve 1.47s (setup 0.00) it=1010 outer=- res=9.83e-06 iter 1.48s
it  23 c=5.976442e-01 vol=0.30000 mnd=0.016 drho=2.272e-01 p=3.5 b=4.0 solve 1.44s (setup 0.00) it=983 outer=- res=9.92e-06 iter 1.44s
it  24 c=5.966260e-01 vol=0.30000 mnd=0.015 drho=2.156e-01 p=3.5 b=4.0 solve 1.43s (setup 0.00) it=971 outer=- res=9.99e-06 iter 1.44s
it  25 c=5.959218e-01 vol=0.30000 mnd=0.014 drho=1.914e-01 p=3.5 b=4.0 solve 1.43s (setup 0.00) it=959 outer=- res=9.97e-06 iter 1.44s
it  26 c=5.954064e-01 vol=0.30000 mnd=0.014 drho=1.919e-01 p=3.5 b=4.0 solve 1.39s (setup 0.00) it=944 outer=- res=9.92e-06 iter 1.40s
it  27 c=5.949926e-01 vol=0.30000 mnd=0.013 drho=1.898e-01 p=3.5 b=4.0 solve 1.39s (setup 0.00) it=949 outer=- res=9.92e-06 iter 1.40s
it  28 c=5.946412e-01 vol=0.30000 mnd=0.013 drho=1.855e-01 p=3.5 b=4.0 solve 1.35s (setup 0.00) it=917 outer=- res=9.95e-06 iter 1.35s
it  29 c=5.943456e-01 vol=0.30000 mnd=0.013 drho=1.825e-01 p=3.5 b=4.0 solve 1.35s (setup 0.00) it=920 outer=- res=9.82e-06 iter 1.35s
it  30 c=5.941068e-01 vol=0.30000 mnd=0.013 drho=1.824e-01 p=3.5 b=4.0 solve 1.34s (setup 0.00) it=916 outer=- res=9.97e-06 iter 1.35s
it  31 c=5.939014e-01 vol=0.30000 mnd=0.013 drho=1.805e-01 p=3.5 b=4.0 solve 1.58s (setup 0.00) it=912 outer=- res=9.97e-06 iter 1.59s
it  32 c=5.937166e-01 vol=0.30000 mnd=0.013 drho=1.823e-01 p=3.5 b=4.0 solve 1.34s (setup 0.00) it=915 outer=- res=9.85e-06 iter 1.34s
it  33 c=5.935503e-01 vol=0.30000 mnd=0.012 drho=1.820e-01 p=3.5 b=4.0 solve 1.32s (setup 0.00) it=906 outer=- res=9.63e-06 iter 1.33s
it  34 c=5.933923e-01 vol=0.30000 mnd=0.012 drho=2.024e-01 p=3.5 b=4.0 solve 1.33s (setup 0.00) it=908 outer=- res=9.49e-06 iter 1.34s
it  35 c=5.932417e-01 vol=0.30000 mnd=0.012 drho=2.030e-01 p=3.5 b=4.0 solve 1.34s (setup 0.00) it=914 outer=- res=9.74e-06 iter 1.35s
it  36 c=5.931006e-01 vol=0.30000 mnd=0.012 drho=1.954e-01 p=3.5 b=4.0 solve 1.35s (setup 0.00) it=915 outer=- res=9.88e-06 iter 1.36s
it  37 c=5.929710e-01 vol=0.30000 mnd=0.012 drho=1.883e-01 p=3.5 b=4.0 solve 1.36s (setup 0.00) it=908 outer=- res=9.91e-06 iter 1.37s
it  38 c=5.928527e-01 vol=0.30000 mnd=0.012 drho=1.786e-01 p=3.5 b=4.0 solve 1.33s (setup 0.00) it=901 outer=- res=9.70e-06 iter 1.34s
it  39 c=5.927399e-01 vol=0.30000 mnd=0.012 drho=1.822e-01 p=3.5 b=4.0 solve 1.31s (setup 0.00) it=897 outer=- res=9.70e-06 iter 1.32s
it  40 c=5.926302e-01 vol=0.30000 mnd=0.012 drho=1.765e-01 p=3.5 b=4.0 solve 1.31s (setup 0.00) it=885 outer=- res=9.73e-06 iter 1.32s
it  41 c=5.852467e-01 vol=0.29988 mnd=0.000 drho=4.511e-01 p=4.5 b=16.0 solve 1.80s (setup 0.00) it=1041 outer=- res=9.90e-06 iter 1.80s
it  42 c=5.850678e-01 vol=0.30000 mnd=0.000 drho=4.154e-01 p=4.5 b=16.0 solve 1.22s (setup 0.00) it=834 outer=- res=9.93e-06 iter 1.23s
it  43 c=5.849300e-01 vol=0.30000 mnd=0.000 drho=3.031e-01 p=4.5 b=16.0 solve 1.20s (setup 0.00) it=820 outer=- res=9.81e-06 iter 1.21s
it  44 c=5.848727e-01 vol=0.30000 mnd=0.000 drho=2.555e-01 p=4.5 b=16.0 solve 1.11s (setup 0.00) it=758 outer=- res=9.98e-06 iter 1.11s
it  45 c=5.848615e-01 vol=0.30000 mnd=0.000 drho=1.886e-01 p=4.5 b=16.0 solve 0.52s (setup 0.00) it=353 outer=- res=9.88e-06 iter 0.52s
it  46 c=5.848509e-01 vol=0.30000 mnd=0.000 drho=4.295e-01 p=4.5 b=16.0 solve 0.50s (setup 0.00) it=345 outer=- res=9.97e-06 iter 0.51s
it  47 c=5.848504e-01 vol=0.30000 mnd=0.000 drho=2.609e-01 p=4.5 b=16.0 solve 0.18s (setup 0.00) it=120 outer=- res=9.96e-06 iter 0.18s
it  48 c=5.848502e-01 vol=0.30000 mnd=0.000 drho=1.625e-01 p=4.5 b=16.0 solve 0.19s (setup 0.00) it=127 outer=- res=9.92e-06 iter 0.19s
it  49 c=5.848331e-01 vol=0.30000 mnd=0.000 drho=3.897e-01 p=4.5 b=16.0 solve 0.65s (setup 0.00) it=443 outer=- res=9.98e-06 iter 0.65s
it  50 c=5.848332e-01 vol=0.30000 mnd=0.000 drho=1.288e-01 p=4.5 b=16.0 solve 0.07s (setup 0.00) it=45 outer=- res=9.80e-06 iter 0.07s
it  51 c=5.848332e-01 vol=0.30000 mnd=0.000 drho=1.889e-01 p=4.5 b=16.0 solve 0.33s (setup 0.00) it=66 outer=- res=9.77e-06 iter 0.34s
it  52 c=5.848331e-01 vol=0.30000 mnd=0.000 drho=3.734e-01 p=4.5 b=16.0 solve 0.04s (setup 0.00) it=24 outer=- res=9.91e-06 iter 0.04s
it  53 c=5.848331e-01 vol=0.30000 mnd=0.000 drho=5.999e-02 p=4.5 b=16.0 solve 0.02s (setup 0.00) it=10 outer=- res=9.85e-06 iter 0.02s
it  54 c=5.848331e-01 vol=0.30000 mnd=0.000 drho=1.110e-02 p=4.5 b=16.0 solve 0.02s (setup 0.00) it=9 outer=- res=9.75e-06 iter 0.02s
it  55 c=5.848331e-01 vol=0.30000 mnd=0.000 drho=6.247e-03 p=4.5 b=16.0 solve 0.01s (setup 0.00) it=7 outer=- res=9.86e-06 iter 0.02s
it  56 c=5.848331e-01 vol=0.30000 mnd=0.000 drho=3.633e-03 p=4.5 b=16.0 solve 0.01s (setup 0.00) it=7 outer=- res=9.43e-06 iter 0.02s
it  57 c=5.848331e-01 vol=0.30000 mnd=0.000 drho=4.729e-03 p=4.5 b=16.0 solve 0.01s (setup 0.00) it=6 outer=- res=9.74e-06 iter 0.02s
it  58 c=5.848331e-01 vol=0.30000 mnd=0.000 drho=3.279e-03 p=4.5 b=16.0 solve 0.01s (setup 0.00) it=6 outer=- res=9.66e-06 iter 0.02s
it  59 c=5.848331e-01 vol=0.30000 mnd=0.000 drho=3.439e-03 p=4.5 b=16.0 solve 0.01s (setup 0.00) it=6 outer=- res=9.44e-06 iter 0.02s
it  60 c=5.848331e-01 vol=0.30000 mnd=0.000 drho=3.279e-03 p=4.5 b=16.0 solve 0.01s (setup 0.00) it=6 outer=- res=9.13e-06 iter 0.02s
it  61 c=5.848331e-01 vol=0.30000 mnd=0.000 drho=3.279e-03 p=4.5 b=16.0 solve 0.05s (setup 0.00) it=6 outer=- res=9.11e-06 iter 0.07s
it  62 c=5.848331e-01 vol=0.30000 mnd=0.000 drho=3.279e-03 p=4.5 b=16.0 solve 0.05s (setup 0.00) it=6 outer=- res=9.00e-06 iter 0.07s
it  63 c=5.848331e-01 vol=0.30000 mnd=0.000 drho=3.279e-03 p=4.5 b=16.0 solve 0.05s (setup 0.00) it=6 outer=- res=9.11e-06 iter 0.07s
it  64 c=5.848331e-01 vol=0.30000 mnd=0.000 drho=3.279e-03 p=4.5 b=16.0 solve 0.05s (setup 0.00) it=6 outer=- res=9.03e-06 iter 0.07s
it  65 c=5.848331e-01 vol=0.30000 mnd=0.000 drho=3.279e-03 p=4.5 b=16.0 solve 0.01s (setup 0.00) it=6 outer=- res=8.94e-06 iter 0.02s
it  66 c=5.848305e-01 vol=0.30000 mnd=0.000 drho=6.544e-03 p=4.5 b=32.0 solve 0.17s (setup 0.00) it=109 outer=- res=9.98e-06 iter 0.18s
it  67 c=5.848305e-01 vol=0.30000 mnd=0.000 drho=5.212e-05 p=4.5 b=32.0 solve 0.00s (setup 0.00) it=0 outer=- res=9.98e-06 iter 0.01s
it  68 c=5.848305e-01 vol=0.30000 mnd=0.000 drho=8.661e-04 p=4.5 b=32.0 solve 0.00s (setup 0.00) it=0 outer=- res=9.98e-06 iter 0.01s
it  69 c=5.848305e-01 vol=0.30000 mnd=0.000 drho=1.562e-02 p=4.5 b=32.0 solve 0.00s (setup 0.00) it=0 outer=- res=9.98e-06 iter 0.01s
it  70 c=5.848305e-01 vol=0.30001 mnd=0.000 drho=2.142e-01 p=4.5 b=32.0 solve 0.01s (setup 0.00) it=3 outer=- res=8.62e-06 iter 0.02s
it  71 c=5.848167e-01 vol=0.30009 mnd=0.000 drho=5.743e-01 p=4.5 b=32.0 solve 1.10s (setup 0.00) it=617 outer=- res=9.98e-06 iter 1.11s
it  72 c=5.848163e-01 vol=0.30002 mnd=0.000 drho=4.292e-01 p=4.5 b=32.0 solve 0.27s (setup 0.00) it=180 outer=- res=9.64e-06 iter 0.27s
it  73 c=5.848166e-01 vol=0.30000 mnd=0.000 drho=6.506e-01 p=4.5 b=32.0 solve 0.39s (setup 0.00) it=265 outer=- res=9.76e-06 iter 0.40s
it  74 c=5.848160e-01 vol=0.30000 mnd=0.000 drho=3.978e-01 p=4.5 b=32.0 solve 0.22s (setup 0.00) it=148 outer=- res=9.70e-06 iter 0.23s
it  75 c=5.848160e-01 vol=0.30000 mnd=0.000 drho=2.535e-02 p=4.5 b=32.0 solve 0.04s (setup 0.00) it=24 outer=- res=9.61e-06 iter 0.04s
it  76 c=5.848160e-01 vol=0.30000 mnd=0.000 drho=3.250e-03 p=4.5 b=32.0 solve 0.01s (setup 0.00) it=5 outer=- res=9.96e-06 iter 0.01s
simp_cantilever_k80_jacobi64_stencil: status=ok valid=True c=0.5848159802580221 it=76 wall=87.2s
