it   1 c=3.742624e-01 vol=0.18481 mnd=0.603 drho=nan p=1.5 b=1.0 solve 1.08s (setup 0.56) it=28 outer=5 res=1.19e-06 iter 1.13s
it   2 c=1.796782e-01 vol=0.20000 mnd=0.605 drho=2.073e-01 p=1.5 b=1.0 solve 0.35s (setup 0.01) it=22 outer=4 res=9.18e-06 iter 0.38s
it   3 c=1.402963e-01 vol=0.20000 mnd=0.573 drho=2.157e-01 p=1.5 b=1.0 solve 0.40s (setup 0.01) it=26 outer=5 res=2.76e-06 iter 0.43s
it   4 c=1.228942e-01 vol=0.20000 mnd=0.536 drho=2.107e-01 p=1.5 b=1.0 solve 0.40s (setup 0.01) it=26 outer=5 res=1.77e-06 iter 0.43s
it   5 c=1.124029e-01 vol=0.20000 mnd=0.499 drho=1.976e-01 p=1.5 b=1.0 solve 0.40s (setup 0.01) it=26 outer=5 res=1.36e-06 iter 0.43s
it   6 c=1.075112e-01 vol=0.20000 mnd=0.471 drho=1.934e-01 p=1.5 b=1.0 solve 0.30s (setup 0.05) it=16 outer=4 res=4.50e-06 iter 0.33s
it   7 c=1.038277e-01 vol=0.20000 mnd=0.446 drho=1.596e-01 p=1.5 b=1.0 solve 0.27s (setup 0.01) it=17 outer=4 res=2.28e-06 iter 0.31s
it   8 c=1.007501e-01 vol=0.20000 mnd=0.422 drho=1.516e-01 p=1.5 b=1.0 solve 0.29s (setup 0.01) it=18 outer=4 res=2.32e-06 iter 0.32s
it   9 c=9.805815e-02 vol=0.20000 mnd=0.398 drho=1.553e-01 p=1.5 b=1.0 solve 0.29s (setup 0.01) it=18 outer=4 res=2.47e-06 iter 0.32s
it  10 c=9.567015e-02 vol=0.20000 mnd=0.374 drho=1.498e-01 p=1.5 b=1.0 solve 0.29s (setup 0.01) it=18 outer=4 res=2.43e-06 iter 0.32s
it  11 c=9.354577e-02 vol=0.20000 mnd=0.350 drho=1.243e-01 p=1.5 b=1.0 solve 0.48s (setup 0.15) it=17 outer=4 res=2.15e-06 iter 0.52s
it  12 c=9.166010e-02 vol=0.20000 mnd=0.327 drho=1.163e-01 p=1.5 b=1.0 solve 0.27s (setup 0.01) it=17 outer=4 res=2.74e-06 iter 0.31s
it  13 c=8.998634e-02 vol=0.20000 mnd=0.305 drho=1.048e-01 p=1.5 b=1.0 solve 0.27s (setup 0.01) it=17 outer=4 res=2.28e-06 iter 0.31s
it  14 c=8.851830e-02 vol=0.20000 mnd=0.284 drho=1.149e-01 p=1.5 b=1.0 solve 0.28s (setup 0.01) it=17 outer=4 res=2.69e-06 iter 0.31s
it  15 c=8.728838e-02 vol=0.20000 mnd=0.268 drho=1.394e-01 p=1.5 b=1.0 solve 0.29s (setup 0.01) it=18 outer=4 res=2.66e-06 iter 0.32s
it  16 c=4.231801e-01 vol=0.16349 mnd=0.115 drho=2.790e-01 p=3.5 b=4.0 solve 8.79s (setup 0.05) it=681 outer=14 res=6.28e-06 iter 8.82s
it  17 c=2.484737e-01 vol=0.20000 mnd=0.175 drho=3.023e-01 p=3.5 b=4.0 solve 0.88s (setup 0.01) it=64 outer=5 res=3.88e-06 iter 0.91s
it  18 c=1.776108e-01 vol=0.20000 mnd=0.153 drho=3.024e-01 p=3.5 b=4.0 solve 1.02s (setup 0.01) it=75 outer=5 res=4.77e-06 iter 1.05s
it  19 c=1.350949e-01 vol=0.20000 mnd=0.120 drho=3.024e-01 p=3.5 b=4.0 solve 1.26s (setup 0.01) it=94 outer=5 res=5.08e-06 iter 1.29s
it  20 c=1.153054e-01 vol=0.20000 mnd=0.081 drho=3.024e-01 p=3.5 b=4.0 solve 1.50s (setup 0.01) it=113 outer=5 res=5.09e-06 iter 1.53s
it  21 c=1.060372e-01 vol=0.20000 mnd=0.053 drho=3.024e-01 p=3.5 b=4.0 solve 1.28s (setup 0.16) it=83 outer=5 res=5.65e-06 iter 1.31s
it  22 c=1.014112e-01 vol=0.20000 mnd=0.037 drho=3.024e-01 p=3.5 b=4.0 solve 0.75s (setup 0.01) it=54 outer=5 res=3.53e-06 iter 0.78s
it  23 c=9.884093e-02 vol=0.20000 mnd=0.029 drho=3.024e-01 p=3.5 b=4.0 solve 0.97s (setup 0.01) it=72 outer=5 res=4.52e-06 iter 1.01s
it  24 c=9.711386e-02 vol=0.20000 mnd=0.024 drho=3.024e-01 p=3.5 b=4.0 solve 1.05s (setup 0.01) it=78 outer=5 res=4.38e-06 iter 1.08s
it  25 c=9.587479e-02 vol=0.20000 mnd=0.020 drho=3.024e-01 p=3.5 b=4.0 solve 1.21s (setup 0.01) it=91 outer=5 res=2.84e-06 iter 1.25s
it  26 c=9.491043e-02 vol=0.20000 mnd=0.017 drho=3.024e-01 p=3.5 b=4.0 solve 1.14s (setup 0.05) it=82 outer=5 res=2.32e-06 iter 1.17s
it  27 c=9.413132e-02 vol=0.20000 mnd=0.015 drho=3.024e-01 p=3.5 b=4.0 solve 1.66s (setup 0.01) it=126 outer=5 res=2.28e-06 iter 1.69s
it  28 c=9.348621e-02 vol=0.20000 mnd=0.014 drho=3.024e-01 p=3.5 b=4.0 solve 1.61s (setup 0.01) it=122 outer=5 res=2.61e-06 iter 1.64s
it  29 c=9.295188e-02 vol=0.20000 mnd=0.013 drho=3.024e-01 p=3.5 b=4.0 solve 1.62s (setup 0.01) it=123 outer=5 res=2.71e-06 iter 1.65s
it  30 c=9.249732e-02 vol=0.20000 mnd=0.013 drho=3.024e-01 p=3.5 b=4.0 solve 1.01s (setup 0.01) it=75 outer=5 res=2.04e-06 iter 1.04s
it  31 c=9.210909e-02 vol=0.20000 mnd=0.013 drho=3.023e-01 p=3.5 b=4.0 solve 0.99s (setup 0.14) it=58 outer=5 res=2.10e-06 iter 1.02s
it  32 c=9.177181e-02 vol=0.20000 mnd=0.013 drho=3.022e-01 p=3.5 b=4.0 solve 0.78s (setup 0.01) it=56 outer=5 res=1.50e-06 iter 0.81s
it  33 c=9.147000e-02 vol=0.20000 mnd=0.012 drho=3.021e-01 p=3.5 b=4.0 solve 0.76s (setup 0.01) it=55 outer=5 res=2.08e-06 iter 0.79s
it  34 c=9.119249e-02 vol=0.20000 mnd=0.012 drho=3.020e-01 p=3.5 b=4.0 solve 0.79s (setup 0.01) it=57 outer=5 res=1.16e-06 iter 0.82s
it  35 c=9.093713e-02 vol=0.20000 mnd=0.012 drho=3.002e-01 p=3.5 b=4.0 solve 0.84s (setup 0.01) it=61 outer=5 res=1.13e-06 iter 0.87s
it  36 c=9.070407e-02 vol=0.20000 mnd=0.012 drho=3.018e-01 p=3.5 b=4.0 solve 1.04s (setup 0.05) it=74 outer=5 res=1.61e-06 iter 1.07s
it  37 c=9.049338e-02 vol=0.20000 mnd=0.012 drho=3.019e-01 p=3.5 b=4.0 solve 1.10s (setup 0.01) it=82 outer=5 res=1.18e-06 iter 1.13s
it  38 c=9.030308e-02 vol=0.20000 mnd=0.012 drho=3.023e-01 p=3.5 b=4.0 solve 0.99s (setup 0.01) it=73 outer=5 res=1.33e-06 iter 1.02s
it  39 c=9.012934e-02 vol=0.20000 mnd=0.011 drho=2.794e-01 p=3.5 b=4.0 solve 1.17s (setup 0.01) it=87 outer=5 res=1.43e-06 iter 1.20s
it  40 c=8.996731e-02 vol=0.20000 mnd=0.011 drho=2.764e-01 p=3.5 b=4.0 solve 1.03s (setup 0.01) it=76 outer=5 res=1.33e-06 iter 1.06s
it  41 c=8.823003e-02 vol=0.19981 mnd=0.001 drho=5.433e-01 p=4.5 b=16.0 solve 2.40s (setup 0.16) it=165 outer=5 res=3.21e-06 iter 2.44s
it  42 c=8.812925e-02 vol=0.20000 mnd=0.001 drho=5.642e-01 p=4.5 b=16.0 solve 3.15s (setup 0.01) it=244 outer=5 res=1.81e-06 iter 3.18s
it  43 c=8.806078e-02 vol=0.20000 mnd=0.000 drho=5.220e-01 p=4.5 b=16.0 solve 1.59s (setup 0.01) it=121 outer=5 res=1.42e-06 iter 1.62s
it  44 c=8.802614e-02 vol=0.20000 mnd=0.000 drho=5.379e-01 p=4.5 b=16.0 solve 0.90s (setup 0.01) it=67 outer=4 res=6.43e-06 iter 0.93s
it  45 c=8.801070e-02 vol=0.20000 mnd=0.000 drho=5.325e-01 p=4.5 b=16.0 solve 1.81s (setup 0.01) it=139 outer=4 res=4.35e-06 iter 1.84s
it  46 c=8.800242e-02 vol=0.20000 mnd=0.000 drho=5.599e-01 p=4.5 b=16.0 solve 3.73s (setup 0.05) it=288 outer=4 res=3.51e-06 iter 3.76s
it  47 c=8.799826e-02 vol=0.20000 mnd=0.000 drho=4.672e-01 p=4.5 b=16.0 solve 1.02s (setup 0.01) it=76 outer=4 res=4.15e-06 iter 1.05s
it  48 c=8.799648e-02 vol=0.20000 mnd=0.000 drho=4.695e-01 p=4.5 b=16.0 solve 1.64s (setup 0.01) it=125 outer=4 res=2.51e-06 iter 1.67s
it  49 c=8.799520e-02 vol=0.20000 mnd=0.000 drho=4.706e-01 p=4.5 b=16.0 solve 1.43s (setup 0.01) it=109 outer=4 res=3.27e-06 iter 1.46s
it  50 c=8.799480e-02 vol=0.20000 mnd=0.000 drho=5.187e-01 p=4.5 b=16.0 solve 1.26s (setup 0.01) it=95 outer=4 res=1.65e-06 iter 1.29s
it  51 c=8.799467e-02 vol=0.20000 mnd=0.000 drho=4.323e-01 p=4.5 b=16.0 solve 0.78s (setup 0.16) it=37 outer=3 res=9.00e-06 iter 0.81s
it  52 c=8.799461e-02 vol=0.20000 mnd=0.000 drho=4.353e-01 p=4.5 b=16.0 solve 0.48s (setup 0.01) it=34 outer=3 res=9.30e-06 iter 0.51s
it  53 c=8.799456e-02 vol=0.20000 mnd=0.000 drho=4.297e-01 p=4.5 b=16.0 solve 0.67s (setup 0.01) it=49 outer=3 res=6.97e-06 iter 0.70s
it  54 c=8.799452e-02 vol=0.20000 mnd=0.000 drho=4.339e-01 p=4.5 b=16.0 solve 0.47s (setup 0.01) it=33 outer=3 res=8.67e-06 iter 0.50s
it  55 c=8.799449e-02 vol=0.20000 mnd=0.000 drho=4.275e-01 p=4.5 b=16.0 solve 0.50s (setup 0.01) it=36 outer=3 res=5.88e-06 iter 0.53s
it  56 c=8.799446e-02 vol=0.20000 mnd=0.000 drho=4.455e-01 p=4.5 b=16.0 solve 0.50s (setup 0.05) it=33 outer=3 res=8.92e-06 iter 0.53s
it  57 c=8.799442e-02 vol=0.20000 mnd=0.000 drho=4.252e-01 p=4.5 b=16.0 solve 0.67s (setup 0.01) it=49 outer=3 res=5.13e-06 iter 0.70s
it  58 c=8.799441e-02 vol=0.20000 mnd=0.000 drho=4.513e-01 p=4.5 b=16.0 solve 0.50s (setup 0.01) it=36 outer=3 res=6.55e-06 iter 0.53s
it  59 c=8.799437e-02 vol=0.20000 mnd=0.000 drho=4.219e-01 p=4.5 b=16.0 solve 0.67s (setup 0.01) it=49 outer=3 res=5.65e-06 iter 0.70s
it  60 c=8.799436e-02 vol=0.20000 mnd=0.000 drho=4.261e-01 p=4.5 b=16.0 solve 1.61s (setup 0.01) it=123 outer=4 res=1.04e-06 iter 1.64s
it  61 c=8.799433e-02 vol=0.20000 mnd=0.000 drho=4.203e-01 p=4.5 b=16.0 solve 0.90s (setup 0.17) it=49 outer=3 res=5.51e-06 iter 0.94s
it  62 c=8.799432e-02 vol=0.20000 mnd=0.000 drho=4.231e-01 p=4.5 b=16.0 solve 0.88s (setup 0.01) it=65 outer=4 res=8.28e-07 iter 0.91s
it  63 c=8.799429e-02 vol=0.20000 mnd=0.000 drho=4.186e-01 p=4.5 b=16.0 solve 0.67s (setup 0.01) it=49 outer=3 res=5.56e-06 iter 0.70s
it  64 c=8.799428e-02 vol=0.20000 mnd=0.000 drho=4.210e-01 p=4.5 b=16.0 solve 0.88s (setup 0.01) it=65 outer=4 res=8.22e-07 iter 0.91s
it  65 c=8.799425e-02 vol=0.20000 mnd=0.000 drho=4.175e-01 p=4.5 b=16.0 solve 0.67s (setup 0.02) it=49 outer=3 res=5.52e-06 iter 0.70s
it  66 c=8.799276e-02 vol=0.19999 mnd=0.000 drho=5.135e-01 p=4.5 b=32.0 solve 0.49s (setup 0.05) it=32 outer=3 res=9.39e-06 iter 0.55s
it  67 c=8.799275e-02 vol=0.20000 mnd=0.000 drho=5.745e-01 p=4.5 b=32.0 solve 1.36s (setup 0.01) it=104 outer=3 res=1.41e-06 iter 1.42s
it  68 c=8.799244e-02 vol=0.20000 mnd=0.000 drho=6.042e-01 p=4.5 b=32.0 solve 2.54s (setup 0.01) it=196 outer=4 res=1.12e-06 iter 2.60s
it  69 c=8.799116e-02 vol=0.20001 mnd=0.000 drho=6.465e-01 p=4.5 b=32.0 solve 1.25s (setup 0.01) it=95 outer=4 res=1.97e-06 iter 1.31s
it  70 c=8.798712e-02 vol=0.20001 mnd=0.000 drho=6.153e-01 p=4.5 b=32.0 solve 0.93s (setup 0.01) it=69 outer=4 res=3.21e-06 iter 0.99s
it  71 c=8.799164e-02 vol=0.20000 mnd=0.000 drho=6.246e-01 p=4.5 b=32.0 solve 1.30s (setup 0.16) it=78 outer=4 res=4.04e-06 iter 1.36s
it  72 c=8.798851e-02 vol=0.20000 mnd=0.000 drho=5.747e-01 p=4.5 b=32.0 solve 0.92s (setup 0.01) it=68 outer=4 res=2.65e-06 iter 0.95s
it  73 c=8.798724e-02 vol=0.20000 mnd=0.000 drho=4.542e-01 p=4.5 b=32.0 solve 0.74s (setup 0.01) it=54 outer=4 res=1.66e-06 iter 0.77s
it  74 c=8.798708e-02 vol=0.20000 mnd=0.000 drho=2.066e-01 p=4.5 b=32.0 solve 0.57s (setup 0.01) it=41 outer=3 res=2.85e-06 iter 0.60s
it  75 c=8.798706e-02 vol=0.20000 mnd=0.000 drho=2.388e-01 p=4.5 b=32.0 solve 0.13s (setup 0.01) it=7 outer=2 res=3.90e-06 iter 0.16s
it  76 c=8.798706e-02 vol=0.20000 mnd=0.000 drho=1.280e-01 p=4.5 b=32.0 solve 0.10s (setup 0.05) it=2 outer=1 res=6.60e-06 iter 0.13s
it  77 c=8.798705e-02 vol=0.20000 mnd=0.000 drho=1.386e-01 p=4.5 b=32.0 solve 0.06s (setup 0.01) it=2 outer=1 res=2.20e-06 iter 0.09s
it  78 c=8.798705e-02 vol=0.20000 mnd=0.000 drho=7.783e-02 p=4.5 b=32.0 solve 0.06s (setup 0.01) it=2 outer=1 res=1.29e-06 iter 0.09s
it  79 c=8.798705e-02 vol=0.20000 mnd=0.000 drho=7.481e-02 p=4.5 b=32.0 solve 0.07s (setup 0.01) it=3 outer=1 res=8.97e-07 iter 0.10s
it  80 c=8.798705e-02 vol=0.20000 mnd=0.000 drho=9.419e-02 p=4.5 b=32.0 solve 0.06s (setup 0.01) it=2 outer=1 res=7.96e-07 iter 0.09s
it  81 c=8.798705e-02 vol=0.20000 mnd=0.000 drho=9.416e-02 p=4.5 b=32.0 solve 0.28s (setup 0.17) it=2 outer=1 res=8.70e-07 iter 0.31s
it  82 c=8.798705e-02 vol=0.20000 mnd=0.000 drho=9.419e-02 p=4.5 b=32.0 solve 0.06s (setup 0.01) it=2 outer=1 res=7.39e-07 iter 0.09s
it  83 c=8.798705e-02 vol=0.20000 mnd=0.000 drho=9.416e-02 p=4.5 b=32.0 solve 0.06s (setup 0.01) it=2 outer=1 res=8.19e-07 iter 0.09s
it  84 c=8.798705e-02 vol=0.20000 mnd=0.000 drho=9.419e-02 p=4.5 b=32.0 solve 0.06s (setup 0.01) it=2 outer=1 res=6.97e-07 iter 0.09s
it  85 c=8.798705e-02 vol=0.20000 mnd=0.000 drho=9.416e-02 p=4.5 b=32.0 solve 0.06s (setup 0.01) it=2 outer=1 res=7.74e-07 iter 0.09s
it  86 c=8.798705e-02 vol=0.20000 mnd=0.000 drho=9.419e-02 p=4.5 b=32.0 solve 0.09s (setup 0.05) it=2 outer=1 res=6.68e-07 iter 0.12s
it  87 c=8.798705e-02 vol=0.20000 mnd=0.000 drho=9.416e-02 p=4.5 b=32.0 solve 0.06s (setup 0.01) it=2 outer=1 res=7.37e-07 iter 0.09s
it  88 c=8.798705e-02 vol=0.20000 mnd=0.000 drho=9.419e-02 p=4.5 b=32.0 solve 0.06s (setup 0.01) it=2 outer=1 res=6.44e-07 iter 0.09s
it  89 c=8.798705e-02 vol=0.20000 mnd=0.000 drho=9.416e-02 p=4.5 b=32.0 solve 0.06s (setup 0.01) it=2 outer=1 res=7.08e-07 iter 0.09s
it  90 c=8.798705e-02 vol=0.20000 mnd=0.000 drho=9.419e-02 p=4.5 b=32.0 solve 0.06s (setup 0.01) it=2 outer=1 res=6.26e-07 iter 0.09s
it  91 c=8.798705e-02 vol=0.20000 mnd=0.000 drho=9.416e-02 p=4.5 b=32.0 solve 0.24s (setup 0.18) it=2 outer=1 res=6.83e-07 iter 0.27s
it  92 c=8.798705e-02 vol=0.20000 mnd=0.000 drho=9.419e-02 p=4.5 b=32.0 solve 0.06s (setup 0.02) it=2 outer=1 res=6.10e-07 iter 0.09s
it  93 c=8.798705e-02 vol=0.20000 mnd=0.000 drho=9.416e-02 p=4.5 b=32.0 solve 0.06s (setup 0.02) it=2 outer=1 res=6.61e-07 iter 0.09s
it  94 c=8.798705e-02 vol=0.20000 mnd=0.000 drho=9.419e-02 p=4.5 b=32.0 solve 0.06s (setup 0.01) it=2 outer=1 res=5.97e-07 iter 0.09s
it  95 c=8.798705e-02 vol=0.20000 mnd=0.000 drho=9.416e-02 p=4.5 b=32.0 solve 0.06s (setup 0.01) it=2 outer=1 res=6.43e-07 iter 0.09s
it  96 c=8.798705e-02 vol=0.20000 mnd=0.000 drho=9.419e-02 p=4.5 b=32.0 solve 0.10s (setup 0.05) it=2 outer=1 res=5.86e-07 iter 0.13s
it  97 c=8.798705e-02 vol=0.20000 mnd=0.000 drho=9.416e-02 p=4.5 b=32.0 solve 0.06s (setup 0.01) it=2 outer=1 res=6.27e-07 iter 0.09s
it  98 c=8.798705e-02 vol=0.20000 mnd=0.000 drho=9.419e-02 p=4.5 b=32.0 solve 0.06s (setup 0.01) it=2 outer=1 res=5.76e-07 iter 0.09s
it  99 c=8.798705e-02 vol=0.20000 mnd=0.000 drho=9.416e-02 p=4.5 b=32.0 solve 0.06s (setup 0.01) it=2 outer=1 res=6.13e-07 iter 0.09s
it 100 c=8.798705e-02 vol=0.20000 mnd=0.000 drho=9.419e-02 p=4.5 b=32.0 solve 0.06s (setup 0.01) it=2 outer=1 res=5.68e-07 iter 0.09s
it 101 c=8.798705e-02 vol=0.20000 mnd=0.000 drho=9.416e-02 p=4.5 b=32.0 solve 0.28s (setup 0.16) it=2 outer=1 res=6.01e-07 iter 0.35s
it 102 c=8.798705e-02 vol=0.20000 mnd=0.000 drho=9.419e-02 p=4.5 b=32.0 solve 0.06s (setup 0.02) it=2 outer=1 res=5.61e-07 iter 0.09s
it 103 c=8.798705e-02 vol=0.20000 mnd=0.000 drho=9.416e-02 p=4.5 b=32.0 solve 0.06s (setup 0.02) it=2 outer=1 res=5.90e-07 iter 0.09s
it 104 c=8.798705e-02 vol=0.20000 mnd=0.000 drho=9.419e-02 p=4.5 b=32.0 solve 0.06s (setup 0.01) it=2 outer=1 res=5.54e-07 iter 0.09s
it 105 c=8.798705e-02 vol=0.20000 mnd=0.000 drho=9.416e-02 p=4.5 b=32.0 solve 0.06s (setup 0.01) it=2 outer=1 res=5.81e-07 iter 0.09s
it 106 c=8.798705e-02 vol=0.20000 mnd=0.000 drho=9.419e-02 p=4.5 b=32.0 solve 0.10s (setup 0.05) it=2 outer=1 res=5.49e-07 iter 0.13s
it 107 c=8.798705e-02 vol=0.20000 mnd=0.000 drho=9.416e-02 p=4.5 b=32.0 solve 0.06s (setup 0.01) it=2 outer=1 res=5.72e-07 iter 0.09s
it 108 c=8.798705e-02 vol=0.20000 mnd=0.000 drho=9.419e-02 p=4.5 b=32.0 solve 0.06s (setup 0.01) it=2 outer=1 res=5.44e-07 iter 0.09s
it 109 c=8.798705e-02 vol=0.20000 mnd=0.000 drho=9.416e-02 p=4.5 b=32.0 solve 0.06s (setup 0.01) it=2 outer=1 res=5.65e-07 iter 0.09s
it 110 c=8.798705e-02 vol=0.20000 mnd=0.000 drho=9.419e-02 p=4.5 b=32.0 solve 0.06s (setup 0.01) it=2 outer=1 res=5.40e-07 iter 0.09s
it 111 c=8.798705e-02 vol=0.20000 mnd=0.000 drho=9.416e-02 p=4.5 b=32.0 solve 0.22s (setup 0.14) it=2 outer=1 res=5.59e-07 iter 0.26s
it 112 c=8.798705e-02 vol=0.20000 mnd=0.000 drho=9.419e-02 p=4.5 b=32.0 solve 0.06s (setup 0.02) it=2 outer=1 res=5.36e-07 iter 0.09s
it 113 c=8.798705e-02 vol=0.20000 mnd=0.000 drho=9.416e-02 p=4.5 b=32.0 solve 0.06s (setup 0.01) it=2 outer=1 res=5.53e-07 iter 0.09s
it 114 c=8.798705e-02 vol=0.20000 mnd=0.000 drho=9.419e-02 p=4.5 b=32.0 solve 0.06s (setup 0.01) it=2 outer=1 res=5.32e-07 iter 0.09s
it 115 c=8.798705e-02 vol=0.20000 mnd=0.000 drho=9.416e-02 p=4.5 b=32.0 solve 0.06s (setup 0.01) it=2 outer=1 res=5.48e-07 iter 0.09s
it 116 c=8.798705e-02 vol=0.20000 mnd=0.000 drho=9.419e-02 p=4.5 b=32.0 solve 0.09s (setup 0.05) it=2 outer=1 res=5.29e-07 iter 0.12s
it 117 c=8.798705e-02 vol=0.20000 mnd=0.000 drho=9.416e-02 p=4.5 b=32.0 solve 0.06s (setup 0.01) it=2 outer=1 res=5.43e-07 iter 0.09s
it 118 c=8.798705e-02 vol=0.20000 mnd=0.000 drho=9.419e-02 p=4.5 b=32.0 solve 0.06s (setup 0.01) it=2 outer=1 res=5.27e-07 iter 0.09s
it 119 c=8.798705e-02 vol=0.20000 mnd=0.000 drho=9.416e-02 p=4.5 b=32.0 solve 0.06s (setup 0.01) it=2 outer=1 res=5.39e-07 iter 0.09s
it 120 c=8.798705e-02 vol=0.20000 mnd=0.000 drho=9.419e-02 p=4.5 b=32.0 solve 0.06s (setup 0.01) it=2 outer=1 res=5.25e-07 iter 0.09s
it 121 c=8.798705e-02 vol=0.20000 mnd=0.000 drho=9.416e-02 p=4.5 b=32.0 solve 0.21s (setup 0.16) it=2 outer=1 res=5.35e-07 iter 0.25s
it 122 c=8.798705e-02 vol=0.20000 mnd=0.000 drho=9.419e-02 p=4.5 b=32.0 solve 0.06s (setup 0.01) it=2 outer=1 res=5.23e-07 iter 0.09s
it 123 c=8.798705e-02 vol=0.20000 mnd=0.000 drho=9.416e-02 p=4.5 b=32.0 solve 0.06s (setup 0.02) it=2 outer=1 res=5.32e-07 iter 0.09s
it 124 c=8.798705e-02 vol=0.20000 mnd=0.000 drho=9.419e-02 p=4.5 b=32.0 solve 0.06s (setup 0.01) it=2 outer=1 res=5.21e-07 iter 0.09s
it 125 c=8.798705e-02 vol=0.20000 mnd=0.000 drho=9.416e-02 p=4.5 b=32.0 solve 0.06s (setup 0.01) it=2 outer=1 res=5.29e-07 iter 0.09s
it 126 c=8.798705e-02 vol=0.20000 mnd=0.000 drho=9.419e-02 p=4.5 b=32.0 solve 0.09s (setup 0.05) it=2 outer=1 res=5.19e-07 iter 0.12s
it 127 c=8.798705e-02 vol=0.20000 mnd=0.000 drho=9.416e-02 p=4.5 b=32.0 solve 0.06s (setup 0.01) it=2 outer=1 res=5.26e-07 iter 0.09s
it 128 c=8.798705e-02 vol=0.20000 mnd=0.000 drho=9.419e-02 p=4.5 b=32.0 solve 0.06s (setup 0.01) it=2 outer=1 res=5.18e-07 iter 0.09s
it 129 c=8.798705e-02 vol=0.20000 mnd=0.000 drho=9.416e-02 p=4.5 b=32.0 solve 0.06s (setup 0.01) it=2 outer=1 res=5.24e-07 iter 0.09s
it 130 c=8.798705e-02 vol=0.20000 mnd=0.000 drho=9.419e-02 p=4.5 b=32.0 solve 0.06s (setup 0.01) it=2 outer=1 res=5.16e-07 iter 0.09s
it 131 c=8.798705e-02 vol=0.20000 mnd=0.000 drho=9.416e-02 p=4.5 b=32.0 solve 0.27s (setup 0.17) it=2 outer=1 res=5.22e-07 iter 0.35s
it 132 c=8.798705e-02 vol=0.20000 mnd=0.000 drho=9.419e-02 p=4.5 b=32.0 solve 0.06s (setup 0.02) it=2 outer=1 res=5.15e-07 iter 0.10s
it 133 c=8.798705e-02 vol=0.20000 mnd=0.000 drho=9.416e-02 p=4.5 b=32.0 solve 0.06s (setup 0.02) it=2 outer=1 res=5.20e-07 iter 0.09s
it 134 c=8.798705e-02 vol=0.20000 mnd=0.000 drho=9.419e-02 p=4.5 b=32.0 solve 0.06s (setup 0.01) it=2 outer=1 res=5.14e-07 iter 0.09s
it 135 c=8.798705e-02 vol=0.20000 mnd=0.000 drho=9.416e-02 p=4.5 b=32.0 solve 0.06s (setup 0.01) it=2 outer=1 res=5.18e-07 iter 0.09s
it 136 c=8.798705e-02 vol=0.20000 mnd=0.000 drho=9.419e-02 p=4.5 b=32.0 solve 0.09s (setup 0.05) it=2 outer=1 res=5.13e-07 iter 0.12s
it 137 c=8.798705e-02 vol=0.20000 mnd=0.000 drho=9.416e-02 p=4.5 b=32.0 solve 0.06s (setup 0.01) it=2 outer=1 res=5.17e-07 iter 0.09s
it 138 c=8.798705e-02 vol=0.20000 mnd=0.000 drho=9.419e-02 p=4.5 b=32.0 solve 0.06s (setup 0.01) it=2 outer=1 res=5.12e-07 iter 0.09s
it 139 c=8.798705e-02 vol=0.20000 mnd=0.000 drho=9.416e-02 p=4.5 b=32.0 solve 0.06s (setup 0.01) it=2 outer=1 res=5.15e-07 iter 0.09s
it 140 c=8.798705e-02 vol=0.20000 mnd=0.000 drho=9.419e-02 p=4.5 b=32.0 solve 0.06s (setup 0.01) it=2 outer=1 res=5.11e-07 iter 0.09s
it 141 c=8.798705e-02 vol=0.20000 mnd=0.000 drho=9.416e-02 p=4.5 b=32.0 solve 0.26s (setup 0.15) it=2 outer=1 res=5.14e-07 iter 0.29s
it 142 c=8.798705e-02 vol=0.20000 mnd=0.000 drho=9.419e-02 p=4.5 b=32.0 solve 0.06s (setup 0.01) it=2 outer=1 res=5.11e-07 iter 0.09s
it 143 c=8.798705e-02 vol=0.20000 mnd=0.000 drho=9.416e-02 p=4.5 b=32.0 solve 0.06s (setup 0.01) it=2 outer=1 res=5.13e-07 iter 0.09s
it 144 c=8.798705e-02 vol=0.20000 mnd=0.000 drho=9.419e-02 p=4.5 b=32.0 solve 0.06s (setup 0.01) it=2 outer=1 res=5.10e-07 iter 0.09s
it 145 c=8.798705e-02 vol=0.20000 mnd=0.000 drho=9.416e-02 p=4.5 b=32.0 solve 0.06s (setup 0.01) it=2 outer=1 res=5.11e-07 iter 0.09s
it 146 c=8.798705e-02 vol=0.20000 mnd=0.000 drho=9.419e-02 p=4.5 b=32.0 solve 0.10s (setup 0.05) it=2 outer=1 res=5.10e-07 iter 0.13s
it 147 c=8.798705e-02 vol=0.20000 mnd=0.000 drho=9.416e-02 p=4.5 b=32.0 solve 0.06s (setup 0.01) it=2 outer=1 res=5.10e-07 iter 0.09s
it 148 c=8.798705e-02 vol=0.20000 mnd=0.000 drho=9.419e-02 p=4.5 b=32.0 solve 0.06s (setup 0.01) it=2 outer=1 res=5.09e-07 iter 0.09s
it 149 c=8.798705e-02 vol=0.20000 mnd=0.000 drho=9.416e-02 p=4.5 b=32.0 solve 0.06s (setup 0.01) it=2 outer=1 res=5.09e-07 iter 0.09s
it 150 c=8.798705e-02 vol=0.20000 mnd=0.000 drho=9.419e-02 p=4.5 b=32.0 solve 0.06s (setup 0.01) it=2 outer=1 res=5.08e-07 iter 0.09s
it 151 c=8.798705e-02 vol=0.20000 mnd=0.000 drho=9.416e-02 p=4.5 b=32.0 solve 0.23s (setup 0.17) it=2 outer=1 res=5.08e-07 iter 0.27s
it 152 c=8.798705e-02 vol=0.20000 mnd=0.000 drho=9.419e-02 p=4.5 b=32.0 solve 0.06s (setup 0.01) it=2 outer=1 res=5.08e-07 iter 0.09s
it 153 c=8.798705e-02 vol=0.20000 mnd=0.000 drho=9.416e-02 p=4.5 b=32.0 solve 0.06s (setup 0.02) it=2 outer=1 res=5.08e-07 iter 0.09s
it 154 c=8.798705e-02 vol=0.20000 mnd=0.000 drho=9.419e-02 p=4.5 b=32.0 solve 0.06s (setup 0.01) it=2 outer=1 res=5.08e-07 iter 0.09s
it 155 c=8.798705e-02 vol=0.20000 mnd=0.000 drho=9.416e-02 p=4.5 b=32.0 solve 0.06s (setup 0.01) it=2 outer=1 res=5.07e-07 iter 0.09s
it 156 c=8.798705e-02 vol=0.20000 mnd=0.000 drho=9.419e-02 p=4.5 b=32.0 solve 0.10s (setup 0.05) it=2 outer=1 res=5.07e-07 iter 0.13s
it 157 c=8.798705e-02 vol=0.20000 mnd=0.000 drho=9.416e-02 p=4.5 b=32.0 solve 0.06s (setup 0.01) it=2 outer=1 res=5.06e-07 iter 0.09s
it 158 c=8.798705e-02 vol=0.20000 mnd=0.000 drho=9.419e-02 p=4.5 b=32.0 solve 0.06s (setup 0.01) it=2 outer=1 res=5.07e-07 iter 0.09s
it 159 c=8.798705e-02 vol=0.20000 mnd=0.000 drho=9.416e-02 p=4.5 b=32.0 solve 0.06s (setup 0.01) it=2 outer=1 res=5.05e-07 iter 0.09s
it 160 c=8.798705e-02 vol=0.20000 mnd=0.000 drho=9.419e-02 p=4.5 b=32.0 solve 0.06s (setup 0.01) it=2 outer=1 res=5.07e-07 iter 0.09s
it 161 c=8.798705e-02 vol=0.20000 mnd=0.000 drho=9.416e-02 p=4.5 b=32.0 solve 0.21s (setup 0.16) it=2 outer=1 res=5.05e-07 iter 0.25s
it 162 c=8.798705e-02 vol=0.20000 mnd=0.000 drho=9.419e-02 p=4.5 b=32.0 solve 0.06s (setup 0.01) it=2 outer=1 res=5.06e-07 iter 0.09s
it 163 c=8.798705e-02 vol=0.20000 mnd=0.000 drho=9.416e-02 p=4.5 b=32.0 solve 0.06s (setup 0.01) it=2 outer=1 res=5.04e-07 iter 0.09s
it 164 c=8.798705e-02 vol=0.20000 mnd=0.000 drho=9.419e-02 p=4.5 b=32.0 solve 0.06s (setup 0.01) it=2 outer=1 res=5.06e-07 iter 0.09s
it 165 c=8.798705e-02 vol=0.20000 mnd=0.000 drho=9.416e-02 p=4.5 b=32.0 solve 0.06s (setup 0.01) it=2 outer=1 res=5.04e-07 iter 0.09s
it 166 c=8.798705e-02 vol=0.20000 mnd=0.000 drho=9.419e-02 p=4.5 b=32.0 solve 0.09s (setup 0.05) it=2 outer=1 res=5.06e-07 iter 0.12s
it 167 c=8.798705e-02 vol=0.20000 mnd=0.000 drho=9.416e-02 p=4.5 b=32.0 solve 0.06s (setup 0.01) it=2 outer=1 res=5.03e-07 iter 0.09s
it 168 c=8.798705e-02 vol=0.20000 mnd=0.000 drho=9.419e-02 p=4.5 b=32.0 solve 0.09s (setup 0.01) it=2 outer=1 res=5.05e-07 iter 0.12s
it 169 c=8.798705e-02 vol=0.20000 mnd=0.000 drho=9.416e-02 p=4.5 b=32.0 solve 0.06s (setup 0.01) it=2 outer=1 res=5.03e-07 iter 0.09s
it 170 c=8.798705e-02 vol=0.20000 mnd=0.000 drho=9.419e-02 p=4.5 b=32.0 solve 0.06s (setup 0.01) it=2 outer=1 res=5.05e-07 iter 0.09s
it 171 c=8.798705e-02 vol=0.20000 mnd=0.000 drho=9.416e-02 p=4.5 b=32.0 solve 0.28s (setup 0.16) it=2 outer=1 res=5.02e-07 iter 0.35s
it 172 c=8.798705e-02 vol=0.20000 mnd=0.000 drho=9.419e-02 p=4.5 b=32.0 solve 0.06s (setup 0.02) it=2 outer=1 res=5.05e-07 iter 0.10s
it 173 c=8.798705e-02 vol=0.20000 mnd=0.000 drho=9.416e-02 p=4.5 b=32.0 solve 0.06s (setup 0.01) it=2 outer=1 res=5.02e-07 iter 0.09s
it 174 c=8.798705e-02 vol=0.20000 mnd=0.000 drho=9.419e-02 p=4.5 b=32.0 solve 0.06s (setup 0.01) it=2 outer=1 res=5.05e-07 iter 0.09s
it 175 c=8.798705e-02 vol=0.20000 mnd=0.000 drho=9.416e-02 p=4.5 b=32.0 solve 0.06s (setup 0.01) it=2 outer=1 res=5.01e-07 iter 0.09s
it 176 c=8.798705e-02 vol=0.20000 mnd=0.000 drho=9.419e-02 p=4.5 b=32.0 solve 0.10s (setup 0.05) it=2 outer=1 res=5.05e-07 iter 0.13s
it 177 c=8.798705e-02 vol=0.20000 mnd=0.000 drho=9.416e-02 p=4.5 b=32.0 solve 0.06s (setup 0.01) it=2 outer=1 res=5.01e-07 iter 0.09s
it 178 c=8.798705e-02 vol=0.20000 mnd=0.000 drho=9.419e-02 p=4.5 b=32.0 solve 0.06s (setup 0.01) it=2 outer=1 res=5.04e-07 iter 0.09s
it 179 c=8.798705e-02 vol=0.20000 mnd=0.000 drho=9.416e-02 p=4.5 b=32.0 solve 0.06s (setup 0.01) it=2 outer=1 res=5.01e-07 iter 0.09s
it 180 c=8.798705e-02 vol=0.20000 mnd=0.000 drho=9.419e-02 p=4.5 b=32.0 solve 0.06s (setup 0.01) it=2 outer=1 res=5.04e-07 iter 0.09s
it 181 c=8.798705e-02 vol=0.20000 mnd=0.000 drho=9.416e-02 p=4.5 b=32.0 solve 0.24s (setup 0.14) it=2 outer=1 res=5.00e-07 iter 0.28s
it 182 c=8.798705e-02 vol=0.20000 mnd=0.000 drho=9.419e-02 p=4.5 b=32.0 solve 0.06s (setup 0.01) it=2 outer=1 res=5.04e-07 iter 0.09s
it 183 c=8.798705e-02 vol=0.20000 mnd=0.000 drho=9.416e-02 p=4.5 b=32.0 solve 0.06s (setup 0.01) it=2 outer=1 res=5.00e-07 iter 0.09s
it 184 c=8.798705e-02 vol=0.20000 mnd=0.000 drho=9.419e-02 p=4.5 b=32.0 solve 0.06s (setup 0.01) it=2 outer=1 res=5.04e-07 iter 0.09s
it 185 c=8.798705e-02 vol=0.20000 mnd=0.000 drho=9.416e-02 p=4.5 b=32.0 solve 0.06s (setup 0.01) it=2 outer=1 res=5.00e-07 iter 0.09s
it 186 c=8.798705e-02 vol=0.20000 mnd=0.000 drho=9.419e-02 p=4.5 b=32.0 solve 0.09s (setup 0.05) it=2 outer=1 res=5.04e-07 iter 0.12s
it 187 c=8.798705e-02 vol=0.20000 mnd=0.000 drho=9.416e-02 p=4.5 b=32.0 solve 0.06s (setup 0.01) it=2 outer=1 res=4.99e-07 iter 0.09s
it 188 c=8.798705e-02 vol=0.20000 mnd=0.000 drho=9.419e-02 p=4.5 b=32.0 solve 0.06s (setup 0.01) it=2 outer=1 res=5.04e-07 iter 0.09s
it 189 c=8.798705e-02 vol=0.20000 mnd=0.000 drho=9.416e-02 p=4.5 b=32.0 solve 0.06s (setup 0.01) it=2 outer=1 res=4.99e-07 iter 0.09s
it 190 c=8.798705e-02 vol=0.20000 mnd=0.000 drho=9.419e-02 p=4.5 b=32.0 solve 0.06s (setup 0.01) it=2 outer=1 res=5.03e-07 iter 0.09s
it 191 c=8.798705e-02 vol=0.20000 mnd=0.000 drho=9.416e-02 p=4.5 b=32.0 solve 0.23s (setup 0.17) it=2 outer=1 res=4.99e-07 iter 0.26s
it 192 c=8.798705e-02 vol=0.20000 mnd=0.000 drho=9.419e-02 p=4.5 b=32.0 solve 0.06s (setup 0.01) it=2 outer=1 res=5.03e-07 iter 0.09s
it 193 c=8.798705e-02 vol=0.20000 mnd=0.000 drho=9.416e-02 p=4.5 b=32.0 solve 0.06s (setup 0.01) it=2 outer=1 res=4.98e-07 iter 0.09s
it 194 c=8.798705e-02 vol=0.20000 mnd=0.000 drho=9.419e-02 p=4.5 b=32.0 solve 0.06s (setup 0.01) it=2 outer=1 res=5.03e-07 iter 0.09s
it 195 c=8.798705e-02 vol=0.20000 mnd=0.000 drho=9.416e-02 p=4.5 b=32.0 solve 0.06s (setup 0.01) it=2 outer=1 res=4.98e-07 iter 0.09s
it 196 c=8.798705e-02 vol=0.20000 mnd=0.000 drho=9.419e-02 p=4.5 b=32.0 solve 0.09s (setup 0.05) it=2 outer=1 res=5.03e-07 iter 0.12s
it 197 c=8.798705e-02 vol=0.20000 mnd=0.000 drho=9.416e-02 p=4.5 b=32.0 solve 0.06s (setup 0.01) it=2 outer=1 res=4.98e-07 iter 0.09s
it 198 c=8.798705e-02 vol=0.20000 mnd=0.000 drho=9.419e-02 p=4.5 b=32.0 solve 0.06s (setup 0.01) it=2 outer=1 res=5.03e-07 iter 0.09s
it 199 c=8.798705e-02 vol=0.20000 mnd=0.000 drho=9.416e-02 p=4.5 b=32.0 solve 0.06s (setup 0.01) it=2 outer=1 res=4.98e-07 iter 0.09s
it 200 c=8.798705e-02 vol=0.20000 mnd=0.000 drho=9.419e-02 p=4.5 b=32.0 solve 0.06s (setup 0.01) it=2 outer=1 res=5.03e-07 iter 0.09s
it 201 c=8.798705e-02 vol=0.20000 mnd=0.000 drho=9.416e-02 p=4.5 b=32.0 solve 0.21s (setup 0.16) it=2 outer=1 res=4.97e-07 iter 0.25s
it 202 c=8.798705e-02 vol=0.20000 mnd=0.000 drho=9.419e-02 p=4.5 b=32.0 solve 0.06s (setup 0.01) it=2 outer=1 res=5.03e-07 iter 0.09s
it 203 c=8.798705e-02 vol=0.20000 mnd=0.000 drho=9.416e-02 p=4.5 b=32.0 solve 0.06s (setup 0.02) it=2 outer=1 res=4.97e-07 iter 0.09s
it 204 c=8.798705e-02 vol=0.20000 mnd=0.000 drho=9.419e-02 p=4.5 b=32.0 solve 0.06s (setup 0.01) it=2 outer=1 res=5.03e-07 iter 0.09s
it 205 c=8.798705e-02 vol=0.20000 mnd=0.000 drho=9.416e-02 p=4.5 b=32.0 solve 0.06s (setup 0.01) it=2 outer=1 res=4.97e-07 iter 0.09s
it 206 c=8.798705e-02 vol=0.20000 mnd=0.000 drho=9.419e-02 p=4.5 b=32.0 solve 0.09s (setup 0.05) it=2 outer=1 res=5.02e-07 iter 0.12s
it 207 c=8.798705e-02 vol=0.20000 mnd=0.000 drho=9.416e-02 p=4.5 b=32.0 solve 0.06s (setup 0.01) it=2 outer=1 res=4.97e-07 iter 0.09s
it 208 c=8.798705e-02 vol=0.20000 mnd=0.000 drho=9.419e-02 p=4.5 b=32.0 solve 0.06s (setup 0.01) it=2 outer=1 res=5.02e-07 iter 0.09s
it 209 c=8.798705e-02 vol=0.20000 mnd=0.000 drho=9.416e-02 p=4.5 b=32.0 solve 0.06s (setup 0.01) it=2 outer=1 res=4.96e-07 iter 0.09s
it 210 c=8.798705e-02 vol=0.20000 mnd=0.000 drho=9.419e-02 p=4.5 b=32.0 solve 0.06s (setup 0.01) it=2 outer=1 res=5.02e-07 iter 0.09s
it 211 c=8.798705e-02 vol=0.20000 mnd=0.000 drho=9.416e-02 p=4.5 b=32.0 solve 0.28s (setup 0.16) it=2 outer=1 res=4.96e-07 iter 0.35s
it 212 c=8.798705e-02 vol=0.20000 mnd=0.000 drho=9.419e-02 p=4.5 b=32.0 solve 0.06s (setup 0.02) it=2 outer=1 res=5.02e-07 iter 0.09s
it 213 c=8.798705e-02 vol=0.20000 mnd=0.000 drho=9.416e-02 p=4.5 b=32.0 solve 0.06s (setup 0.01) it=2 outer=1 res=4.96e-07 iter 0.09s
it 214 c=8.798705e-02 vol=0.20000 mnd=0.000 drho=9.419e-02 p=4.5 b=32.0 solve 0.06s (setup 0.01) it=2 outer=1 res=5.02e-07 iter 0.09s
it 215 c=8.798705e-02 vol=0.20000 mnd=0.000 drho=9.416e-02 p=4.5 b=32.0 solve 0.06s (setup 0.01) it=2 outer=1 res=4.96e-07 iter 0.09s
it 216 c=8.798705e-02 vol=0.20000 mnd=0.000 drho=9.419e-02 p=4.5 b=32.0 solve 0.09s (setup 0.05) it=2 outer=1 res=5.02e-07 iter 0.12s
it 217 c=8.798705e-02 vol=0.20000 mnd=0.000 drho=9.416e-02 p=4.5 b=32.0 solve 0.06s (setup 0.01) it=2 outer=1 res=4.96e-07 iter 0.09s
it 218 c=8.798705e-02 vol=0.20000 mnd=0.000 drho=9.419e-02 p=4.5 b=32.0 solve 0.06s (setup 0.01) it=2 outer=1 res=5.02e-07 iter 0.09s
it 219 c=8.798705e-02 vol=0.20000 mnd=0.000 drho=9.416e-02 p=4.5 b=32.0 solve 0.06s (setup 0.01) it=2 outer=1 res=4.96e-07 iter 0.09s
it 220 c=8.798705e-02 vol=0.20000 mnd=0.000 drho=9.419e-02 p=4.5 b=32.0 solve 0.06s (setup 0.01) it=2 outer=1 res=5.02e-07 iter 0.09s
it 221 c=8.798705e-02 vol=0.20000 mnd=0.000 drho=9.416e-02 p=4.5 b=32.0 solve 0.25s (setup 0.14) it=2 outer=1 res=4.95e-07 iter 0.28s
it 222 c=8.798705e-02 vol=0.20000 mnd=0.000 drho=9.419e-02 p=4.5 b=32.0 solve 0.06s (setup 0.01) it=2 outer=1 res=5.02e-07 iter 0.09s
it 223 c=8.798705e-02 vol=0.20000 mnd=0.000 drho=9.416e-02 p=4.5 b=32.0 solve 0.06s (setup 0.01) it=2 outer=1 res=4.95e-07 iter 0.09s
it 224 c=8.798705e-02 vol=0.20000 mnd=0.000 drho=9.419e-02 p=4.5 b=32.0 solve 0.06s (setup 0.01) it=2 outer=1 res=5.02e-07 iter 0.09s
it 225 c=8.798705e-02 vol=0.20000 mnd=0.000 drho=9.416e-02 p=4.5 b=32.0 solve 0.06s (setup 0.01) it=2 outer=1 res=4.95e-07 iter 0.09s
it 226 c=8.798705e-02 vol=0.20000 mnd=0.000 drho=9.419e-02 p=4.5 b=32.0 solve 0.09s (setup 0.05) it=2 outer=1 res=5.02e-07 iter 0.12s
it 227 c=8.798705e-02 vol=0.20000 mnd=0.000 drho=9.416e-02 p=4.5 b=32.0 solve 0.06s (setup 0.01) it=2 outer=1 res=4.95e-07 iter 0.09s
it 228 c=8.798705e-02 vol=0.20000 mnd=0.000 drho=9.419e-02 p=4.5 b=32.0 solve 0.06s (setup 0.01) it=2 outer=1 res=5.02e-07 iter 0.09s
it 229 c=8.798705e-02 vol=0.20000 mnd=0.000 drho=9.416e-02 p=4.5 b=32.0 solve 0.06s (setup 0.01) it=2 outer=1 res=4.95e-07 iter 0.09s
it 230 c=8.798705e-02 vol=0.20000 mnd=0.000 drho=9.419e-02 p=4.5 b=32.0 solve 0.06s (setup 0.01) it=2 outer=1 res=5.02e-07 iter 0.09s
it 231 c=8.798705e-02 vol=0.20000 mnd=0.000 drho=9.416e-02 p=4.5 b=32.0 solve 0.24s (setup 0.17) it=2 outer=1 res=4.95e-07 iter 0.27s
it 232 c=8.798705e-02 vol=0.20000 mnd=0.000 drho=9.419e-02 p=4.5 b=32.0 solve 0.06s (setup 0.02) it=2 outer=1 res=5.01e-07 iter 0.09s
it 233 c=8.798705e-02 vol=0.20000 mnd=0.000 drho=9.416e-02 p=4.5 b=32.0 solve 0.06s (setup 0.01) it=2 outer=1 res=4.94e-07 iter 0.09s
it 234 c=8.798705e-02 vol=0.20000 mnd=0.000 drho=9.419e-02 p=4.5 b=32.0 solve 0.06s (setup 0.01) it=2 outer=1 res=5.01e-07 iter 0.09s
it 235 c=8.798705e-02 vol=0.20000 mnd=0.000 drho=9.416e-02 p=4.5 b=32.0 solve 0.06s (setup 0.01) it=2 outer=1 res=4.94e-07 iter 0.09s
it 236 c=8.798705e-02 vol=0.20000 mnd=0.000 drho=9.419e-02 p=4.5 b=32.0 solve 0.09s (setup 0.05) it=2 outer=1 res=5.01e-07 iter 0.12s
it 237 c=8.798705e-02 vol=0.20000 mnd=0.000 drho=9.416e-02 p=4.5 b=32.0 solve 0.06s (setup 0.01) it=2 outer=1 res=4.94e-07 iter 0.09s
it 238 c=8.798705e-02 vol=0.20000 mnd=0.000 drho=9.419e-02 p=4.5 b=32.0 solve 0.06s (setup 0.01) it=2 outer=1 res=5.01e-07 iter 0.09s
it 239 c=8.798705e-02 vol=0.20000 mnd=0.000 drho=9.416e-02 p=4.5 b=32.0 solve 0.06s (setup 0.01) it=2 outer=1 res=4.94e-07 iter 0.09s
it 240 c=8.798705e-02 vol=0.20000 mnd=0.000 drho=9.419e-02 p=4.5 b=32.0 solve 0.06s (setup 0.01) it=2 outer=1 res=5.01e-07 iter 0.09s
it 241 c=8.798705e-02 vol=0.20000 mnd=0.000 drho=9.416e-02 p=4.5 b=32.0 solve 0.22s (setup 0.17) it=2 outer=1 res=4.94e-07 iter 0.25s
it 242 c=8.798705e-02 vol=0.20000 mnd=0.000 drho=9.419e-02 p=4.5 b=32.0 solve 0.06s (setup 0.01) it=2 outer=1 res=5.01e-07 iter 0.09s
it 243 c=8.798705e-02 vol=0.20000 mnd=0.000 drho=9.416e-02 p=4.5 b=32.0 solve 0.06s (setup 0.01) it=2 outer=1 res=4.94e-07 iter 0.09s
it 244 c=8.798705e-02 vol=0.20000 mnd=0.000 drho=9.419e-02 p=4.5 b=32.0 solve 0.06s (setup 0.01) it=2 outer=1 res=5.01e-07 iter 0.09s
it 245 c=8.798705e-02 vol=0.20000 mnd=0.000 drho=9.416e-02 p=4.5 b=32.0 solve 0.06s (setup 0.01) it=2 outer=1 res=4.94e-07 iter 0.09s
it 246 c=8.798705e-02 vol=0.20000 mnd=0.000 drho=9.419e-02 p=4.5 b=32.0 solve 0.09s (setup 0.05) it=2 outer=1 res=5.01e-07 iter 0.12s
it 247 c=8.798705e-02 vol=0.20000 mnd=0.000 drho=9.416e-02 p=4.5 b=32.0 solve 0.06s (setup 0.01) it=2 outer=1 res=4.94e-07 iter 0.09s
it 248 c=8.798705e-02 vol=0.20000 mnd=0.000 drho=9.419e-02 p=4.5 b=32.0 solve 0.06s (setup 0.01) it=2 outer=1 res=5.01e-07 iter 0.09s
it 249 c=8.798705e-02 vol=0.20000 mnd=0.000 drho=9.416e-02 p=4.5 b=32.0 solve 0.06s (setup 0.01) it=2 outer=1 res=4.93e-07 iter 0.09s
it 250 c=8.798705e-02 vol=0.20000 mnd=0.000 drho=9.419e-02 p=4.5 b=32.0 solve 0.06s (setup 0.01) it=2 outer=1 res=5.01e-07 iter 0.09s
it 251 c=8.798705e-02 vol=0.20000 mnd=0.000 drho=9.416e-02 p=4.5 b=32.0 solve 0.22s (setup 0.17) it=2 outer=1 res=4.93e-07 iter 0.26s
it 252 c=8.798705e-02 vol=0.20000 mnd=0.000 drho=9.419e-02 p=4.5 b=32.0 solve 0.06s (setup 0.01) it=2 outer=1 res=5.01e-07 iter 0.09s
it 253 c=8.798705e-02 vol=0.20000 mnd=0.000 drho=9.416e-02 p=4.5 b=32.0 solve 0.06s (setup 0.01) it=2 outer=1 res=4.93e-07 iter 0.09s
it 254 c=8.798705e-02 vol=0.20000 mnd=0.000 drho=9.419e-02 p=4.5 b=32.0 solve 0.06s (setup 0.01) it=2 outer=1 res=5.01e-07 iter 0.09s
it 255 c=8.798705e-02 vol=0.20000 mnd=0.000 drho=9.416e-02 p=4.5 b=32.0 solve 0.06s (setup 0.01) it=2 outer=1 res=4.93e-07 iter 0.09s
it 256 c=8.798705e-02 vol=0.20000 mnd=0.000 drho=9.419e-02 p=4.5 b=32.0 solve 0.09s (setup 0.05) it=2 outer=1 res=5.01e-07 iter 0.12s
it 257 c=8.798705e-02 vol=0.20000 mnd=0.000 drho=9.416e-02 p=4.5 b=32.0 solve 0.06s (setup 0.01) it=2 outer=1 res=4.93e-07 iter 0.09s
it 258 c=8.798705e-02 vol=0.20000 mnd=0.000 drho=9.419e-02 p=4.5 b=32.0 solve 0.07s (setup 0.03) it=2 outer=1 res=5.01e-07 iter 0.10s
it 259 c=8.798705e-02 vol=0.20000 mnd=0.000 drho=9.416e-02 p=4.5 b=32.0 solve 0.06s (setup 0.01) it=2 outer=1 res=4.93e-07 iter 0.09s
it 260 c=8.798705e-02 vol=0.20000 mnd=0.000 drho=9.419e-02 p=4.5 b=32.0 solve 0.06s (setup 0.01) it=2 outer=1 res=5.01e-07 iter 0.09s
it 261 c=8.798705e-02 vol=0.20000 mnd=0.000 drho=9.416e-02 p=4.5 b=32.0 solve 0.27s (setup 0.16) it=2 outer=1 res=4.93e-07 iter 0.35s
it 262 c=8.798705e-02 vol=0.20000 mnd=0.000 drho=9.419e-02 p=4.5 b=32.0 solve 0.06s (setup 0.02) it=2 outer=1 res=5.01e-07 iter 0.09s
it 263 c=8.798705e-02 vol=0.20000 mnd=0.000 drho=9.416e-02 p=4.5 b=32.0 solve 0.06s (setup 0.01) it=2 outer=1 res=4.93e-07 iter 0.09s
it 264 c=8.798705e-02 vol=0.20000 mnd=0.000 drho=9.419e-02 p=4.5 b=32.0 solve 0.06s (setup 0.01) it=2 outer=1 res=5.01e-07 iter 0.09s
it 265 c=8.798705e-02 vol=0.20000 mnd=0.000 drho=9.416e-02 p=4.5 b=32.0 solve 0.06s (setup 0.01) it=2 outer=1 res=4.93e-07 iter 0.09s
it 266 c=8.798705e-02 vol=0.20000 mnd=0.000 drho=9.419e-02 p=4.5 b=32.0 solve 0.09s (setup 0.05) it=2 outer=1 res=5.01e-07 iter 0.12s
it 267 c=8.798705e-02 vol=0.20000 mnd=0.000 drho=9.416e-02 p=4.5 b=32.0 solve 0.06s (setup 0.01) it=2 outer=1 res=4.93e-07 iter 0.09s
it 268 c=8.798705e-02 vol=0.20000 mnd=0.000 drho=9.419e-02 p=4.5 b=32.0 solve 0.06s (setup 0.01) it=2 outer=1 res=5.01e-07 iter 0.09s
it 269 c=8.798705e-02 vol=0.20000 mnd=0.000 drho=9.416e-02 p=4.5 b=32.0 solve 0.06s (setup 0.01) it=2 outer=1 res=4.92e-07 iter 0.09s
it 270 c=8.798705e-02 vol=0.20000 mnd=0.000 drho=9.419e-02 p=4.5 b=32.0 solve 0.06s (setup 0.01) it=2 outer=1 res=5.01e-07 iter 0.09s
it 271 c=8.798705e-02 vol=0.20000 mnd=0.000 drho=9.416e-02 p=4.5 b=32.0 solve 0.26s (setup 0.15) it=2 outer=1 res=4.92e-07 iter 0.30s
it 272 c=8.798705e-02 vol=0.20000 mnd=0.000 drho=9.419e-02 p=4.5 b=32.0 solve 0.06s (setup 0.02) it=2 outer=1 res=5.00e-07 iter 0.09s
it 273 c=8.798705e-02 vol=0.20000 mnd=0.000 drho=9.416e-02 p=4.5 b=32.0 solve 0.06s (setup 0.01) it=2 outer=1 res=4.92e-07 iter 0.09s
it 274 c=8.798705e-02 vol=0.20000 mnd=0.000 drho=9.419e-02 p=4.5 b=32.0 solve 0.06s (setup 0.01) it=2 outer=1 res=5.00e-07 iter 0.09s
it 275 c=8.798705e-02 vol=0.20000 mnd=0.000 drho=9.416e-02 p=4.5 b=32.0 solve 0.06s (setup 0.01) it=2 outer=1 res=4.92e-07 iter 0.09s
it 276 c=8.798705e-02 vol=0.20000 mnd=0.000 drho=9.419e-02 p=4.5 b=32.0 solve 0.09s (setup 0.05) it=2 outer=1 res=5.00e-07 iter 0.12s
it 277 c=8.798705e-02 vol=0.20000 mnd=0.000 drho=9.416e-02 p=4.5 b=32.0 solve 0.06s (setup 0.01) it=2 outer=1 res=4.92e-07 iter 0.09s
it 278 c=8.798705e-02 vol=0.20000 mnd=0.000 drho=9.419e-02 p=4.5 b=32.0 solve 0.06s (setup 0.02) it=2 outer=1 res=5.00e-07 iter 0.09s
it 279 c=8.798705e-02 vol=0.20000 mnd=0.000 drho=9.416e-02 p=4.5 b=32.0 solve 0.06s (setup 0.01) it=2 outer=1 res=4.92e-07 iter 0.09s
it 280 c=8.798705e-02 vol=0.20000 mnd=0.000 drho=9.419e-02 p=4.5 b=32.0 solve 0.06s (setup 0.01) it=2 outer=1 res=5.00e-07 iter 0.09s
it 281 c=8.798705e-02 vol=0.20000 mnd=0.000 drho=9.416e-02 p=4.5 b=32.0 solve 0.22s (setup 0.17) it=2 outer=1 res=4.92e-07 iter 0.26s
it 282 c=8.798705e-02 vol=0.20000 mnd=0.000 drho=9.419e-02 p=4.5 b=32.0 solve 0.06s (setup 0.01) it=2 outer=1 res=5.00e-07 iter 0.09s
it 283 c=8.798705e-02 vol=0.20000 mnd=0.000 drho=9.416e-02 p=4.5 b=32.0 solve 0.06s (setup 0.01) it=2 outer=1 res=4.92e-07 iter 0.09s
it 284 c=8.798705e-02 vol=0.20000 mnd=0.000 drho=9.419e-02 p=4.5 b=32.0 solve 0.06s (setup 0.01) it=2 outer=1 res=5.00e-07 iter 0.09s
it 285 c=8.798705e-02 vol=0.20000 mnd=0.000 drho=9.416e-02 p=4.5 b=32.0 solve 0.06s (setup 0.01) it=2 outer=1 res=4.92e-07 iter 0.09s
it 286 c=8.798705e-02 vol=0.20000 mnd=0.000 drho=9.419e-02 p=4.5 b=32.0 solve 0.10s (setup 0.05) it=2 outer=1 res=5.00e-07 iter 0.13s
it 287 c=8.798705e-02 vol=0.20000 mnd=0.000 drho=9.416e-02 p=4.5 b=32.0 solve 0.06s (setup 0.01) it=2 outer=1 res=4.92e-07 iter 0.09s
it 288 c=8.798705e-02 vol=0.20000 mnd=0.000 drho=9.419e-02 p=4.5 b=32.0 solve 0.06s (setup 0.01) it=2 outer=1 res=5.00e-07 iter 0.09s
it 289 c=8.798705e-02 vol=0.20000 mnd=0.000 drho=9.416e-02 p=4.5 b=32.0 solve 0.06s (setup 0.01) it=2 outer=1 res=4.92e-07 iter 0.09s
it 290 c=8.798705e-02 vol=0.20000 mnd=0.000 drho=9.419e-02 p=4.5 b=32.0 solve 0.06s (setup 0.01) it=2 outer=1 res=5.00e-07 iter 0.09s
it 291 c=8.798705e-02 vol=0.20000 mnd=0.000 drho=9.416e-02 p=4.5 b=32.0 solve 0.22s (setup 0.17) it=2 outer=1 res=4.92e-07 iter 0.26s
it 292 c=8.798705e-02 vol=0.20000 mnd=0.000 drho=9.419e-02 p=4.5 b=32.0 solve 0.06s (setup 0.01) it=2 outer=1 res=5.00e-07 iter 0.09s
it 293 c=8.798705e-02 vol=0.20000 mnd=0.000 drho=9.416e-02 p=4.5 b=32.0 solve 0.06s (setup 0.01) it=2 outer=1 res=4.92e-07 iter 0.09s
it 294 c=8.798705e-02 vol=0.20000 mnd=0.000 drho=9.419e-02 p=4.5 b=32.0 solve 0.06s (setup 0.01) it=2 outer=1 res=5.00e-07 iter 0.09s
it 295 c=8.798705e-02 vol=0.20000 mnd=0.000 drho=9.416e-02 p=4.5 b=32.0 solve 0.06s (setup 0.01) it=2 outer=1 res=4.92e-07 iter 0.09s
it 296 c=8.798705e-02 vol=0.20000 mnd=0.000 drho=9.419e-02 p=4.5 b=32.0 solve 0.09s (setup 0.05) it=2 outer=1 res=5.00e-07 iter 0.12s
it 297 c=8.798705e-02 vol=0.20000 mnd=0.000 drho=9.416e-02 p=4.5 b=32.0 solve 0.06s (setup 0.01) it=2 outer=1 res=4.92e-07 iter 0.09s
it 298 c=8.798705e-02 vol=0.20000 mnd=0.000 drho=9.419e-02 p=4.5 b=32.0 solve 0.06s (setup 0.01) it=2 outer=1 res=5.00e-07 iter 0.09s
it 299 c=8.798705e-02 vol=0.20000 mnd=0.000 drho=9.416e-02 p=4.5 b=32.0 solve 0.06s (setup 0.01) it=2 outer=1 res=4.91e-07 iter 0.09s
it 300 c=8.798705e-02 vol=0.20000 mnd=0.000 drho=9.419e-02 p=4.5 b=32.0 solve 0.06s (setup 0.02) it=2 outer=1 res=5.00e-07 iter 0.09s
simp_bridge_k160_mg_ir_stencil: status=ok valid=False c=0.08798705482992263 it=300 wall=183.5s
