it   1 c=1.837002e+00 vol=0.28644 mnd=0.818 drho=nan p=1.5 b=1.0 solve 0.80s (setup 0.00) it=1748 outer=5 res=9.53e-06 iter 0.82s
it   2 c=1.129219e+00 vol=0.30000 mnd=0.772 drho=2.136e-01 p=1.5 b=1.0 solve 0.52s (setup 0.00) it=1765 outer=5 res=9.34e-06 iter 0.53s
it   3 c=9.288229e-01 vol=0.30000 mnd=0.716 drho=2.136e-01 p=1.5 b=1.0 solve 0.33s (setup 0.00) it=1116 outer=5 res=6.72e-06 iter 0.34s
it   4 c=8.282959e-01 vol=0.30000 mnd=0.646 drho=2.157e-01 p=1.5 b=1.0 solve 0.50s (setup 0.00) it=1682 outer=5 res=4.23e-06 iter 0.50s
it   5 c=7.815442e-01 vol=0.30000 mnd=0.596 drho=2.159e-01 p=1.5 b=1.0 solve 0.53s (setup 0.00) it=1812 outer=5 res=1.59e-06 iter 0.54s
it   6 c=7.630390e-01 vol=0.30000 mnd=0.570 drho=2.157e-01 p=1.5 b=1.0 solve 0.30s (setup 0.00) it=1020 outer=4 res=6.04e-06 iter 0.31s
it   7 c=7.492791e-01 vol=0.30000 mnd=0.546 drho=2.155e-01 p=1.5 b=1.0 solve 0.34s (setup 0.00) it=1144 outer=4 res=5.03e-06 iter 0.34s
it   8 c=7.376272e-01 vol=0.30000 mnd=0.524 drho=2.025e-01 p=1.5 b=1.0 solve 0.41s (setup 0.00) it=1398 outer=4 res=4.33e-06 iter 0.42s
it   9 c=7.270187e-01 vol=0.30000 mnd=0.502 drho=1.311e-01 p=1.5 b=1.0 solve 0.34s (setup 0.00) it=1174 outer=4 res=4.50e-06 iter 0.35s
it  10 c=7.170499e-01 vol=0.30000 mnd=0.481 drho=1.148e-01 p=1.5 b=1.0 solve 0.35s (setup 0.00) it=1186 outer=4 res=4.53e-06 iter 0.35s
it  11 c=7.074350e-01 vol=0.30000 mnd=0.461 drho=1.178e-01 p=1.5 b=1.0 solve 0.52s (setup 0.00) it=1074 outer=4 res=4.64e-06 iter 0.52s
it  12 c=6.980234e-01 vol=0.30000 mnd=0.440 drho=1.166e-01 p=1.5 b=1.0 solve 0.35s (setup 0.00) it=1099 outer=4 res=4.72e-06 iter 0.35s
it  13 c=6.887411e-01 vol=0.30000 mnd=0.419 drho=1.094e-01 p=1.5 b=1.0 solve 0.33s (setup 0.00) it=1118 outer=4 res=4.37e-06 iter 0.34s
it  14 c=6.796139e-01 vol=0.30000 mnd=0.398 drho=1.074e-01 p=1.5 b=1.0 solve 0.29s (setup 0.00) it=1006 outer=4 res=4.64e-06 iter 0.30s
it  15 c=6.707469e-01 vol=0.30000 mnd=0.376 drho=1.083e-01 p=1.5 b=1.0 solve 0.34s (setup 0.00) it=1127 outer=4 res=4.49e-06 iter 0.34s
it  16 c=1.414879e+00 vol=0.27272 mnd=0.251 drho=2.781e-01 p=3.5 b=4.0 solve 0.78s (setup 0.00) it=2683 outer=5 res=2.17e-06 iter 0.78s
it  17 c=7.594327e-01 vol=0.30000 mnd=0.188 drho=3.024e-01 p=3.5 b=4.0 solve 0.76s (setup 0.00) it=2686 outer=5 res=9.24e-06 iter 0.77s
it  18 c=6.715892e-01 vol=0.30000 mnd=0.112 drho=3.021e-01 p=3.5 b=4.0 solve 0.66s (setup 0.00) it=2306 outer=5 res=3.46e-06 iter 0.66s
it  19 c=6.274447e-01 vol=0.30000 mnd=0.059 drho=2.830e-01 p=3.5 b=4.0 solve 0.64s (setup 0.00) it=2211 outer=5 res=2.18e-06 iter 0.64s
it  20 c=6.089220e-01 vol=0.30000 mnd=0.032 drho=2.420e-01 p=3.5 b=4.0 solve 0.58s (setup 0.00) it=2009 outer=5 res=1.88e-06 iter 0.59s
it  21 c=6.020813e-01 vol=0.30000 mnd=0.022 drho=2.402e-01 p=3.5 b=4.0 solve 0.83s (setup 0.00) it=2215 outer=5 res=1.35e-06 iter 0.84s
it  22 c=5.992152e-01 vol=0.30000 mnd=0.018 drho=2.271e-01 p=3.5 b=4.0 solve 0.51s (setup 0.00) it=1755 outer=5 res=1.18e-06 iter 0.51s
it  23 c=5.976433e-01 vol=0.30000 mnd=0.016 drho=2.271e-01 p=3.5 b=4.0 solve 0.44s (setup 0.00) it=1527 outer=5 res=1.05e-06 iter 0.44s
it  24 c=5.966249e-01 vol=0.30000 mnd=0.015 drho=2.155e-01 p=3.5 b=4.0 solve 0.31s (setup 0.00) it=1054 outer=4 res=9.22e-06 iter 0.31s
it  25 c=5.959216e-01 vol=0.30000 mnd=0.014 drho=1.916e-01 p=3.5 b=4.0 solve 0.30s (setup 0.00) it=1010 outer=4 res=7.28e-06 iter 0.30s
it  26 c=5.954061e-01 vol=0.30000 mnd=0.014 drho=1.920e-01 p=3.5 b=4.0 solve 0.28s (setup 0.00) it=975 outer=4 res=6.09e-06 iter 0.29s
it  27 c=5.949943e-01 vol=0.30000 mnd=0.013 drho=1.899e-01 p=3.5 b=4.0 solve 0.31s (setup 0.00) it=1057 outer=4 res=6.15e-06 iter 0.31s
it  28 c=5.946437e-01 vol=0.30000 mnd=0.013 drho=1.857e-01 p=3.5 b=4.0 solve 0.31s (setup 0.00) it=1078 outer=4 res=6.37e-06 iter 0.32s
it  29 c=5.943492e-01 vol=0.30000 mnd=0.013 drho=1.825e-01 p=3.5 b=4.0 solve 0.31s (setup 0.00) it=1054 outer=4 res=7.42e-06 iter 0.31s
it  30 c=5.941088e-01 vol=0.30000 mnd=0.013 drho=1.825e-01 p=3.5 b=4.0 solve 0.32s (setup 0.00) it=1086 outer=4 res=4.51e-06 iter 0.32s
it  31 c=5.939025e-01 vol=0.30000 mnd=0.013 drho=1.805e-01 p=3.5 b=4.0 solve 0.53s (setup 0.00) it=1060 outer=4 res=4.23e-06 iter 0.53s
it  32 c=5.937176e-01 vol=0.30000 mnd=0.013 drho=1.824e-01 p=3.5 b=4.0 solve 0.31s (setup 0.00) it=1061 outer=4 res=4.11e-06 iter 0.31s
it  33 c=5.935517e-01 vol=0.30000 mnd=0.012 drho=1.820e-01 p=3.5 b=4.0 solve 0.30s (setup 0.00) it=1058 outer=4 res=3.83e-06 iter 0.31s
it  34 c=5.933923e-01 vol=0.30000 mnd=0.012 drho=2.026e-01 p=3.5 b=4.0 solve 0.37s (setup 0.00) it=1296 outer=4 res=4.10e-06 iter 0.38s
it  35 c=5.932422e-01 vol=0.30000 mnd=0.012 drho=2.031e-01 p=3.5 b=4.0 solve 0.32s (setup 0.00) it=1099 outer=4 res=4.32e-06 iter 0.33s
it  36 c=5.931007e-01 vol=0.30000 mnd=0.012 drho=1.953e-01 p=3.5 b=4.0 solve 0.32s (setup 0.00) it=1076 outer=4 res=4.19e-06 iter 0.32s
it  37 c=5.929710e-01 vol=0.30000 mnd=0.012 drho=1.884e-01 p=3.5 b=4.0 solve 0.31s (setup 0.00) it=1088 outer=4 res=4.03e-06 iter 0.32s
it  38 c=5.928538e-01 vol=0.30000 mnd=0.012 drho=1.784e-01 p=3.5 b=4.0 solve 0.33s (setup 0.00) it=1101 outer=4 res=3.67e-06 iter 0.33s
it  39 c=5.927396e-01 vol=0.30000 mnd=0.012 drho=1.821e-01 p=3.5 b=4.0 solve 0.36s (setup 0.00) it=1235 outer=4 res=3.53e-06 iter 0.37s
it  40 c=5.926290e-01 vol=0.30000 mnd=0.012 drho=1.764e-01 p=3.5 b=4.0 solve 0.36s (setup 0.00) it=1255 outer=4 res=3.50e-06 iter 0.36s
it  41 c=5.852469e-01 vol=0.29988 mnd=0.000 drho=4.510e-01 p=4.5 b=16.0 solve 0.78s (setup 0.00) it=2059 outer=5 res=1.81e-06 iter 0.79s
it  42 c=5.850694e-01 vol=0.30000 mnd=0.000 drho=4.213e-01 p=4.5 b=16.0 solve 0.40s (setup 0.00) it=1323 outer=4 res=6.37e-06 iter 0.41s
it  43 c=5.849310e-01 vol=0.30000 mnd=0.000 drho=3.080e-01 p=4.5 b=16.0 solve 0.35s (setup 0.00) it=1176 outer=4 res=5.81e-06 iter 0.35s
it  44 c=5.848722e-01 vol=0.30000 mnd=0.000 drho=2.561e-01 p=4.5 b=16.0 solve 0.36s (setup 0.00) it=1259 outer=4 res=3.16e-06 iter 0.37s
it  45 c=5.848539e-01 vol=0.30000 mnd=0.000 drho=1.803e-01 p=4.5 b=16.0 solve 0.27s (setup 0.00) it=937 outer=4 res=1.55e-06 iter 0.28s
it  46 c=5.848524e-01 vol=0.30000 mnd=0.000 drho=3.974e-01 p=4.5 b=16.0 solve 0.04s (setup 0.00) it=126 outer=3 res=7.11e-06 iter 0.05s
it  47 c=5.848376e-01 vol=0.30000 mnd=0.000 drho=3.098e-01 p=4.5 b=16.0 solve 0.21s (setup 0.00) it=746 outer=3 res=4.27e-06 iter 0.22s
it  48 c=5.848374e-01 vol=0.30000 mnd=0.000 drho=8.960e-02 p=4.5 b=16.0 solve 0.05s (setup 0.00) it=157 outer=3 res=4.02e-06 iter 0.05s
it  49 c=5.848379e-01 vol=0.30000 mnd=0.000 drho=2.479e-01 p=4.5 b=16.0 solve 0.07s (setup 0.00) it=211 outer=3 res=5.28e-06 iter 0.07s
it  50 c=5.848308e-01 vol=0.30000 mnd=0.000 drho=4.775e-01 p=4.5 b=16.0 solve 0.24s (setup 0.00) it=747 outer=3 res=2.96e-06 iter 0.24s
it  51 c=5.848308e-01 vol=0.30000 mnd=0.000 drho=1.177e-01 p=4.5 b=16.0 solve 0.04s (setup 0.00) it=24 outer=2 res=9.12e-06 iter 0.06s
it  52 c=5.848308e-01 vol=0.30000 mnd=0.000 drho=1.436e-02 p=4.5 b=16.0 solve 0.03s (setup 0.00) it=18 outer=2 res=7.11e-06 iter 0.05s
it  53 c=5.848307e-01 vol=0.30000 mnd=0.000 drho=7.850e-03 p=4.5 b=16.0 solve 0.05s (setup 0.00) it=53 outer=2 res=3.41e-06 iter 0.07s
it  54 c=5.848307e-01 vol=0.30000 mnd=0.000 drho=1.045e-02 p=4.5 b=16.0 solve 0.04s (setup 0.00) it=36 outer=2 res=2.65e-06 iter 0.05s
it  55 c=5.848306e-01 vol=0.30000 mnd=0.000 drho=5.667e-03 p=4.5 b=16.0 solve 0.06s (setup 0.00) it=73 outer=2 res=2.26e-06 iter 0.07s
it  56 c=5.848305e-01 vol=0.30000 mnd=0.000 drho=6.033e-03 p=4.5 b=16.0 solve 0.04s (setup 0.00) it=42 outer=2 res=1.71e-06 iter 0.04s
it  57 c=5.848305e-01 vol=0.30000 mnd=0.000 drho=2.859e-03 p=4.5 b=16.0 solve 0.01s (setup 0.00) it=27 outer=2 res=1.89e-06 iter 0.02s
it  58 c=5.848305e-01 vol=0.30000 mnd=0.000 drho=3.154e-03 p=4.5 b=16.0 solve 0.01s (setup 0.00) it=24 outer=2 res=1.61e-06 iter 0.02s
it  59 c=5.848305e-01 vol=0.30000 mnd=0.000 drho=2.189e-03 p=4.5 b=16.0 solve 0.01s (setup 0.00) it=31 outer=2 res=1.28e-06 iter 0.02s
it  60 c=5.848305e-01 vol=0.30000 mnd=0.000 drho=2.192e-03 p=4.5 b=16.0 solve 0.01s (setup 0.00) it=27 outer=2 res=1.39e-06 iter 0.02s
it  61 c=5.848305e-01 vol=0.30000 mnd=0.000 drho=2.187e-03 p=4.5 b=16.0 solve 0.04s (setup 0.00) it=30 outer=2 res=1.21e-06 iter 0.06s
it  62 c=5.848305e-01 vol=0.30000 mnd=0.000 drho=2.259e-03 p=4.5 b=16.0 solve 0.04s (setup 0.00) it=27 outer=2 res=1.37e-06 iter 0.05s
it  63 c=5.848305e-01 vol=0.30000 mnd=0.000 drho=2.188e-03 p=4.5 b=16.0 solve 0.03s (setup 0.00) it=24 outer=2 res=1.44e-06 iter 0.05s
it  64 c=5.848305e-01 vol=0.30000 mnd=0.000 drho=2.189e-03 p=4.5 b=16.0 solve 0.04s (setup 0.00) it=25 outer=2 res=1.45e-06 iter 0.04s
it  65 c=5.848305e-01 vol=0.30000 mnd=0.000 drho=2.188e-03 p=4.5 b=16.0 solve 0.01s (setup 0.00) it=23 outer=2 res=1.46e-06 iter 0.02s
it  66 c=5.848183e-01 vol=0.30000 mnd=0.000 drho=4.363e-03 p=4.5 b=32.0 solve 0.14s (setup 0.00) it=421 outer=2 res=6.46e-06 iter 0.16s
it  67 c=5.848183e-01 vol=0.30000 mnd=0.000 drho=5.838e-05 p=4.5 b=32.0 solve 0.00s (setup 0.00) it=0 outer=0 res=6.46e-06 iter 0.02s
it  68 c=5.848183e-01 vol=0.30000 mnd=0.000 drho=8.614e-04 p=4.5 b=32.0 solve 0.00s (setup 0.00) it=0 outer=0 res=6.46e-06 iter 0.01s
it  69 c=5.848183e-01 vol=0.30000 mnd=0.000 drho=1.105e-02 p=4.5 b=32.0 solve 0.00s (setup 0.00) it=0 outer=0 res=6.46e-06 iter 0.01s
it  70 c=5.848183e-01 vol=0.30000 mnd=0.000 drho=9.511e-02 p=4.5 b=32.0 solve 0.00s (setup 0.00) it=0 outer=0 res=6.55e-06 iter 0.01s
it  71 c=5.848156e-01 vol=0.30005 mnd=0.000 drho=4.294e-01 p=4.5 b=32.0 solve 0.37s (setup 0.00) it=678 outer=3 res=2.21e-06 iter 0.38s
it  72 c=5.848156e-01 vol=0.30000 mnd=0.000 drho=4.613e-01 p=4.5 b=32.0 solve 0.11s (setup 0.00) it=356 outer=3 res=2.23e-06 iter 0.12s
it  73 c=5.848156e-01 vol=0.30000 mnd=0.000 drho=3.519e-01 p=4.5 b=32.0 solve 0.02s (setup 0.00) it=50 outer=2 res=4.52e-06 iter 0.02s
it  74 c=5.848157e-01 vol=0.30000 mnd=0.000 drho=8.525e-02 p=4.5 b=32.0 solve 0.02s (setup 0.00) it=67 outer=2 res=5.79e-06 iter 0.03s
it  75 c=5.848158e-01 vol=0.30000 mnd=0.000 drho=6.637e-02 p=4.5 b=32.0 solve 0.04s (setup 0.00) it=133 outer=2 res=4.25e-06 iter 0.05s
it  76 c=5.848165e-01 vol=0.30000 mnd=0.000 drho=3.783e-01 p=4.5 b=32.0 solve 0.08s (setup 0.00) it=273 outer=3 res=7.23e-06 iter 0.09s
it  77 c=5.848166e-01 vol=0.30000 mnd=0.000 drho=2.208e-01 p=4.5 b=32.0 solve 0.08s (setup 0.00) it=258 outer=3 res=6.64e-06 iter 0.08s
it  78 c=5.848146e-01 vol=0.30000 mnd=0.000 drho=3.569e-02 p=4.5 b=32.0 solve 0.27s (setup 0.00) it=944 outer=3 res=1.15e-06 iter 0.28s
it  79 c=5.848146e-01 vol=0.30000 mnd=0.000 drho=4.325e-03 p=4.5 b=32.0 solve 0.01s (setup 0.00) it=25 outer=2 res=1.58e-06 iter 0.02s
simp_cantilever_k80_jacobi_ir_stencil_rep2: status=ok valid=True c=0.5848145563980378 it=79 wall=43.2s
