it   1 c=9.284692e-01 vol=0.28644 mnd=0.818 drho=nan p=1.5 b=1.0 solve 0.87s (setup 0.57) it=10 outer=5 res=8.10e-07 iter 0.92s
it   2 c=5.688355e-01 vol=0.30000 mnd=0.772 drho=2.136e-01 p=1.5 b=1.0 solve 0.21s (setup 0.02) it=10 outer=5 res=1.51e-06 iter 0.25s
{
 "design_fields": 212992000,
 "moduli": 32768000,
 "residual_kernel_tables": 12700,
 "state_u_fp64": 199695384,
 "fixed_mask_and_load": 8325265,
 "ir_workspace": 399390768,
 "mg_level_vectors": 167629833,
 "mg_stored_matrices": 175500000,
 "mg_coarse_inverse": 11290752,
 "mg_tables": 44964864,
 "total_accounted": 1252569566,
 "per_element": {
  "design_fields": 26.0,
  "moduli": 4.0,
  "residual_kernel_tables": 0.0,
  "state_u_fp64": 24.4,
  "fixed_mask_and_load": 1.0,
  "ir_workspace": 48.8,
  "mg_level_vectors": 20.5,
  "mg_stored_matrices": 21.4,
  "mg_coarse_inverse": 1.4,
  "mg_tables": 5.5,
  "total_accounted": 152.9
 },
 "n_elem": 8192000,
 "pool_used_bytes": 1245431808,
 "pool_reserved_bytes": 1446251520
}
peak pool used GiB 1.1598987579345703 device GiB 2.90576171875 spilled False
