it   1 c=4.670612e-01 vol=0.28644 mnd=0.818 drho=nan p=1.5 b=1.0 solve 2.38s (setup 0.82) it=8 outer=- res=6.39e-06 iter 2.71s
it   2 c=2.856276e-01 vol=0.30000 mnd=0.772 drho=2.136e-01 p=1.5 b=1.0 solve 1.94s (setup 0.07) it=9 outer=- res=2.59e-06 iter 2.27s
{
 "design_fields": 1703936000,
 "moduli": 262144000,
 "state_u_fp64": 1585182744,
 "fixed_mask_and_load": 66066705,
 "pcg_workspace": 4755548232,
 "cast_buffers": 1585182744,
 "mg_level_vectors": 1325813562,
 "mg_stored_matrices": 1404300000,
 "mg_coarse_inverse": 11290752,
 "mg_tables": 44964864,
 "total_accounted": 12744429603,
 "per_element": {
  "design_fields": 26.0,
  "moduli": 4.0,
  "state_u_fp64": 24.2,
  "fixed_mask_and_load": 1.0,
  "pcg_workspace": 72.6,
  "cast_buffers": 24.2,
  "mg_level_vectors": 20.2,
  "mg_stored_matrices": 21.4,
  "mg_coarse_inverse": 0.2,
  "mg_tables": 0.7,
  "total_accounted": 194.5
 },
 "n_elem": 65536000,
 "pool_used_bytes": 12679563264,
 "pool_reserved_bytes": 16301635072
}
peak pool used GiB 11.80876350402832 device GiB 16.73388671875 spilled False
