it   1 c=4.670612e-01 vol=0.28644 mnd=0.818 drho=nan p=1.5 b=1.0 solve 2.25s (setup 0.82) it=10 outer=5 res=1.02e-06 iter 2.51s
it   2 c=2.856276e-01 vol=0.30000 mnd=0.772 drho=2.136e-01 p=1.5 b=1.0 solve 1.62s (setup 0.12) it=10 outer=5 res=2.21e-06 iter 1.96s
{
 "design_fields": 1703936000,
 "moduli": 262144000,
 "residual_kernel_tables": 35100,
 "state_u_fp64": 1585182744,
 "fixed_mask_and_load": 66066705,
 "ir_workspace": 3170365488,
 "mg_level_vectors": 1325813562,
 "mg_stored_matrices": 1404300000,
 "mg_coarse_inverse": 11290752,
 "mg_tables": 44964864,
 "total_accounted": 9574099215,
 "per_element": {
  "design_fields": 26.0,
  "moduli": 4.0,
  "residual_kernel_tables": 0.0,
  "state_u_fp64": 24.2,
  "fixed_mask_and_load": 1.0,
  "ir_workspace": 48.4,
  "mg_level_vectors": 20.2,
  "mg_stored_matrices": 21.4,
  "mg_coarse_inverse": 0.2,
  "mg_tables": 0.7,
  "total_accounted": 146.1
 },
 "n_elem": 65536000,
 "pool_used_bytes": 9509235712,
 "pool_reserved_bytes": 11189703168
}
peak pool used GiB 8.856165885925293 device GiB 11.97216796875 spilled False
