it   1 c=3.905224e-01 vol=0.28644 mnd=0.818 drho=nan p=1.5 b=1.0 solve 3.50s (setup 1.03) it=10 outer=5 res=1.18e-06 iter 3.92s
it   2 c=2.385831e-01 vol=0.30000 mnd=0.772 drho=2.136e-01 p=1.5 b=1.0 solve 2.34s (setup 0.17) it=9 outer=4 res=7.74e-06 iter 2.94s
{
 "design_fields": 2944401408,
 "moduli": 452984832,
 "residual_kernel_tables": 47196,
 "state_u_fp64": 2735640600,
 "fixed_mask_and_load": 114009361,
 "ir_workspace": 5471281200,
 "mg_level_vectors": 2286639439,
 "mg_stored_matrices": 2426630400,
 "mg_coarse_inverse": 29215368,
 "mg_tables": 44964864,
 "total_accounted": 16505814668,
 "per_element": {
  "design_fields": 26.0,
  "moduli": 4.0,
  "residual_kernel_tables": 0.0,
  "state_u_fp64": 24.2,
  "fixed_mask_and_load": 1.0,
  "ir_workspace": 48.3,
  "mg_level_vectors": 20.2,
  "mg_stored_matrices": 21.4,
  "mg_coarse_inverse": 0.3,
  "mg_tables": 0.4,
  "total_accounted": 145.8
 },
 "n_elem": 113246208,
 "pool_used_bytes": 16393853440,
 "pool_reserved_bytes": 19317016576
}
peak pool used GiB 15.26796579360962 device GiB 20.089923858642578 spilled False
