it   1 c=9.284692e-01 vol=0.28644 mnd=0.818 drho=nan p=1.5 b=1.0 solve 0.78s (setup 0.56) it=8 outer=- res=6.15e-06 iter 0.93s
it   2 c=5.688355e-01 vol=0.30000 mnd=0.772 drho=2.136e-01 p=1.5 b=1.0 solve 0.22s (setup 0.01) it=8 outer=- res=9.88e-06 iter 0.26s
{
 "design_fields": 212992000,
 "moduli": 32768000,
 "state_u_fp64": 199695384,
 "fixed_mask_and_load": 8325265,
 "pcg_workspace": 599086152,
 "cast_buffers": 199695384,
 "mg_level_vectors": 167629833,
 "mg_stored_matrices": 175500000,
 "mg_coarse_inverse": 11290752,
 "mg_tables": 44964864,
 "total_accounted": 1651947634,
 "per_element": {
  "design_fields": 26.0,
  "moduli": 4.0,
  "state_u_fp64": 24.4,
  "fixed_mask_and_load": 1.0,
  "pcg_workspace": 73.1,
  "cast_buffers": 24.4,
  "mg_level_vectors": 20.5,
  "mg_stored_matrices": 21.4,
  "mg_coarse_inverse": 1.4,
  "mg_tables": 5.5,
  "total_accounted": 201.7
 },
 "n_elem": 8192000,
 "pool_used_bytes": 1644807168,
 "pool_reserved_bytes": 2045338112
}
peak pool used GiB 1.531846046447754 device GiB 3.46826171875 spilled False
