it   1 c=1.836999e+00 vol=0.28644 mnd=0.818 drho=nan p=1.5 b=1.0 solve 0.32s (setup 0.18) it=8 outer=4 res=9.68e-06 iter 0.35s
it   2 c=1.129218e+00 vol=0.30000 mnd=0.772 drho=2.136e-01 p=1.5 b=1.0 solve 0.06s (setup 0.01) it=10 outer=5 res=9.33e-07 iter 0.07s
it   3 c=9.288414e-01 vol=0.30000 mnd=0.716 drho=2.136e-01 p=1.5 b=1.0 solve 0.06s (setup 0.01) it=10 outer=5 res=1.46e-06 iter 0.06s
it   4 c=8.282987e-01 vol=0.30000 mnd=0.646 drho=2.157e-01 p=1.5 b=1.0 solve 0.05s (setup 0.01) it=9 outer=4 res=3.08e-06 iter 0.06s
it   5 c=7.815499e-01 vol=0.30000 mnd=0.596 drho=2.159e-01 p=1.5 b=1.0 solve 0.05s (setup 0.01) it=10 outer=4 res=1.15e-06 iter 0.06s
it   6 c=7.630664e-01 vol=0.30000 mnd=0.570 drho=2.157e-01 p=1.5 b=1.0 solve 0.06s (setup 0.02) it=8 outer=3 res=7.07e-06 iter 0.06s
it   7 c=7.493333e-01 vol=0.30000 mnd=0.546 drho=2.155e-01 p=1.5 b=1.0 solve 0.04s (setup 0.01) it=8 outer=3 res=7.87e-06 iter 0.05s
it   8 c=7.377054e-01 vol=0.30000 mnd=0.524 drho=2.025e-01 p=1.5 b=1.0 solve 0.04s (setup 0.01) it=8 outer=3 res=6.52e-06 iter 0.05s
it   9 c=7.271402e-01 vol=0.30000 mnd=0.502 drho=1.312e-01 p=1.5 b=1.0 solve 0.04s (setup 0.01) it=8 outer=3 res=6.65e-06 iter 0.05s
it  10 c=7.172039e-01 vol=0.30000 mnd=0.481 drho=1.145e-01 p=1.5 b=1.0 solve 0.04s (setup 0.01) it=8 outer=3 res=7.55e-06 iter 0.05s
it  11 c=7.076227e-01 vol=0.30000 mnd=0.461 drho=1.174e-01 p=1.5 b=1.0 solve 0.07s (setup 0.03) it=11 outer=4 res=4.97e-07 iter 0.08s
it  12 c=6.982439e-01 vol=0.30000 mnd=0.441 drho=1.164e-01 p=1.5 b=1.0 solve 0.05s (setup 0.01) it=9 outer=3 res=2.82e-06 iter 0.06s
it  13 c=6.889939e-01 vol=0.30000 mnd=0.420 drho=1.095e-01 p=1.5 b=1.0 solve 0.05s (setup 0.01) it=9 outer=3 res=4.32e-06 iter 0.06s
it  14 c=6.799007e-01 vol=0.30000 mnd=0.398 drho=1.075e-01 p=1.5 b=1.0 solve 0.05s (setup 0.01) it=9 outer=3 res=5.65e-06 iter 0.05s
it  15 c=6.710661e-01 vol=0.30000 mnd=0.376 drho=1.081e-01 p=1.5 b=1.0 solve 0.05s (setup 0.01) it=9 outer=3 res=6.31e-06 iter 0.05s
it  16 c=1.418303e+00 vol=0.27255 mnd=0.251 drho=2.783e-01 p=3.5 b=4.0 solve 0.09s (setup 0.02) it=18 outer=4 res=7.99e-06 iter 0.10s
it  17 c=7.598479e-01 vol=0.30000 mnd=0.188 drho=3.024e-01 p=3.5 b=4.0 solve 0.11s (setup 0.01) it=24 outer=5 res=6.17e-07 iter 0.11s
it  18 c=6.719515e-01 vol=0.30000 mnd=0.113 drho=3.024e-01 p=3.5 b=4.0 solve 0.07s (setup 0.01) it=16 outer=4 res=8.66e-06 iter 0.08s
it  19 c=6.276802e-01 vol=0.30000 mnd=0.060 drho=2.829e-01 p=3.5 b=4.0 solve 0.06s (setup 0.01) it=13 outer=4 res=5.86e-06 iter 0.07s
it  20 c=6.090930e-01 vol=0.30000 mnd=0.033 drho=2.420e-01 p=3.5 b=4.0 solve 0.08s (setup 0.01) it=15 outer=4 res=2.39e-06 iter 0.08s
it  21 c=6.022343e-01 vol=0.30000 mnd=0.022 drho=2.376e-01 p=3.5 b=4.0 solve 0.32s (setup 0.10) it=15 outer=4 res=1.78e-06 iter 0.33s
it  22 c=5.993682e-01 vol=0.30000 mnd=0.018 drho=2.419e-01 p=3.5 b=4.0 solve 0.08s (setup 0.01) it=15 outer=4 res=1.23e-06 iter 0.08s
it  23 c=5.977979e-01 vol=0.30000 mnd=0.016 drho=2.340e-01 p=3.5 b=4.0 solve 0.08s (setup 0.01) it=14 outer=4 res=1.81e-06 iter 0.08s
it  24 c=5.967809e-01 vol=0.30000 mnd=0.015 drho=1.959e-01 p=3.5 b=4.0 solve 0.07s (setup 0.01) it=13 outer=4 res=1.15e-06 iter 0.07s
it  25 c=5.960769e-01 vol=0.30000 mnd=0.014 drho=1.909e-01 p=3.5 b=4.0 solve 0.05s (setup 0.01) it=9 outer=3 res=9.00e-06 iter 0.05s
it  26 c=5.955642e-01 vol=0.30000 mnd=0.014 drho=1.911e-01 p=3.5 b=4.0 solve 0.08s (setup 0.02) it=14 outer=4 res=1.21e-06 iter 0.09s
it  27 c=5.951550e-01 vol=0.30000 mnd=0.014 drho=1.893e-01 p=3.5 b=4.0 solve 0.07s (setup 0.01) it=14 outer=4 res=1.11e-06 iter 0.08s
it  28 c=5.948081e-01 vol=0.30000 mnd=0.013 drho=1.855e-01 p=3.5 b=4.0 solve 0.07s (setup 0.01) it=14 outer=4 res=1.14e-06 iter 0.08s
it  29 c=5.945143e-01 vol=0.30000 mnd=0.013 drho=1.831e-01 p=3.5 b=4.0 solve 0.07s (setup 0.01) it=14 outer=4 res=8.39e-07 iter 0.08s
it  30 c=5.942708e-01 vol=0.30000 mnd=0.013 drho=1.819e-01 p=3.5 b=4.0 solve 0.05s (setup 0.01) it=9 outer=3 res=8.63e-06 iter 0.06s
it  31 c=5.940611e-01 vol=0.30000 mnd=0.013 drho=1.777e-01 p=3.5 b=4.0 solve 0.19s (setup 0.08) it=9 outer=3 res=9.12e-06 iter 0.21s
it  32 c=5.938714e-01 vol=0.30000 mnd=0.013 drho=1.834e-01 p=3.5 b=4.0 solve 0.05s (setup 0.01) it=9 outer=3 res=9.14e-06 iter 0.06s
it  33 c=5.937059e-01 vol=0.30000 mnd=0.013 drho=1.832e-01 p=3.5 b=4.0 solve 0.05s (setup 0.01) it=9 outer=3 res=7.07e-06 iter 0.06s
it  34 c=5.935499e-01 vol=0.30000 mnd=0.013 drho=2.010e-01 p=3.5 b=4.0 solve 0.05s (setup 0.01) it=9 outer=3 res=3.05e-06 iter 0.06s
it  35 c=5.934011e-01 vol=0.30000 mnd=0.013 drho=2.020e-01 p=3.5 b=4.0 solve 0.05s (setup 0.01) it=9 outer=3 res=2.97e-06 iter 0.05s
it  36 c=5.932606e-01 vol=0.30000 mnd=0.013 drho=1.987e-01 p=3.5 b=4.0 solve 0.06s (setup 0.02) it=9 outer=3 res=2.84e-06 iter 0.07s
it  37 c=5.931326e-01 vol=0.30000 mnd=0.013 drho=1.899e-01 p=3.5 b=4.0 solve 0.05s (setup 0.01) it=9 outer=3 res=2.79e-06 iter 0.05s
it  38 c=5.930120e-01 vol=0.30000 mnd=0.013 drho=1.849e-01 p=3.5 b=4.0 solve 0.05s (setup 0.01) it=9 outer=3 res=3.11e-06 iter 0.06s
it  39 c=5.928979e-01 vol=0.30000 mnd=0.013 drho=1.831e-01 p=3.5 b=4.0 solve 0.05s (setup 0.01) it=9 outer=3 res=3.47e-06 iter 0.05s
it  40 c=5.927881e-01 vol=0.30000 mnd=0.013 drho=1.814e-01 p=3.5 b=4.0 solve 0.06s (setup 0.01) it=12 outer=4 res=7.21e-07 iter 0.07s
it  41 c=5.854001e-01 vol=0.29977 mnd=0.000 drho=4.571e-01 p=4.5 b=16.0 solve 0.31s (setup 0.10) it=15 outer=4 res=1.63e-06 iter 0.33s
it  42 c=5.851525e-01 vol=0.29996 mnd=0.000 drho=4.884e-01 p=4.5 b=16.0 solve 0.08s (setup 0.03) it=11 outer=4 res=1.07e-06 iter 0.09s
it  43 c=5.849306e-01 vol=0.30000 mnd=0.000 drho=4.310e-01 p=4.5 b=16.0 solve 0.06s (setup 0.01) it=11 outer=4 res=2.05e-06 iter 0.07s
it  44 c=5.848334e-01 vol=0.30000 mnd=0.000 drho=3.242e-01 p=4.5 b=16.0 solve 0.06s (setup 0.01) it=11 outer=4 res=1.42e-06 iter 0.07s
it  45 c=5.848001e-01 vol=0.30000 mnd=0.000 drho=4.707e-01 p=4.5 b=16.0 solve 0.06s (setup 0.01) it=11 outer=4 res=4.80e-07 iter 0.06s
it  46 c=5.847870e-01 vol=0.30000 mnd=0.000 drho=4.535e-01 p=4.5 b=16.0 solve 0.05s (setup 0.02) it=7 outer=3 res=2.27e-06 iter 0.06s
it  47 c=5.847817e-01 vol=0.30000 mnd=0.000 drho=1.770e-01 p=4.5 b=16.0 solve 0.04s (setup 0.01) it=7 outer=3 res=8.71e-07 iter 0.05s
it  48 c=5.847801e-01 vol=0.30000 mnd=0.000 drho=1.930e-02 p=4.5 b=16.0 solve 0.03s (setup 0.01) it=4 outer=2 res=6.35e-06 iter 0.03s
it  49 c=5.847790e-01 vol=0.30000 mnd=0.000 drho=1.312e-02 p=4.5 b=16.0 solve 0.03s (setup 0.01) it=4 outer=2 res=4.50e-06 iter 0.03s
it  50 c=5.847786e-01 vol=0.30000 mnd=0.000 drho=1.174e-02 p=4.5 b=16.0 solve 0.03s (setup 0.01) it=4 outer=2 res=3.40e-06 iter 0.04s
it  51 c=5.847782e-01 vol=0.30000 mnd=0.000 drho=1.010e-02 p=4.5 b=16.0 solve 0.16s (setup 0.08) it=4 outer=2 res=2.85e-06 iter 0.17s
it  52 c=5.847780e-01 vol=0.30000 mnd=0.000 drho=3.188e-02 p=4.5 b=16.0 solve 0.06s (setup 0.03) it=4 outer=2 res=4.43e-06 iter 0.06s
it  53 c=5.847779e-01 vol=0.30000 mnd=0.000 drho=2.668e-02 p=4.5 b=16.0 solve 0.03s (setup 0.01) it=4 outer=2 res=3.63e-06 iter 0.04s
it  54 c=5.847777e-01 vol=0.30000 mnd=0.000 drho=6.998e-02 p=4.5 b=16.0 solve 0.03s (setup 0.01) it=4 outer=2 res=6.58e-06 iter 0.04s
it  55 c=5.847774e-01 vol=0.30000 mnd=0.000 drho=1.913e-01 p=4.5 b=16.0 solve 0.05s (setup 0.01) it=7 outer=3 res=2.60e-07 iter 0.05s
it  56 c=5.847761e-01 vol=0.30000 mnd=0.000 drho=4.204e-01 p=4.5 b=16.0 solve 0.06s (setup 0.03) it=6 outer=3 res=1.75e-06 iter 0.07s
it  57 c=5.847759e-01 vol=0.30000 mnd=0.000 drho=1.194e-01 p=4.5 b=16.0 solve 0.03s (setup 0.01) it=4 outer=2 res=3.60e-06 iter 0.04s
it  58 c=5.847758e-01 vol=0.30000 mnd=0.000 drho=9.498e-03 p=4.5 b=16.0 solve 0.03s (setup 0.01) it=4 outer=2 res=1.39e-06 iter 0.04s
it  59 c=5.847758e-01 vol=0.30000 mnd=0.000 drho=4.364e-03 p=4.5 b=16.0 solve 0.02s (setup 0.01) it=2 outer=1 res=7.38e-06 iter 0.03s
it  60 c=5.847758e-01 vol=0.30000 mnd=0.000 drho=2.175e-03 p=4.5 b=16.0 solve 0.02s (setup 0.01) it=2 outer=1 res=6.22e-06 iter 0.03s
it  61 c=5.847758e-01 vol=0.30000 mnd=0.000 drho=2.175e-03 p=4.5 b=16.0 solve 0.15s (setup 0.10) it=2 outer=1 res=6.28e-06 iter 0.17s
it  62 c=5.847758e-01 vol=0.30000 mnd=0.000 drho=2.175e-03 p=4.5 b=16.0 solve 0.10s (setup 0.05) it=2 outer=1 res=6.13e-06 iter 0.12s
it  63 c=5.847758e-01 vol=0.30000 mnd=0.000 drho=2.175e-03 p=4.5 b=16.0 solve 0.03s (setup 0.02) it=2 outer=1 res=6.11e-06 iter 0.04s
it  64 c=5.847758e-01 vol=0.30000 mnd=0.000 drho=2.175e-03 p=4.5 b=16.0 solve 0.02s (setup 0.01) it=2 outer=1 res=6.03e-06 iter 0.03s
it  65 c=5.847758e-01 vol=0.30000 mnd=0.000 drho=2.175e-03 p=4.5 b=16.0 solve 0.02s (setup 0.01) it=2 outer=1 res=6.05e-06 iter 0.03s
it  66 c=5.847659e-01 vol=0.30000 mnd=0.000 drho=4.336e-03 p=4.5 b=32.0 solve 0.05s (setup 0.02) it=5 outer=2 res=1.12e-06 iter 0.06s
it  67 c=5.847659e-01 vol=0.30000 mnd=0.000 drho=4.590e-05 p=4.5 b=32.0 solve 0.01s (setup 0.01) it=0 outer=0 res=1.09e-06 iter 0.02s
it  68 c=5.847659e-01 vol=0.30000 mnd=0.000 drho=6.731e-04 p=4.5 b=32.0 solve 0.02s (setup 0.02) it=0 outer=0 res=1.09e-06 iter 0.03s
it  69 c=5.847659e-01 vol=0.30000 mnd=0.000 drho=8.952e-03 p=4.5 b=32.0 solve 0.01s (setup 0.01) it=0 outer=0 res=1.09e-06 iter 0.02s
it  70 c=5.847659e-01 vol=0.30002 mnd=0.000 drho=9.231e-02 p=4.5 b=32.0 solve 0.01s (setup 0.01) it=0 outer=0 res=1.56e-06 iter 0.02s
it  71 c=5.847633e-01 vol=0.30024 mnd=0.001 drho=4.311e-01 p=4.5 b=32.0 solve 0.24s (setup 0.09) it=10 outer=3 res=6.66e-07 iter 0.25s
it  72 c=5.847659e-01 vol=0.30001 mnd=0.000 drho=4.691e-01 p=4.5 b=32.0 solve 0.04s (setup 0.01) it=7 outer=2 res=5.81e-06 iter 0.05s
it  73 c=5.847657e-01 vol=0.30000 mnd=0.000 drho=3.001e-01 p=4.5 b=32.0 solve 0.03s (setup 0.01) it=5 outer=2 res=2.11e-06 iter 0.04s
it  74 c=5.847651e-01 vol=0.30000 mnd=0.000 drho=3.184e-01 p=4.5 b=32.0 solve 0.05s (setup 0.01) it=9 outer=3 res=8.81e-07 iter 0.06s
it  75 c=5.847634e-01 vol=0.30000 mnd=0.000 drho=3.213e-01 p=4.5 b=32.0 solve 0.05s (setup 0.01) it=9 outer=3 res=1.81e-06 iter 0.06s
it  76 c=5.847624e-01 vol=0.30000 mnd=0.000 drho=1.675e-01 p=4.5 b=32.0 solve 0.07s (setup 0.03) it=9 outer=3 res=9.02e-07 iter 0.07s
it  77 c=5.847623e-01 vol=0.30000 mnd=0.000 drho=2.275e-02 p=4.5 b=32.0 solve 0.03s (setup 0.01) it=5 outer=2 res=2.81e-06 iter 0.04s
simp_cantilever_k80_mg_ir_stencil_rholb1e-3: status=ok valid=True c=0.5847622727040374 it=77 wall=27.0s
