2026-10-09T10:29:03-07:00 START E31_cg
2026-10-09T10:29:53-07:00 END E31_cg rc=0
2026-10-09T10:29:53-07:00 START E31_ir
2026-10-09T10:31:21-07:00 END E31_ir rc=0
2026-10-09T10:31:21-07:00 START E29_E8_k320_elem_ref
2026-10-09T10:31:41-07:00 END E29_E8_k320_elem_ref rc=0
2026-10-09T10:31:41-07:00 START E29_E8_k320_elem_mean
2026-10-09T10:32:01-07:00 END E29_E8_k320_elem_mean rc=0
2026-10-09T10:32:01-07:00 START E30_audit_cantilever_mg64
2026-10-09T10:33:00-07:00 END E30_audit_cantilever_mg64 rc=0
2026-10-09T10:33:00-07:00 START E30_audit_cantilever_mg_ir
2026-10-09T10:33:54-07:00 END E30_audit_cantilever_mg_ir rc=0
2026-10-09T10:33:54-07:00 START E30_audit_bridge_mg64
2026-10-09T10:41:28-07:00 END E30_audit_bridge_mg64 rc=0
2026-10-09T10:41:28-07:00 START E30_audit_bridge_mg_ir
2026-10-09T10:48:38-07:00 END E30_audit_bridge_mg_ir rc=0
2026-10-09T10:48:38-07:00 START E30_audit_torsion_mg64
2026-10-09T10:49:38-07:00 END E30_audit_torsion_mg64 rc=0
2026-10-09T10:49:38-07:00 START E30_audit_torsion_mg_ir
2026-10-09T10:50:34-07:00 END E30_audit_torsion_mg_ir rc=0
2026-10-09T10:50:34-07:00 START E30_tol_cantilever_1e-3
2026-10-09T10:51:03-07:00 END E30_tol_cantilever_1e-3 rc=0
2026-10-09T10:51:03-07:00 START E30_tol_cantilever_1e-4
2026-10-09T10:51:33-07:00 END E30_tol_cantilever_1e-4 rc=0
2026-10-09T10:51:33-07:00 START E30_tol_cantilever_1e-5
2026-10-09T10:52:04-07:00 END E30_tol_cantilever_1e-5 rc=0
2026-10-09T10:52:04-07:00 START E30_tol_cantilever_1e-6
2026-10-09T10:52:36-07:00 END E30_tol_cantilever_1e-6 rc=0
2026-10-09T10:52:36-07:00 START E30_tol_bridge_1e-3
2026-10-09T10:53:08-07:00 END E30_tol_bridge_1e-3 rc=0
2026-10-09T10:53:08-07:00 START E30_tol_bridge_1e-4
2026-10-09T10:53:41-07:00 END E30_tol_bridge_1e-4 rc=0
2026-10-09T10:53:41-07:00 START E30_tol_bridge_1e-5
2026-10-09T10:54:20-07:00 END E30_tol_bridge_1e-5 rc=0
2026-10-09T10:54:20-07:00 START E30_tol_bridge_1e-6
2026-10-09T10:55:01-07:00 END E30_tol_bridge_1e-6 rc=0
2026-10-09T10:55:01-07:00 START E30_tol_torsion_1e-3
2026-10-09T10:55:31-07:00 END E30_tol_torsion_1e-3 rc=0
2026-10-09T10:55:31-07:00 START E30_tol_torsion_1e-4
2026-10-09T10:56:01-07:00 END E30_tol_torsion_1e-4 rc=0
2026-10-09T10:56:01-07:00 START E30_tol_torsion_1e-5
2026-10-09T10:56:32-07:00 END E30_tol_torsion_1e-5 rc=0
2026-10-09T10:56:32-07:00 START E30_tol_torsion_1e-6
2026-10-09T10:57:04-07:00 END E30_tol_torsion_1e-6 rc=0
2026-10-09T10:57:04-07:00 QUEUE DONE
