2026-10-09T10:57:08-07:00 START E30_dump
2026-10-09T11:04:33-07:00 END E30_dump rc=0
2026-10-09T11:04:34-07:00 START E32_op_k320
2026-10-09T11:04:56-07:00 END E32_op_k320 rc=0
2026-10-09T11:04:56-07:00 START E32_swap_elem_atomic_r1
2026-10-09T11:08:16-07:00 END E32_swap_elem_atomic_r1 rc=0
2026-10-09T11:08:16-07:00 START E32_swap_stencil_r1
2026-10-09T11:11:12-07:00 END E32_swap_stencil_r1 rc=0
2026-10-09T11:11:12-07:00 START E32_swap_stencil_diff_r1
2026-10-09T11:14:05-07:00 END E32_swap_stencil_diff_r1 rc=0
2026-10-09T11:14:05-07:00 START E32_swap_stencil_diff_r2
2026-10-09T11:16:59-07:00 END E32_swap_stencil_diff_r2 rc=0
2026-10-09T11:16:59-07:00 START E32_swap_elem_atomic_r2
2026-10-09T11:20:20-07:00 END E32_swap_elem_atomic_r2 rc=0
2026-10-09T11:20:20-07:00 START E32_swap_stencil_r2
2026-10-09T11:23:16-07:00 END E32_swap_stencil_r2 rc=0
2026-10-09T11:23:16-07:00 START E32_swap_stencil_r3
2026-10-09T11:26:12-07:00 END E32_swap_stencil_r3 rc=0
2026-10-09T11:26:12-07:00 START E32_swap_stencil_diff_r3
2026-10-09T11:29:08-07:00 END E32_swap_stencil_diff_r3 rc=0
2026-10-09T11:29:09-07:00 START E32_swap_elem_atomic_r3
2026-10-09T11:32:29-07:00 END E32_swap_elem_atomic_r3 rc=0
2026-10-09T11:32:29-07:00 START E32_torsion_k320
2026-10-09T11:35:52-07:00 END E32_torsion_k320 rc=0
2026-10-09T11:35:52-07:00 START E32_bridge_k320
2026-10-09T11:44:14-07:00 END E32_bridge_k320 rc=0
2026-10-09T11:44:14-07:00 START E32_cantilever_k384
2026-10-09T11:48:09-07:00 END E32_cantilever_k384 rc=0
2026-10-09T11:48:09-07:00 START E32_torsion_k384
2026-10-09T11:52:40-07:00 END E32_torsion_k384 rc=0
2026-10-09T11:52:40-07:00 START E32_bridge_k384
2026-10-09T12:07:26-07:00 END E32_bridge_k384 rc=0
2026-10-09T12:07:26-07:00 START E32_cantilever_k80_mg64
2026-10-09T12:07:57-07:00 END E32_cantilever_k80_mg64 rc=0
2026-10-09T12:07:57-07:00 START E32_cantilever_k80_mg_ir
2026-10-09T12:08:27-07:00 END E32_cantilever_k80_mg_ir rc=0
2026-10-09T12:08:27-07:00 START E32_bridge_k80_mg64
2026-10-09T12:09:05-07:00 END E32_bridge_k80_mg64 rc=0
2026-10-09T12:09:05-07:00 START E32_bridge_k80_mg_ir
2026-10-09T12:09:44-07:00 END E32_bridge_k80_mg_ir rc=0
2026-10-09T12:09:44-07:00 START E32_torsion_k80_mg64
2026-10-09T12:10:15-07:00 END E32_torsion_k80_mg64 rc=0
2026-10-09T12:10:15-07:00 START E32_torsion_k80_mg_ir
2026-10-09T12:10:45-07:00 END E32_torsion_k80_mg_ir rc=0
2026-10-09T12:10:45-07:00 START E32_cantilever_k160_mg64
2026-10-09T12:11:31-07:00 END E32_cantilever_k160_mg64 rc=0
2026-10-09T12:11:32-07:00 START E32_cantilever_k160_mg_ir
2026-10-09T12:12:15-07:00 END E32_cantilever_k160_mg_ir rc=0
2026-10-09T12:12:15-07:00 START E32_bridge_k160_mg64
2026-10-09T12:14:22-07:00 END E32_bridge_k160_mg64 rc=0
2026-10-09T12:14:22-07:00 START E32_bridge_k160_mg_ir
2026-10-09T12:16:11-07:00 END E32_bridge_k160_mg_ir rc=0
2026-10-09T12:16:11-07:00 START E32_torsion_k160_mg64
2026-10-09T12:16:58-07:00 END E32_torsion_k160_mg64 rc=0
2026-10-09T12:16:58-07:00 START E32_torsion_k160_mg_ir
2026-10-09T12:17:42-07:00 END E32_torsion_k160_mg_ir rc=0
2026-10-09T12:17:42-07:00 QUEUE DONE
