2026-10-04T11:47:17 E2_k32_fp32 rc=0 22s
2026-10-04T11:47:40 E2_k32_fp64 rc=0 22s
2026-10-04T11:48:03 E2_k48_fp32 rc=0 23s
2026-10-04T11:48:29 E2_k48_fp64 rc=0 26s
2026-10-04T11:48:53 E2_k64_fp32 rc=0 24s
2026-10-04T11:49:17 E2_k64_fp64 rc=0 24s
2026-10-04T11:49:40 E2_k80_fp32 rc=0 23s
2026-10-04T11:50:04 E2_k80_fp64 rc=0 24s
2026-10-04T11:50:28 E2_k100_fp32 rc=0 24s
2026-10-04T11:50:53 E2_k100_fp64 rc=0 25s
2026-10-04T11:51:17 E2_k128_fp32 rc=0 24s
2026-10-04T11:51:42 E2_k128_fp64 rc=0 25s
2026-10-04T11:52:08 E2_k160_fp32 rc=0 25s
2026-10-04T11:52:33 E2_k160_fp64 rc=0 25s
2026-10-04T11:52:58 E2_k200_fp32 rc=0 25s
2026-10-04T11:53:24 E2_k200_fp64 rc=0 26s
2026-10-04T11:53:44 E2_k256_fp32 rc=0 20s
2026-10-04T11:54:10 E2_k256_fp64 rc=0 26s
2026-10-04T11:54:31 E2_k320_fp32 rc=0 21s
2026-10-04T11:55:06 E2_k320_fp64 rc=0 35s
2026-10-04T11:55:28 E2_k400_fp32 rc=0 22s
2026-10-04T11:56:18 E2_k400_fp64 rc=0 50s
2026-10-04T11:56:44 E2_k512_fp32 rc=0 26s
2026-10-04T11:58:12 E2_k512_fp64 rc=0 88s
2026-10-04T12:14:04 E6_simp_cantilever_k80_mg_ir_stencil rc=0 32s
2026-10-04T12:14:36 E6_simp_cantilever_k80_mg64_stencil rc=0 33s
2026-10-04T12:15:26 E6_simp_cantilever_k80_jacobi_ir_stencil rc=0 50s
2026-10-04T12:19:32 E6_simp_cantilever_k80_mg_ir_stencil rc=0 30s
2026-10-04T12:20:03 E6_simp_cantilever_k80_mg64_stencil rc=0 31s
2026-10-04T12:20:52 E6_simp_cantilever_k80_jacobi_ir_stencil rc=0 49s
2026-10-04T12:22:32 E6_simp_cantilever_k80_jacobi64_stencil rc=0 100s
2026-10-04T12:23:09 E6_simp_bridge_k80_mg_ir_stencil rc=0 37s
2026-10-04T12:23:47 E6_simp_bridge_k80_mg64_stencil rc=0 38s
2026-10-04T12:25:33 E6_simp_bridge_k80_jacobi_ir_stencil rc=0 106s
2026-10-04T12:38:46 E6_simp_cantilever_k80_mg_ir_stencil rc=0 31s
2026-10-04T12:39:17 E6_simp_cantilever_k80_mg64_stencil rc=0 31s
2026-10-04T12:40:05 E6_simp_cantilever_k80_jacobi_ir_stencil rc=0 49s
2026-10-04T12:41:50 E6_simp_cantilever_k80_jacobi64_stencil rc=0 104s
2026-10-04T12:42:29 E6_simp_bridge_k80_mg_ir_stencil rc=0 39s
2026-10-04T12:43:08 E6_simp_bridge_k80_mg64_stencil rc=0 39s
2026-10-04T12:44:54 E6_simp_bridge_k80_jacobi_ir_stencil rc=0 107s
2026-10-04T12:49:24 E6_simp_bridge_k80_jacobi64_stencil rc=0 270s
2026-10-04T12:49:56 E6_simp_torsion_k80_mg_ir_stencil rc=0 31s
2026-10-04T12:50:27 E6_simp_torsion_k80_mg64_stencil rc=0 31s
2026-10-04T12:51:17 E6_simp_torsion_k80_jacobi_ir_stencil rc=0 50s
2026-10-04T12:52:54 E6_simp_torsion_k80_jacobi64_stencil rc=0 97s
2026-10-04T12:53:24 E6_simp_cantilever_k80_mg_ir_spoke rc=0 31s
2026-10-04T12:53:55 E6_simp_cantilever_k80_mg_ir_node_hoist rc=0 31s
2026-10-04T12:54:26 E6_simp_cantilever_k80_mg_ir_node rc=0 31s
2026-10-04T12:54:57 E6_simp_cantilever_k80_mg_ir_elem_atomic rc=0 32s
2026-10-04T12:55:44 E6b_simp_cantilever_k160_mg_ir_stencil rc=0 47s
2026-10-04T12:56:34 E6b_simp_cantilever_k160_mg64_stencil rc=0 50s
2026-10-04T12:59:53 E6b_simp_bridge_k160_mg_ir_stencil rc=0 199s
2026-10-04T13:03:24 E6b_simp_bridge_k160_mg64_stencil rc=0 211s
2026-10-04T13:04:07 E6b_simp_torsion_k160_mg_ir_stencil rc=0 44s
2026-10-04T13:04:55 E6b_simp_torsion_k160_mg64_stencil rc=0 48s
2026-10-04T13:13:01 E6b_simp_cantilever_k160_jacobi_ir_stencil rc=0 486s
2026-10-04T13:15:44 E7_simp_cantilever_k320_mg_ir_stencil rc=0 163s
2026-10-04T13:19:44 E7_simp_cantilever_k384_mg_ir_stencil rc=0 240s
2026-10-04T13:20:55 E7_simp_bridge_k320_mg_ir_stencil rc=1 71s
2026-10-04T13:26:30 E7_simp_torsion_k320_mg_ir_stencil rc=0 335s
2026-10-04T13:27:31 E8_k40_uniform rc=0 10s
2026-10-04T13:27:41 E8_k80_uniform rc=0 10s
2026-10-04T13:27:51 E8_k80_design rc=0 10s
2026-10-04T13:27:54 E8_k160_uniform rc=1 4s
2026-10-04T13:27:58 E8_k160_design rc=1 3s
2026-10-04T13:28:01 E8_k320_uniform rc=1 4s
2026-10-04T13:28:05 E8_k320_design rc=1 4s
2026-10-04T13:28:08 E4_k40 rc=1 4s
2026-10-04T13:28:12 E4_k80 rc=1 4s
2026-10-04T13:28:15 E4_k120 rc=1 4s
2026-10-04T13:28:30 E4_k160 rc=0 14s
2026-10-04T13:36:08 E6_simp_cantilever_k80_mg_ir_stencil rc=0 31s
2026-10-04T13:36:40 E6_simp_cantilever_k80_mg64_stencil rc=0 31s
2026-10-04T13:37:29 E6_simp_cantilever_k80_jacobi_ir_stencil rc=0 49s
2026-10-04T13:39:08 E6_simp_cantilever_k80_jacobi64_stencil rc=0 99s
2026-10-04T13:39:47 E6_simp_bridge_k80_mg_ir_stencil rc=0 39s
2026-10-04T13:40:26 E6_simp_bridge_k80_mg64_stencil rc=0 39s
2026-10-04T13:42:16 E6_simp_bridge_k80_jacobi_ir_stencil rc=0 109s
2026-10-04T13:46:51 E6_simp_bridge_k80_jacobi64_stencil rc=0 275s
2026-10-04T13:47:22 E6_simp_torsion_k80_mg_ir_stencil rc=0 31s
2026-10-04T13:47:53 E6_simp_torsion_k80_mg64_stencil rc=0 31s
2026-10-04T13:48:42 E6_simp_torsion_k80_jacobi_ir_stencil rc=0 49s
2026-10-04T13:50:24 E6_simp_torsion_k80_jacobi64_stencil rc=0 101s
2026-10-04T13:50:55 E6_simp_cantilever_k80_mg_ir_spoke rc=0 31s
2026-10-04T13:51:26 E6_simp_cantilever_k80_mg_ir_node_hoist rc=0 31s
2026-10-04T13:51:58 E6_simp_cantilever_k80_mg_ir_node rc=0 31s
2026-10-04T13:52:29 E6_simp_cantilever_k80_mg_ir_elem_atomic rc=0 32s
2026-10-04T13:53:13 E6b_simp_cantilever_k160_mg_ir_stencil rc=0 44s
2026-10-04T13:54:00 E6b_simp_cantilever_k160_mg64_stencil rc=0 47s
2026-10-04T13:57:20 E6b_simp_bridge_k160_mg_ir_stencil rc=0 200s
2026-10-04T13:59:29 E6b_simp_bridge_k160_mg64_stencil rc=0 129s
2026-10-04T14:00:13 E6b_simp_torsion_k160_mg_ir_stencil rc=0 44s
2026-10-04T14:01:01 E6b_simp_torsion_k160_mg64_stencil rc=0 48s
2026-10-04T14:09:05 E6b_simp_cantilever_k160_jacobi_ir_stencil rc=0 484s
2026-10-04T14:09:20 E7mem_k160_mg_ir rc=0 15s
2026-10-04T14:09:42 E7mem_k320_mg_ir rc=0 22s
2026-10-04T14:10:08 E7mem_k384_mg_ir rc=0 26s
2026-10-04T14:10:23 E7mem_k160_mg64 rc=0 15s
2026-10-04T14:10:46 E7mem_k320_mg64 rc=0 23s
2026-10-04T14:10:52 E7mem_k384_mg64 rc=0 6s
2026-10-04T14:13:50 E7_simp_cantilever_k320_mg64_stencil rc=0 178s
2026-10-04T14:16:24 E7_simp_cantilever_k320_mg_ir_stencil rc=0 154s
2026-10-04T14:24:02 E7_simp_bridge_k320_mg64_stencil rc=0 458s
2026-10-04T14:25:08 E7_simp_bridge_k320_mg_ir_stencil rc=1 65s
2026-10-04T14:28:14 E7_simp_torsion_k320_mg64_stencil rc=0 186s
2026-10-04T14:30:54 E7_simp_torsion_k320_mg_ir_stencil rc=0 160s
2026-10-04T14:34:34 E7_simp_cantilever_k384_mg_ir_stencil rc=0 220s
2026-10-04T14:37:54 E7_simp_cantilever_k320_mg64_elem_atomic rc=0 200s
2026-10-04T14:40:58 E7_simp_cantilever_k320_mg64_node rc=0 184s
2026-10-04T14:43:56 E7_simp_cantilever_k320_mg64_spoke rc=0 177s
2026-10-04T14:45:01 E8_k40_uniform rc=0 9s
2026-10-04T14:45:10 E8_k80_uniform rc=0 10s
2026-10-04T14:45:20 E8_k80_design rc=0 10s
2026-10-04T14:45:42 E8_k160_uniform rc=0 22s
2026-10-04T14:46:02 E8_k160_design rc=0 20s
2026-10-04T14:49:26 E8_k320_uniform rc=0 204s
2026-10-04T14:52:08 E8_k320_design rc=0 162s
2026-10-04T14:52:22 E4_k40 rc=0 14s
2026-10-04T14:52:37 E4_k80 rc=0 14s
2026-10-04T14:58:46 E5_cantilever_216k rc=0 17s
2026-10-04T14:59:01 E5_bridge_216k rc=0 15s
2026-10-04T14:59:14 E5_doubleclamp_216k rc=0 13s
2026-10-04T14:59:58 E5_torsion_500k rc=0 44s
2026-10-04T15:00:32 E5_cantilever_1m rc=0 34s
2026-10-04T15:03:05 E5_cantilever_1m_vf01 rc=0 153s
2026-10-04T15:03:44 E5_cantilever_corner_1m_vf01 rc=0 39s
2026-10-04T15:04:03 E5_simp_cantilever_k80_mg_ir_stencil rc=0 19s
2026-10-04T15:04:06 E5_simp_cantilever_k160_mg_ir_stencil rc=1 3s
2026-10-04T15:04:46 E5_simp_bridge_k80_mg_ir_stencil rc=0 40s
2026-10-04T15:07:28 E2_k32_fp32 rc=0 22s
2026-10-04T15:07:50 E2_k32_fp64 rc=0 22s
2026-10-04T15:08:12 E2_k48_fp32 rc=0 22s
2026-10-04T15:08:35 E2_k48_fp64 rc=0 23s
2026-10-04T15:08:57 E2_k64_fp32 rc=0 23s
2026-10-04T15:09:22 E2_k64_fp64 rc=0 25s
2026-10-04T15:09:44 E2_k80_fp32 rc=0 22s
2026-10-04T15:10:08 E2_k80_fp64 rc=0 24s
2026-10-04T15:10:32 E2_k100_fp32 rc=0 23s
2026-10-04T15:10:57 E2_k100_fp64 rc=0 25s
2026-10-04T15:11:22 E2_k128_fp32 rc=0 25s
2026-10-04T15:11:47 E2_k128_fp64 rc=0 25s
2026-10-04T15:12:11 E2_k160_fp32 rc=0 25s
2026-10-04T15:12:36 E2_k160_fp64 rc=0 25s
2026-10-04T15:13:01 E2_k200_fp32 rc=0 25s
2026-10-04T15:13:26 E2_k200_fp64 rc=0 25s
2026-10-04T15:13:47 E2_k256_fp32 rc=0 20s
2026-10-04T15:14:12 E2_k256_fp64 rc=0 25s
2026-10-04T15:14:32 E2_k320_fp32 rc=0 21s
2026-10-04T15:15:06 E2_k320_fp64 rc=0 33s
2026-10-04T15:15:27 E2_k400_fp32 rc=0 21s
2026-10-04T15:16:14 E2_k400_fp64 rc=0 47s
2026-10-04T15:16:39 E2_k512_fp32 rc=0 25s
2026-10-04T15:18:01 E2_k512_fp64 rc=0 82s
2026-10-04T15:18:23 E4_k40 rc=0 14s
2026-10-04T15:18:38 E4_k80 rc=0 14s
2026-10-04T15:26:02 E2_k32_fp32 rc=0 22s
2026-10-04T15:26:24 E2_k32_fp64 rc=0 22s
2026-10-04T15:26:46 E2_k48_fp32 rc=0 22s
2026-10-04T15:27:08 E2_k48_fp64 rc=0 22s
2026-10-04T15:27:30 E2_k64_fp32 rc=0 22s
2026-10-04T15:27:55 E2_k64_fp64 rc=0 25s
2026-10-04T15:28:17 E2_k80_fp32 rc=0 23s
2026-10-04T15:28:41 E2_k80_fp64 rc=0 24s
2026-10-04T15:29:07 E2_k100_fp32 rc=0 26s
2026-10-04T15:29:31 E2_k100_fp64 rc=0 24s
2026-10-04T15:29:55 E2_k128_fp32 rc=0 24s
2026-10-04T15:30:20 E2_k128_fp64 rc=0 25s
2026-10-04T15:30:45 E2_k160_fp32 rc=0 25s
2026-10-04T15:31:10 E2_k160_fp64 rc=0 25s
2026-10-04T15:31:34 E2_k200_fp32 rc=0 25s
2026-10-04T15:32:00 E2_k200_fp64 rc=0 25s
2026-10-04T15:32:20 E2_k256_fp32 rc=0 20s
2026-10-04T15:32:45 E2_k256_fp64 rc=0 25s
2026-10-04T15:33:06 E2_k320_fp32 rc=0 21s
2026-10-04T15:33:39 E2_k320_fp64 rc=0 33s
2026-10-04T15:34:00 E2_k400_fp32 rc=0 21s
2026-10-04T15:34:48 E2_k400_fp64 rc=0 48s
2026-10-04T15:35:13 E2_k512_fp32 rc=0 25s
2026-10-04T15:36:34 E2_k512_fp64 rc=0 82s
2026-10-04T15:37:14 E6_simp_cantilever_k80_mg_ir_stencil rc=0 31s
2026-10-04T15:37:45 E6_simp_cantilever_k80_mg64_stencil rc=0 31s
2026-10-04T15:38:31 E6_simp_cantilever_k80_jacobi_ir_stencil rc=0 47s
2026-10-04T15:40:02 E6_simp_cantilever_k80_jacobi64_stencil rc=0 91s
2026-10-04T15:40:40 E6_simp_bridge_k80_mg_ir_stencil rc=0 38s
2026-10-04T15:41:18 E6_simp_bridge_k80_mg64_stencil rc=0 38s
2026-10-04T15:42:54 E6_simp_bridge_k80_jacobi_ir_stencil rc=0 97s
2026-10-04T15:46:55 E6_simp_bridge_k80_jacobi64_stencil rc=0 241s
2026-10-04T15:47:26 E6_simp_torsion_k80_mg_ir_stencil rc=0 31s
2026-10-04T15:47:57 E6_simp_torsion_k80_mg64_stencil rc=0 31s
2026-10-04T15:48:43 E6_simp_torsion_k80_jacobi_ir_stencil rc=0 46s
2026-10-04T15:50:15 E6_simp_torsion_k80_jacobi64_stencil rc=0 92s
2026-10-04T15:50:45 E6_simp_cantilever_k80_mg_ir_spoke rc=0 30s
2026-10-04T15:51:16 E6_simp_cantilever_k80_mg_ir_node_hoist rc=0 31s
2026-10-04T15:51:47 E6_simp_cantilever_k80_mg_ir_node rc=0 31s
2026-10-04T15:52:18 E6_simp_cantilever_k80_mg_ir_elem_atomic rc=0 31s
2026-10-04T15:53:00 E6b_simp_cantilever_k160_mg_ir_stencil rc=0 42s
2026-10-04T15:53:45 E6b_simp_cantilever_k160_mg64_stencil rc=0 44s
2026-10-04T15:56:52 E6b_simp_bridge_k160_mg_ir_stencil rc=0 187s
2026-10-04T15:58:50 E6b_simp_bridge_k160_mg64_stencil rc=0 118s
2026-10-04T15:59:32 E6b_simp_torsion_k160_mg_ir_stencil rc=0 42s
2026-10-04T16:00:17 E6b_simp_torsion_k160_mg64_stencil rc=0 45s
2026-10-04T16:07:21 E6b_simp_cantilever_k160_jacobi_ir_stencil rc=0 424s
2026-10-04T16:10:04 E7_simp_cantilever_k320_mg64_stencil rc=0 163s
2026-10-04T16:12:29 E7_simp_cantilever_k320_mg_ir_stencil rc=0 145s
2026-10-04T16:20:10 E7_simp_bridge_k320_mg64_stencil rc=0 460s
2026-10-04T16:21:16 E7_simp_bridge_k320_mg_ir_stencil rc=1 66s
2026-10-04T16:24:27 E7_simp_torsion_k320_mg64_stencil rc=0 192s
2026-10-04T16:27:24 E7_simp_torsion_k320_mg_ir_stencil rc=0 177s
2026-10-04T16:31:26 E7_simp_cantilever_k384_mg_ir_stencil rc=0 242s
2026-10-04T16:34:51 E7_simp_cantilever_k320_mg64_elem_atomic rc=0 205s
2026-10-04T16:37:57 E7_simp_cantilever_k320_mg64_node rc=0 186s
2026-10-04T16:40:56 E7_simp_cantilever_k320_mg64_spoke rc=0 179s
2026-10-04T16:41:12 E7mem_k160_mg_ir rc=0 15s
2026-10-04T16:41:34 E7mem_k320_mg_ir rc=0 23s
2026-10-04T16:42:00 E7mem_k384_mg_ir rc=0 26s
2026-10-04T16:42:15 E7mem_k160_mg64 rc=0 15s
2026-10-04T16:42:38 E7mem_k320_mg64 rc=0 23s
2026-10-04T16:42:45 E7mem_k384_mg64 rc=0 6s
2026-10-04T16:43:38 E4_k40 rc=0 14s
2026-10-04T16:43:52 E4_k80 rc=0 14s
2026-10-04T16:44:06 E4_k96 rc=0 14s
2026-10-04T16:44:21 E4_k128 rc=0 15s
2026-10-04T16:44:36 E4_k160 rc=0 15s
2026-10-04T16:44:51 E4_k192 rc=0 15s
2026-10-04T16:45:06 E4_k256 rc=0 15s
2026-10-04T16:45:23 E4_k320 rc=0 17s
2026-10-04T16:45:42 E5_cantilever_216k rc=0 19s
2026-10-04T16:45:59 E5_bridge_216k rc=0 17s
2026-10-04T16:46:13 E5_doubleclamp_216k rc=0 14s
2026-10-04T16:47:03 E5_torsion_500k rc=0 51s
2026-10-04T16:47:40 E5_cantilever_1m rc=0 37s
2026-10-04T16:50:35 E5_cantilever_1m_vf01 rc=0 174s
2026-10-04T16:51:19 E5_cantilever_corner_1m_vf01 rc=0 44s
2026-10-04T16:51:40 E5_simp_cantilever_k80_mg_ir_stencil rc=0 21s
2026-10-04T16:52:01 E5_simp_cantilever_k160_mg_ir_stencil rc=0 20s
2026-10-04T16:52:45 E5_simp_bridge_k80_mg_ir_stencil rc=0 45s
2026-10-04T16:53:48 E5_simp_bridge_k160_mg_ir_stencil rc=0 63s
2026-10-04T16:54:17 E5_simp_torsion_k80_mg_ir_stencil rc=0 29s
2026-10-04T16:54:40 E5_simp_torsion_k160_mg_ir_stencil rc=0 23s
2026-10-04T16:56:12 E5_simp_cantilever_k320_mg_ir_stencil rc=0 92s
2026-10-04T16:56:22 E8_k40_uniform rc=0 10s
2026-10-04T16:56:32 E8_k80_uniform rc=0 10s
2026-10-04T16:56:41 E8_k80_design rc=0 10s
2026-10-04T16:57:02 E8_k160_uniform rc=0 21s
2026-10-04T16:57:21 E8_k160_design rc=0 19s
2026-10-04T17:00:31 E8_k320_uniform rc=0 190s
2026-10-04T17:03:03 E8_k320_design rc=0 152s
2026-10-04T17:03:34 E9_simp_cantilever_k80_mg_ir_stencil_rholb1e-3 rc=0 31s
2026-10-04T17:04:10 E9_simp_bridge_k80_mg_ir_stencil_rholb1e-3 rc=0 36s
2026-10-04T17:04:41 E9_simp_torsion_k80_mg_ir_stencil_rholb1e-3 rc=0 31s
2026-10-04T17:05:12 E6rep_simp_cantilever_k80_mg64_stencil_rep2 rc=0 31s
2026-10-04T17:05:42 E6rep_simp_cantilever_k80_mg_ir_stencil_rep2 rc=0 31s
2026-10-04T17:06:29 E6rep_simp_cantilever_k80_jacobi_ir_stencil_rep2 rc=0 47s
2026-10-04T17:07:14 E6rep_simp_cantilever_k160_mg64_stencil_rep2 rc=0 45s
2026-10-04T17:09:56 E6rep_simp_cantilever_k320_mg64_stencil_rep2 rc=0 162s
2026-10-04T17:10:27 E6rep_simp_cantilever_k80_mg64_stencil_rep3 rc=0 30s
2026-10-04T17:10:58 E6rep_simp_cantilever_k80_mg_ir_stencil_rep3 rc=0 31s
2026-10-04T17:11:46 E6rep_simp_cantilever_k80_jacobi_ir_stencil_rep3 rc=0 48s
2026-10-04T17:12:30 E6rep_simp_cantilever_k160_mg64_stencil_rep3 rc=0 44s
2026-10-04T17:15:13 E6rep_simp_cantilever_k320_mg64_stencil_rep3 rc=0 162s
2026-10-04T17:15:51 E5_cantilever_216k rc=0 17s
2026-10-04T17:16:06 E5_bridge_216k rc=0 15s
2026-10-04T17:16:19 E5_doubleclamp_216k rc=0 13s
2026-10-04T17:17:02 E5_torsion_500k rc=0 43s
2026-10-04T17:17:36 E5_cantilever_1m rc=0 34s
2026-10-04T17:20:03 E5_cantilever_1m_vf01 rc=0 147s
2026-10-04T17:20:41 E5_cantilever_corner_1m_vf01 rc=0 38s
2026-10-04T17:21:00 E5_simp_cantilever_k80_mg_ir_stencil rc=0 19s
2026-10-04T17:21:19 E5_simp_cantilever_k160_mg_ir_stencil rc=0 19s
2026-10-04T17:21:57 E5_simp_bridge_k80_mg_ir_stencil rc=0 39s
2026-10-04T17:22:53 E5_simp_bridge_k160_mg_ir_stencil rc=0 56s
2026-10-04T17:23:18 E5_simp_torsion_k80_mg_ir_stencil rc=0 25s
2026-10-04T17:23:40 E5_simp_torsion_k160_mg_ir_stencil rc=0 21s
2026-10-04T17:24:50 E5_simp_cantilever_k320_mg_ir_stencil rc=0 70s
2026-10-04T17:24:59 E8_k40_uniform rc=0 9s
2026-10-04T17:25:08 E8_k80_uniform rc=0 9s
2026-10-04T17:25:18 E8_k80_design rc=0 10s
2026-10-04T17:25:38 E8_k160_uniform rc=0 21s
2026-10-04T17:25:57 E8_k160_design rc=0 19s
2026-10-04T17:29:08 E8_k320_uniform rc=0 191s
2026-10-04T17:31:40 E8_k320_design rc=0 152s
2026-10-04T17:32:59 E5_cantilever_216k rc=0 18s
2026-10-04T17:33:15 E5_bridge_216k rc=0 15s
2026-10-04T17:33:27 E5_doubleclamp_216k rc=0 13s
2026-10-04T17:34:11 E5_torsion_500k rc=0 44s
2026-10-04T17:34:44 E5_cantilever_1m rc=0 33s
2026-10-04T17:37:11 E5_cantilever_1m_vf01 rc=0 147s
2026-10-04T17:37:50 E5_cantilever_corner_1m_vf01 rc=0 38s
2026-10-04T17:38:09 E5_simp_cantilever_k80_mg_ir_stencil rc=0 19s
2026-10-04T17:38:27 E5_simp_cantilever_k160_mg_ir_stencil rc=0 18s
2026-10-04T17:39:06 E5_simp_bridge_k80_mg_ir_stencil rc=0 39s
2026-10-04T17:40:01 E5_simp_bridge_k160_mg_ir_stencil rc=0 56s
2026-10-04T17:40:27 E5_simp_torsion_k80_mg_ir_stencil rc=0 26s
2026-10-04T17:40:48 E5_simp_torsion_k160_mg_ir_stencil rc=0 21s
2026-10-04T17:41:56 E5_simp_cantilever_k320_mg_ir_stencil rc=0 68s
2026-10-04T17:42:05 E8_k40_uniform rc=0 9s
2026-10-04T17:42:15 E8_k80_uniform rc=0 9s
2026-10-04T17:42:24 E8_k80_design rc=0 9s
2026-10-04T17:42:45 E8_k160_uniform rc=0 20s
2026-10-04T17:43:04 E8_k160_design rc=0 19s
2026-10-04T17:46:14 E8_k320_uniform rc=0 191s
2026-10-04T17:48:47 E8_k320_design rc=0 152s
2026-10-04T17:55:44 E7_simp_cantilever_k320_mg64_stencil rc=0 163s
2026-10-04T17:58:09 E7_simp_cantilever_k320_mg_ir_stencil rc=0 145s
2026-10-04T18:05:48 E7_simp_bridge_k320_mg64_stencil rc=0 458s
2026-10-04T18:06:53 E7_simp_bridge_k320_mg_ir_stencil rc=1 65s
2026-10-04T18:10:00 E7_simp_torsion_k320_mg64_stencil rc=0 187s
2026-10-04T18:12:40 E7_simp_torsion_k320_mg_ir_stencil rc=0 160s
2026-10-04T18:16:20 E7_simp_cantilever_k384_mg_ir_stencil rc=0 220s
2026-10-04T18:19:26 E7_simp_cantilever_k320_mg64_elem_atomic rc=0 186s
2026-10-04T18:22:16 E7_simp_cantilever_k320_mg64_node rc=0 170s
2026-10-04T18:24:59 E7_simp_cantilever_k320_mg64_spoke rc=0 163s
2026-10-04T18:25:14 E7mem_k160_mg_ir rc=0 14s
2026-10-04T18:25:35 E7mem_k320_mg_ir rc=0 22s
2026-10-04T18:26:00 E7mem_k384_mg_ir rc=0 25s
2026-10-04T18:26:15 E7mem_k160_mg64 rc=0 15s
2026-10-04T18:26:37 E7mem_k320_mg64 rc=0 22s
2026-10-04T18:26:43 E7mem_k384_mg64 rc=0 6s
2026-10-04T18:27:51 E5_simp_cantilever_k320_mg_ir_stencil rc=0 68s
2026-10-04T18:30:24 E8_k320_design rc=0 153s
2026-10-04T23:03:45 E12_simp_cantilever_k384_mg64_stencil rc=1 474s
2026-10-04T23:08:35 E12_simp_torsion_k384_mg_ir_stencil rc=0 290s
2026-10-04T23:10:20 E12_simp_bridge_k384_mg_ir_stencil rc=1 104s
2026-10-04T23:10:59 E12_simp_cantilever_k160_mg32_rec_stencil rc=0 39s
2026-10-04T23:12:21 E12_simp_bridge_k160_mg32_rec_stencil rc=0 82s
2026-10-04T23:13:01 E12_simp_torsion_k160_mg32_rec_stencil rc=0 40s
2026-10-04T23:15:03 E12_simp_cantilever_k320_mg32_rec_stencil rc=0 122s
2026-10-04T23:15:47 E12_simp_bridge_k320_mg32_rec_stencil rc=1 45s
2026-10-04T23:18:03 E12_simp_torsion_k320_mg32_rec_stencil rc=0 136s
2026-10-04T23:18:12 E8b_k80_uniform_node_hoist rc=0 9s
2026-10-04T23:18:21 E8b_k80_design_node_hoist rc=0 9s
2026-10-04T23:18:31 E8b_k160_uniform_node_hoist rc=0 10s
2026-10-04T23:18:42 E8b_k160_design_node_hoist rc=0 11s
2026-10-04T23:19:03 E8b_k320_uniform_node_hoist rc=0 20s
2026-10-04T23:19:30 E8b_k320_design_node_hoist rc=0 27s
2026-10-04T23:19:39 E8b_k80_uniform_spoke rc=0 9s
2026-10-04T23:19:48 E8b_k80_design_spoke rc=0 9s
2026-10-04T23:19:58 E8b_k160_uniform_spoke rc=0 10s
2026-10-04T23:20:09 E8b_k160_design_spoke rc=0 11s
2026-10-04T23:20:28 E8b_k320_uniform_spoke rc=0 19s
2026-10-04T23:20:54 E8b_k320_design_spoke rc=0 26s
2026-10-04T23:21:03 E8b_k80_uniform_elem_atomic rc=0 9s
2026-10-04T23:21:12 E8b_k80_design_elem_atomic rc=0 9s
2026-10-04T23:21:23 E8b_k160_uniform_elem_atomic rc=0 10s
2026-10-04T23:21:34 E8b_k160_design_elem_atomic rc=0 11s
2026-10-04T23:21:56 E8b_k320_uniform_elem_atomic rc=0 22s
2026-10-04T23:22:27 E8b_k320_design_elem_atomic rc=0 31s
2026-10-05T09:23:22 E15_k80 rc=0 36s
2026-10-05T09:24:00 E15_k160 rc=0 38s
2026-10-05T09:25:29 E15_k320 rc=0 89s
2026-10-05T09:25:38 E13_k40_uniform_stencil_mg32_op64 rc=0 9s
2026-10-05T09:25:47 E13_k40_uniform_stencil_diff_mg32-mg32_x64 rc=0 9s
2026-10-05T09:25:56 E13_k80_uniform_stencil_mg32_op64 rc=0 9s
2026-10-05T09:26:06 E13_k80_uniform_stencil_diff_mg32-mg32_x64 rc=0 9s
2026-10-05T09:26:15 E13_k80_design_stencil_mg32_op64 rc=0 9s
2026-10-05T09:26:24 E13_k80_design_stencil_diff_mg32-mg32_x64 rc=0 9s
2026-10-05T09:26:35 E13_k160_uniform_stencil_mg32_op64 rc=0 11s
2026-10-05T09:26:46 E13_k160_uniform_stencil_diff_mg32-mg32_x64 rc=0 11s
2026-10-05T09:27:21 E13_k160_design_stencil_mg32_op64 rc=0 12s
2026-10-05T09:27:33 E13_k160_design_stencil_diff_mg32-mg32_x64 rc=0 12s
2026-10-05T09:28:00 E13_k320_uniform_stencil_mg32_op64 rc=0 27s
2026-10-05T09:28:23 E13_k320_uniform_stencil_diff_mg32-mg32_x64 rc=0 23s
2026-10-05T09:28:53 E13_k320_design_stencil_mg32_op64 rc=0 30s
2026-10-05T09:29:24 E13_k320_design_stencil_diff_mg32-mg32_x64 rc=0 31s
2026-10-05T09:30:14 E14_simp_cantilever_k160_mg32_rec64_stencil rc=0 50s
2026-10-05T09:30:57 E14_simp_cantilever_k160_mg32_rec_stencil_diff rc=0 43s
2026-10-05T09:33:02 E14_simp_bridge_k160_mg32_rec64_stencil rc=0 125s
2026-10-05T09:34:27 E14_simp_bridge_k160_mg32_rec_stencil_diff rc=0 85s
2026-10-05T09:35:17 E14_simp_torsion_k160_mg32_rec64_stencil rc=0 50s
2026-10-05T09:36:00 E14_simp_torsion_k160_mg32_rec_stencil_diff rc=0 43s
2026-10-05T09:39:14 E14_simp_cantilever_k320_mg32_rec64_stencil rc=0 195s
2026-10-05T09:41:34 E14_simp_cantilever_k320_mg32_rec_stencil_diff rc=0 139s
2026-10-05T09:49:47 E14_simp_bridge_k320_mg32_rec64_stencil rc=0 493s
2026-10-05T09:54:37 E14_simp_bridge_k320_mg32_rec_stencil_diff rc=0 290s
2026-10-05T09:58:23 E14_simp_torsion_k320_mg32_rec64_stencil rc=0 226s
2026-10-05T10:01:06 E14_simp_torsion_k320_mg32_rec_stencil_diff rc=0 163s
2026-10-05T10:08:50 E16_simp_bridge_k320_mg_ir_stencil_diff rc=0 454s
2026-10-05T10:25:27 E16_simp_bridge_k384_mg_ir_stencil_diff rc=0 997s
2026-10-05T11:17:42 E17_simp_cantilever_k320_mg64_stencil_op64-node_hoist rc=0 162s
2026-10-05T11:20:40 E17_simp_cantilever_k320_mg64_stencil_op64-stencil rc=0 179s
2026-10-05T11:23:23 E17_simp_cantilever_k320_mg64_stencil_op64-elem_atomic rc=0 163s
2026-10-08T12:32:26 E20_k40_uniform rc=0 9s
2026-10-08T12:32:35 E20_k80_uniform rc=0 9s
2026-10-08T12:32:46 E20_k160_uniform rc=0 10s
2026-10-08T12:33:09 E20_k320_uniform rc=0 23s
2026-10-08T12:33:18 E20_k80_design rc=0 9s
2026-10-08T12:33:30 E20_k160_design rc=0 11s
2026-10-08T12:33:56 E20_k320_design rc=0 26s
2026-10-08T12:34:35 E19_torsion rc=0 39s
2026-10-08T12:38:20 E19_simp_cantilever_k384_mg_ir_stencil rc=0 226s
2026-10-08T12:38:48 E19_cantilever rc=0 28s
2026-10-08T12:39:16 E11b_k320 rc=0 28s
2026-10-08T12:39:19 E21_simp_cantilever_k320_mg64_stencil rc=0 3s
2026-10-08T12:39:22 E21_simp_cantilever_k320_mg_ir_stencil rc=0 3s
2026-10-08T12:41:29 E23_simp_cantilever_k384_mg64_stencil_asyncpool rc=1 127s
2026-10-08T12:43:55 E18_simp_cantilever_k320_mg_ir_stencil rc=0 146s
2026-10-08T12:46:58 E18_simp_cantilever_k320_mg_ir_elem_atomic rc=0 183s
2026-10-08T12:50:07 E18_simp_torsion_k320_mg64_stencil rc=0 189s
2026-10-08T12:53:44 E18_simp_torsion_k320_mg64_elem_atomic rc=0 216s
2026-10-08T13:01:30 E18_simp_bridge_k320_mg64_stencil rc=0 467s
2026-10-08T13:10:42 E18_simp_bridge_k320_mg64_elem_atomic rc=0 552s
2026-10-08T13:11:17 E22_k80 rc=0 35s
2026-10-08T13:11:54 E22_k160 rc=0 37s
2026-10-08T13:13:11 E22_k320 rc=0 77s
2026-10-08T13:40:22 E25_simp_cantilever_k320_mg_ir_stencil rc=0 146s
2026-10-08T13:42:50 E25_simp_cantilever_k320_mg_ir_stencil_diff rc=0 147s
2026-10-08T13:45:31 E25_simp_torsion_k320_mg_ir_stencil rc=0 161s
2026-10-08T13:48:14 E25_simp_torsion_k320_mg_ir_stencil_diff rc=0 163s
2026-10-08T13:54:20 E25_simp_bridge_k320_mg_ir_stencil_diff rc=0 365s
2026-10-08T14:23:38 E26_inner_diff rc=0 364s
2026-10-08T14:24:44 E26_vcycle_diff rc=1 67s
2026-10-08T14:25:17 E26_emin1e-6 rc=1 32s
2026-10-08T14:32:16 E27_simp_cantilever_k320_mg64_stencil_200it rc=0 299s
2026-10-08T14:37:50 E27_simp_cantilever_k320_mg64_elem_atomic_200it rc=0 334s
